[ { game_found:
     { Type: 102,
       PlayerNumber: 5,
       Hacker: false,
       GuyRole: 10,
       HackersAmount: 2,
       MissionInfo: [ 2, 3, 2, 3, 3 ],
       MissionMinhacks: [ 1, 1, 1, 1, 1 ],
       Hackers: [],
       MatchType: 4,
       FirstPlayer: 0,
       Map: 51,
       Options:
        { GameMode: 0,
          MaxPlayers: 5,
          Visibility: 0,
          NamingConvention: 1,
          HammerEnabled: true,
          SkipTalkingPhaseEnabled: true,
          MapPickOption: 0,
          Maps: [] },
       VoiceChat: false,
       VoiceChatName: '.41731_0.',
       VoiceChatChannel: 'channel_41731',
       timestamp: 2020-05-11T05:28:08.000Z },
    players:
     { '0':
        { Type: 202,
          Slot: 0,
          Color: 4,
          Username: 'Harry',
          Female: false,
          IsLocal: true,
          Skin: 'skin_default',
          timestamp: 2020-05-11T05:28:08.000Z,
          chat:
           [ 0,
             1,
             2,
             6,
             10,
             12,
             15,
             17,
             21,
             25,
             32,
             34,
             42,
             48,
             52,
             56,
             57,
             75,
             83,
             87,
             91,
             101,
             122,
             127,
             130,
             133,
             139,
             146,
             147,
             155,
             160,
             161,
             165,
             171,
             176,
             189,
             190,
             194,
             200,
             215,
             216,
             218,
             221,
             226,
             228,
             229,
             233,
             236,
             245,
             255,
             257,
             263,
             266,
             271,
             279,
             289,
             293,
             298,
             303,
             306 ],
          proposals:
           { '1':
              [ { Type: 304,
                  Player: 0,
                  NextPlayer: 1,
                  Amount: 2,
                  Duration: 60000,
                  Mission: 1,
                  timestamp: 2020-05-11T05:28:58.000Z,
                  propNumber: 1,
                  Proposer: 0,
                  SelectedTeam: [ 0, 3 ],
                  Passed: false,
                  deltaT: 13000,
                  chatIndex: 11,
                  vote_phase_start:
                   { Type: 306,
                     Proposer: 0,
                     Players: [ 0, 3 ],
                     Duration: 60000,
                     timestamp: 2020-05-11T05:28:58.000Z },
                  vote_made:
                   { '0':
                      { Type: 309,
                        Slot: 0,
                        timestamp: 2020-05-11T05:28:58.000Z,
                        deltaT: 0 },
                     '1':
                      { Type: 309,
                        Slot: 1,
                        timestamp: 2020-05-11T05:29:01.000Z,
                        deltaT: 3000 },
                     '2':
                      { Type: 309,
                        Slot: 2,
                        timestamp: 2020-05-11T05:29:00.000Z,
                        deltaT: 2000 },
                     '3':
                      { Type: 309,
                        Slot: 3,
                        timestamp: 2020-05-11T05:29:03.000Z,
                        deltaT: 5000 },
                     '4':
                      { Type: 309,
                        Slot: 4,
                        timestamp: 2020-05-11T05:28:59.000Z,
                        deltaT: 1000 } },
                  vote_phase_end:
                   { Type: 307,
                     VotesFor: [ 0 ],
                     VotesAgainst: [ 4, 2, 1, 3 ],
                     Passed: false,
                     timestamp: 2020-05-11T05:29:03.000Z,
                     deltaT: 5000,
                     chatIndex: 12 } } ],
             '2':
              [ { Type: 304,
                  Player: 0,
                  NextPlayer: 1,
                  Amount: 3,
                  Duration: 60000,
                  Mission: 2,
                  timestamp: 2020-05-11T05:31:48.000Z,
                  propNumber: 1,
                  Proposer: 0,
                  SelectedTeam: [ 0, 2, 4 ],
                  Passed: false,
                  deltaT: 3000,
                  chatIndex: 43,
                  vote_phase_start:
                   { Type: 306,
                     Proposer: 0,
                     Players: [ 0, 2, 4 ],
                     Duration: 60000,
                     timestamp: 2020-05-11T05:31:48.000Z },
                  vote_made:
                   { '0':
                      { Type: 309,
                        Slot: 0,
                        timestamp: 2020-05-11T05:31:50.000Z,
                        deltaT: 2000 },
                     '1':
                      { Type: 309,
                        Slot: 1,
                        timestamp: 2020-05-11T05:32:03.000Z,
                        deltaT: 15000 },
                     '2':
                      { Type: 309,
                        Slot: 2,
                        timestamp: 2020-05-11T05:31:59.000Z,
                        deltaT: 11000 },
                     '3':
                      { Type: 309,
                        Slot: 3,
                        timestamp: 2020-05-11T05:32:01.000Z,
                        deltaT: 13000 },
                     '4':
                      { Type: 309,
                        Slot: 4,
                        timestamp: 2020-05-11T05:31:51.000Z,
                        deltaT: 3000 } },
                  vote_phase_end:
                   { Type: 307,
                     VotesFor: [ 0 ],
                     VotesAgainst: [ 4, 2, 3, 1 ],
                     Passed: false,
                     timestamp: 2020-05-11T05:32:03.000Z,
                     deltaT: 15000,
                     chatIndex: 48 } },
                { Type: 304,
                  Player: 0,
                  NextPlayer: 1,
                  Amount: 3,
                  Duration: 60000,
                  Mission: 2,
                  timestamp: 2020-05-11T05:36:50.000Z,
                  propNumber: 4,
                  Proposer: 0,
                  SelectedTeam: [ 0, 2, 4 ],
                  Passed: false,
                  deltaT: 16000,
                  chatIndex: 120,
                  vote_phase_start:
                   { Type: 306,
                     Proposer: 0,
                     Players: [ 0, 2, 4 ],
                     Duration: 60000,
                     timestamp: 2020-05-11T05:36:50.000Z },
                  vote_made:
                   { '0':
                      { Type: 309,
                        Slot: 0,
                        timestamp: 2020-05-11T05:36:51.000Z,
                        deltaT: 1000 },
                     '1':
                      { Type: 309,
                        Slot: 1,
                        timestamp: 2020-05-11T05:36:52.000Z,
                        deltaT: 2000 },
                     '2':
                      { Type: 309,
                        Slot: 2,
                        timestamp: 2020-05-11T05:37:43.000Z,
                        deltaT: 53000 },
                     '3':
                      { Type: 309,
                        Slot: 3,
                        timestamp: 2020-05-11T05:37:11.000Z,
                        deltaT: 21000 },
                     '4':
                      { Type: 309,
                        Slot: 4,
                        timestamp: 2020-05-11T05:36:54.000Z,
                        deltaT: 4000 } },
                  vote_phase_end:
                   { Type: 307,
                     VotesFor: [],
                     VotesAgainst: [ 0, 1, 4, 3, 2 ],
                     Passed: false,
                     timestamp: 2020-05-11T05:37:43.000Z,
                     deltaT: 53000,
                     chatIndex: 132 } } ],
             '3':
              [ { Type: 304,
                  Player: 0,
                  NextPlayer: 1,
                  Amount: 2,
                  Duration: 60000,
                  Mission: 3,
                  timestamp: 2020-05-11T05:42:06.000Z,
                  propNumber: 1,
                  Proposer: 0,
                  SelectedTeam: [ 0, 2 ],
                  Passed: false,
                  deltaT: 15000,
                  chatIndex: 185,
                  vote_phase_start:
                   { Type: 306,
                     Proposer: 0,
                     Players: [ 0, 2 ],
                     Duration: 60000,
                     timestamp: 2020-05-11T05:42:06.000Z },
                  vote_made:
                   { '0':
                      { Type: 309,
                        Slot: 0,
                        timestamp: 2020-05-11T05:42:06.000Z,
                        deltaT: 0 },
                     '1':
                      { Type: 309,
                        Slot: 1,
                        timestamp: 2020-05-11T05:42:08.000Z,
                        deltaT: 2000 },
                     '2':
                      { Type: 309,
                        Slot: 2,
                        timestamp: 2020-05-11T05:42:10.000Z,
                        deltaT: 4000 },
                     '3':
                      { Type: 309,
                        Slot: 3,
                        timestamp: 2020-05-11T05:42:21.000Z,
                        deltaT: 15000 },
                     '4':
                      { Type: 309,
                        Slot: 4,
                        timestamp: 2020-05-11T05:42:58.000Z,
                        deltaT: 52000 } },
                  vote_phase_end:
                   { Type: 307,
                     VotesFor: [],
                     VotesAgainst: [ 0, 1, 2, 3, 4 ],
                     Passed: false,
                     timestamp: 2020-05-11T05:42:58.000Z,
                     deltaT: 52000,
                     chatIndex: 196 } },
                { Type: 304,
                  Player: 0,
                  NextPlayer: 1,
                  Amount: 2,
                  Duration: 60000,
                  Mission: 3,
                  timestamp: 2020-05-11T05:44:51.000Z,
                  propNumber: 3,
                  Proposer: 0,
                  SelectedTeam: [],
                  Passed: true,
                  deltaT: 3000,
                  chatIndex: 221 },
                { Type: 304,
                  Player: 0,
                  NextPlayer: 1,
                  Amount: 2,
                  Duration: 60000,
                  Mission: 3,
                  timestamp: 2020-05-11T05:45:24.000Z,
                  propNumber: 3,
                  Proposer: 0,
                  SelectedTeam: [],
                  Passed: true,
                  deltaT: 3000,
                  chatIndex: 227 },
                { Type: 304,
                  Player: 0,
                  NextPlayer: 1,
                  Amount: 2,
                  Duration: 60000,
                  Mission: 3,
                  timestamp: 2020-05-11T05:46:29.000Z,
                  propNumber: 3,
                  Proposer: 0,
                  SelectedTeam: [],
                  Passed: true,
                  deltaT: 2000,
                  chatIndex: 250 },
                { Type: 304,
                  Player: 0,
                  NextPlayer: 1,
                  Amount: 2,
                  Duration: 60000,
                  Mission: 3,
                  timestamp: 2020-05-11T05:49:06.000Z,
                  propNumber: 5,
                  Proposer: 0,
                  SelectedTeam: [ 0, 3 ],
                  Passed: false,
                  deltaT: 2000,
                  chatIndex: 301,
                  vote_phase_start:
                   { Type: 306,
                     Proposer: 0,
                     Players: [ 0, 3 ],
                     Duration: 60000,
                     timestamp: 2020-05-11T05:49:06.000Z },
                  vote_made:
                   { '0':
                      { Type: 309,
                        Slot: 0,
                        timestamp: 2020-05-11T05:49:07.000Z,
                        deltaT: 1000 },
                     '1':
                      { Type: 309,
                        Slot: 1,
                        timestamp: 2020-05-11T05:49:11.000Z,
                        deltaT: 5000 },
                     '2':
                      { Type: 309,
                        Slot: 2,
                        timestamp: 2020-05-11T05:49:25.000Z,
                        deltaT: 19000 },
                     '3':
                      { Type: 309,
                        Slot: 3,
                        timestamp: 2020-05-11T05:49:29.000Z,
                        deltaT: 23000 },
                     '4':
                      { Type: 309,
                        Slot: 4,
                        timestamp: 2020-05-11T05:49:25.000Z,
                        deltaT: 19000 } },
                  vote_phase_end:
                   { Type: 307,
                     VotesFor: [ 0, 1, 2 ],
                     VotesAgainst: [ 4, 3 ],
                     Passed: true,
                     timestamp: 2020-05-11T05:49:29.000Z,
                     deltaT: 23000,
                     chatIndex: 312 } } ] } },
       '1':
        { Type: 202,
          Slot: 1,
          Color: 5,
          Username: 'Bogdan',
          Female: false,
          IsLocal: false,
          Skin: 'skin_default',
          timestamp: 2020-05-11T05:28:08.000Z,
          chat:
           [ 7,
             16,
             24,
             27,
             46,
             58,
             69,
             72,
             77,
             81,
             95,
             100,
             125,
             134,
             149,
             169,
             173,
             178,
             182,
             188,
             192,
             199,
             205,
             212,
             222,
             244,
             250,
             259,
             261,
             265,
             287 ],
          proposals:
           { '1':
              [ { Type: 304,
                  Player: 1,
                  NextPlayer: 2,
                  Amount: 2,
                  Duration: 60000,
                  Mission: 1,
                  timestamp: 2020-05-11T05:29:11.000Z,
                  propNumber: 2,
                  Proposer: 1,
                  SelectedTeam: [ 1, 3 ],
                  Passed: false,
                  deltaT: 3000,
                  chatIndex: 13,
                  vote_phase_start:
                   { Type: 306,
                     Proposer: 1,
                     Players: [ 1, 3 ],
                     Duration: 60000,
                     timestamp: 2020-05-11T05:29:11.000Z },
                  vote_made:
                   { '0':
                      { Type: 309,
                        Slot: 0,
                        timestamp: 2020-05-11T05:29:12.000Z,
                        deltaT: 1000 },
                     '1':
                      { Type: 309,
                        Slot: 1,
                        timestamp: 2020-05-11T05:29:12.000Z,
                        deltaT: 1000 },
                     '2':
                      { Type: 309,
                        Slot: 2,
                        timestamp: 2020-05-11T05:29:13.000Z,
                        deltaT: 2000 },
                     '3':
                      { Type: 309,
                        Slot: 3,
                        timestamp: 2020-05-11T05:29:24.000Z,
                        deltaT: 13000 },
                     '4':
                      { Type: 309,
                        Slot: 4,
                        timestamp: 2020-05-11T05:29:15.000Z,
                        deltaT: 4000 } },
                  vote_phase_end:
                   { Type: 307,
                     VotesFor: [ 1 ],
                     VotesAgainst: [ 0, 2, 4, 3 ],
                     Passed: false,
                     timestamp: 2020-05-11T05:29:24.000Z,
                     deltaT: 13000,
                     chatIndex: 16 } } ],
             '2':
              [ { Type: 304,
                  Player: 1,
                  NextPlayer: 2,
                  Amount: 3,
                  Duration: 60000,
                  Mission: 2,
                  timestamp: 2020-05-11T05:32:09.000Z,
                  propNumber: 2,
                  Proposer: 1,
                  SelectedTeam: [],
                  Passed: true,
                  deltaT: 1000,
                  chatIndex: 51 },
                { Type: 304,
                  Player: 1,
                  NextPlayer: 2,
                  Amount: 3,
                  Duration: 60000,
                  Mission: 2,
                  timestamp: 2020-05-11T05:38:36.000Z,
                  propNumber: 5,
                  Proposer: 1,
                  SelectedTeam: [ 1, 2, 3 ],
                  Passed: false,
                  deltaT: 48000,
                  chatIndex: 146,
                  vote_phase_start:
                   { Type: 306,
                     Proposer: 1,
                     Players: [ 1, 2, 3 ],
                     Duration: 60000,
                     timestamp: 2020-05-11T05:38:36.000Z },
                  vote_made:
                   { '0':
                      { Type: 309,
                        Slot: 0,
                        timestamp: 2020-05-11T05:38:39.000Z,
                        deltaT: 3000 },
                     '1':
                      { Type: 309,
                        Slot: 1,
                        timestamp: 2020-05-11T05:38:37.000Z,
                        deltaT: 1000 },
                     '2':
                      { Type: 309,
                        Slot: 2,
                        timestamp: 2020-05-11T05:38:41.000Z,
                        deltaT: 5000 },
                     '3':
                      { Type: 309,
                        Slot: 3,
                        timestamp: 2020-05-11T05:38:38.000Z,
                        deltaT: 2000 },
                     '4':
                      { Type: 309,
                        Slot: 4,
                        timestamp: 2020-05-11T05:39:17.000Z,
                        deltaT: 41000 } },
                  vote_phase_end:
                   { Type: 307,
                     VotesFor: [ 1, 3, 0, 2, 4 ],
                     VotesAgainst: [],
                     Passed: true,
                     timestamp: 2020-05-11T05:39:17.000Z,
                     deltaT: 41000,
                     chatIndex: 159 } } ],
             '3':
              [ { Type: 304,
                  Player: 1,
                  NextPlayer: 2,
                  Amount: 2,
                  Duration: 60000,
                  Mission: 3,
                  timestamp: 2020-05-11T05:43:22.000Z,
                  propNumber: 2,
                  Proposer: 1,
                  SelectedTeam: [],
                  Passed: true,
                  deltaT: 19000,
                  chatIndex: 202 },
                { Type: 304,
                  Player: 1,
                  NextPlayer: 2,
                  Amount: 2,
                  Duration: 60000,
                  Mission: 3,
                  timestamp: 2020-05-11T05:44:53.000Z,
                  propNumber: 3,
                  Proposer: 1,
                  SelectedTeam: [],
                  Passed: true,
                  deltaT: 2000,
                  chatIndex: 221 },
                { Type: 304,
                  Player: 1,
                  NextPlayer: 2,
                  Amount: 2,
                  Duration: 60000,
                  Mission: 3,
                  timestamp: 2020-05-11T05:45:26.000Z,
                  propNumber: 3,
                  Proposer: 1,
                  SelectedTeam: [],
                  Passed: true,
                  deltaT: 2000,
                  chatIndex: 227 },
                { Type: 304,
                  Player: 1,
                  NextPlayer: 2,
                  Amount: 2,
                  Duration: 60000,
                  Mission: 3,
                  timestamp: 2020-05-11T05:46:37.000Z,
                  propNumber: 3,
                  Proposer: 1,
                  SelectedTeam: [],
                  Passed: true,
                  deltaT: 8000,
                  chatIndex: 252 } ] } },
       '2':
        { Type: 202,
          Slot: 2,
          Color: 3,
          Username: 'Appa',
          Female: false,
          IsLocal: false,
          Skin: 'skin_default',
          timestamp: 2020-05-11T05:28:08.000Z,
          chat:
           [ 5,
             18,
             19,
             29,
             37,
             44,
             50,
             54,
             60,
             61,
             71,
             73,
             74,
             76,
             79,
             84,
             86,
             88,
             90,
             92,
             94,
             96,
             102,
             103,
             107,
             109,
             110,
             112,
             114,
             116,
             119,
             121,
             126,
             128,
             129,
             131,
             136,
             143,
             145,
             154,
             164,
             170,
             175,
             181,
             183,
             191,
             196,
             201,
             203,
             204,
             209,
             213,
             217,
             220,
             227,
             230,
             237,
             238,
             239,
             240,
             242,
             248,
             251,
             254,
             262,
             264,
             267,
             270,
             272,
             274,
             275,
             278,
             280,
             281,
             283,
             284,
             290,
             294,
             297,
             302,
             304,
             307,
             309,
             310,
             311,
             312 ],
          proposals:
           { '1':
              [ { Type: 304,
                  Player: 2,
                  NextPlayer: 3,
                  Amount: 2,
                  Duration: 60000,
                  Mission: 1,
                  timestamp: 2020-05-11T05:29:39.000Z,
                  propNumber: 3,
                  Proposer: 2,
                  SelectedTeam: [ 2, 3 ],
                  Passed: false,
                  deltaT: 10000,
                  chatIndex: 22,
                  vote_phase_start:
                   { Type: 306,
                     Proposer: 2,
                     Players: [ 2, 3 ],
                     Duration: 60000,
                     timestamp: 2020-05-11T05:29:39.000Z },
                  vote_made:
                   { '0':
                      { Type: 309,
                        Slot: 0,
                        timestamp: 2020-05-11T05:29:42.000Z,
                        deltaT: 3000 },
                     '1':
                      { Type: 309,
                        Slot: 1,
                        timestamp: 2020-05-11T05:29:41.000Z,
                        deltaT: 2000 },
                     '2':
                      { Type: 309,
                        Slot: 2,
                        timestamp: 2020-05-11T05:29:39.000Z,
                        deltaT: 0 },
                     '3':
                      { Type: 309,
                        Slot: 3,
                        timestamp: 2020-05-11T05:29:42.000Z,
                        deltaT: 3000 },
                     '4':
                      { Type: 309,
                        Slot: 4,
                        timestamp: 2020-05-11T05:29:56.000Z,
                        deltaT: 17000 } },
                  vote_phase_end:
                   { Type: 307,
                     VotesFor: [],
                     VotesAgainst: [ 2, 1, 3, 0, 4 ],
                     Passed: false,
                     timestamp: 2020-05-11T05:29:56.000Z,
                     deltaT: 17000,
                     chatIndex: 25 } } ],
             '2':
              [ { Type: 304,
                  Player: 2,
                  NextPlayer: 3,
                  Amount: 3,
                  Duration: 60000,
                  Mission: 2,
                  timestamp: 2020-05-11T05:33:02.000Z,
                  propNumber: 2,
                  Proposer: 2,
                  SelectedTeam: [],
                  Passed: true,
                  deltaT: 53000,
                  chatIndex: 68 } ],
             '3':
              [ { Type: 304,
                  Player: 2,
                  NextPlayer: 3,
                  Amount: 2,
                  Duration: 60000,
                  Mission: 3,
                  timestamp: 2020-05-11T05:41:05.000Z,
                  propNumber: 1,
                  Proposer: 2,
                  SelectedTeam: [],
                  Passed: true,
                  deltaT: 32000,
                  chatIndex: 175 },
                { Type: 304,
                  Player: 2,
                  NextPlayer: 3,
                  Amount: 2,
                  Duration: 60000,
                  Mission: 3,
                  timestamp: 2020-05-11T05:43:33.000Z,
                  propNumber: 2,
                  Proposer: 2,
                  SelectedTeam: [ 0, 2 ],
                  Passed: false,
                  deltaT: 11000,
                  chatIndex: 204,
                  vote_phase_start:
                   { Type: 306,
                     Proposer: 2,
                     Players: [ 0, 2 ],
                     Duration: 60000,
                     timestamp: 2020-05-11T05:43:33.000Z },
                  vote_made:
                   { '0':
                      { Type: 309,
                        Slot: 0,
                        timestamp: 2020-05-11T05:43:35.000Z,
                        deltaT: 2000 },
                     '1':
                      { Type: 309,
                        Slot: 1,
                        timestamp: 2020-05-11T05:43:56.000Z,
                        deltaT: 23000 },
                     '2':
                      { Type: 309,
                        Slot: 2,
                        timestamp: 2020-05-11T05:43:34.000Z,
                        deltaT: 1000 },
                     '3':
                      { Type: 309,
                        Slot: 3,
                        timestamp: 2020-05-11T05:43:35.000Z,
                        deltaT: 2000 },
                     '4':
                      { Type: 309,
                        Slot: 4,
                        timestamp: 2020-05-11T05:43:35.000Z,
                        deltaT: 2000 } },
                  vote_phase_end:
                   { Type: 307,
                     VotesFor: [],
                     VotesAgainst: [ 2, 3, 0, 4, 1 ],
                     Passed: false,
                     timestamp: 2020-05-11T05:43:56.000Z,
                     deltaT: 23000,
                     chatIndex: 206 } },
                { Type: 304,
                  Player: 2,
                  NextPlayer: 3,
                  Amount: 2,
                  Duration: 60000,
                  Mission: 3,
                  timestamp: 2020-05-11T05:44:58.000Z,
                  propNumber: 3,
                  Proposer: 2,
                  SelectedTeam: [],
                  Passed: true,
                  deltaT: 5000,
                  chatIndex: 221 },
                { Type: 304,
                  Player: 2,
                  NextPlayer: 3,
                  Amount: 2,
                  Duration: 60000,
                  Mission: 3,
                  timestamp: 2020-05-11T05:45:30.000Z,
                  propNumber: 3,
                  Proposer: 2,
                  SelectedTeam: [],
                  Passed: true,
                  deltaT: 4000,
                  chatIndex: 228 },
                { Type: 304,
                  Player: 2,
                  NextPlayer: 3,
                  Amount: 2,
                  Duration: 60000,
                  Mission: 3,
                  timestamp: 2020-05-11T05:47:22.000Z,
                  propNumber: 3,
                  Proposer: 2,
                  SelectedTeam: [],
                  Passed: true,
                  deltaT: 45000,
                  chatIndex: 273 } ] } },
       '3':
        { Type: 202,
          Slot: 3,
          Color: 1,
          Username: 'Logan',
          Female: false,
          IsLocal: false,
          Skin: 'skin_default',
          timestamp: 2020-05-11T05:28:08.000Z,
          chat:
           [ 4,
             8,
             9,
             11,
             13,
             14,
             20,
             26,
             28,
             33,
             36,
             38,
             41,
             43,
             45,
             51,
             53,
             55,
             59,
             62,
             64,
             65,
             66,
             68,
             70,
             82,
             89,
             93,
             97,
             98,
             104,
             105,
             106,
             108,
             111,
             117,
             118,
             120,
             123,
             124,
             132,
             135,
             137,
             140,
             141,
             142,
             144,
             151,
             153,
             156,
             159,
             162,
             166,
             167,
             172,
             179,
             184,
             185,
             187,
             195,
             197,
             198,
             202,
             207,
             208,
             210,
             214,
             219,
             223,
             224,
             225,
             231,
             232,
             234,
             235,
             241,
             246,
             247,
             249,
             252,
             253,
             256,
             258,
             268,
             269,
             276,
             277,
             282,
             285,
             286,
             288,
             292,
             295,
             296,
             299,
             300 ],
          proposals:
           { '1':
              [ { Type: 304,
                  Player: 3,
                  NextPlayer: 4,
                  Amount: 2,
                  Duration: 60000,
                  Mission: 1,
                  timestamp: 2020-05-11T05:30:21.000Z,
                  propNumber: 4,
                  Proposer: 3,
                  SelectedTeam: [ 3, 4 ],
                  Passed: false,
                  deltaT: 20000,
                  chatIndex: 27,
                  vote_phase_start:
                   { Type: 306,
                     Proposer: 3,
                     Players: [ 3, 4 ],
                     Duration: 60000,
                     timestamp: 2020-05-11T05:30:21.000Z },
                  vote_made:
                   { '0':
                      { Type: 309,
                        Slot: 0,
                        timestamp: 2020-05-11T05:30:22.000Z,
                        deltaT: 1000 },
                     '1':
                      { Type: 309,
                        Slot: 1,
                        timestamp: 2020-05-11T05:30:29.000Z,
                        deltaT: 8000 },
                     '2':
                      { Type: 309,
                        Slot: 2,
                        timestamp: 2020-05-11T05:30:23.000Z,
                        deltaT: 2000 },
                     '3':
                      { Type: 309,
                        Slot: 3,
                        timestamp: 2020-05-11T05:30:21.000Z,
                        deltaT: 0 },
                     '4':
                      { Type: 309,
                        Slot: 4,
                        timestamp: 2020-05-11T05:30:24.000Z,
                        deltaT: 3000 } },
                  vote_phase_end:
                   { Type: 307,
                     VotesFor: [],
                     VotesAgainst: [ 3, 0, 2, 4, 1 ],
                     Passed: false,
                     timestamp: 2020-05-11T05:30:29.000Z,
                     deltaT: 8000,
                     chatIndex: 28 } } ],
             '2':
              [ { Type: 304,
                  Player: 3,
                  NextPlayer: 4,
                  Amount: 3,
                  Duration: 60000,
                  Mission: 2,
                  timestamp: 2020-05-11T05:33:56.000Z,
                  propNumber: 2,
                  Proposer: 3,
                  SelectedTeam: [ 0, 1, 3 ],
                  Passed: false,
                  deltaT: 54000,
                  chatIndex: 79,
                  vote_phase_start:
                   { Type: 306,
                     Proposer: 3,
                     Players: [ 0, 1, 3 ],
                     Duration: 60000,
                     timestamp: 2020-05-11T05:33:56.000Z },
                  vote_made:
                   { '0':
                      { Type: 309,
                        Slot: 0,
                        timestamp: 2020-05-11T05:34:27.000Z,
                        deltaT: 31000 },
                     '1':
                      { Type: 309,
                        Slot: 1,
                        timestamp: 2020-05-11T05:34:05.000Z,
                        deltaT: 9000 },
                     '2':
                      { Type: 309,
                        Slot: 2,
                        timestamp: 2020-05-11T05:34:35.000Z,
                        deltaT: 39000 },
                     '3':
                      { Type: 309,
                        Slot: 3,
                        timestamp: 2020-05-11T05:34:32.000Z,
                        deltaT: 36000 },
                     '4':
                      { Type: 309,
                        Slot: 4,
                        timestamp: 2020-05-11T05:34:16.000Z,
                        deltaT: 20000 } },
                  vote_phase_end:
                   { Type: 307,
                     VotesFor: [],
                     VotesAgainst: [ 1, 4, 0, 3, 2 ],
                     Passed: false,
                     timestamp: 2020-05-11T05:34:35.000Z,
                     deltaT: 39000,
                     chatIndex: 93 } } ],
             '3':
              [ { Type: 304,
                  Player: 3,
                  NextPlayer: 4,
                  Amount: 2,
                  Duration: 60000,
                  Mission: 3,
                  timestamp: 2020-05-11T05:41:43.000Z,
                  propNumber: 1,
                  Proposer: 3,
                  SelectedTeam: [],
                  Passed: true,
                  deltaT: 38000,
                  chatIndex: 182 },
                { Type: 304,
                  Player: 3,
                  NextPlayer: 4,
                  Amount: 2,
                  Duration: 60000,
                  Mission: 3,
                  timestamp: 2020-05-11T05:44:40.000Z,
                  propNumber: 3,
                  Proposer: 3,
                  SelectedTeam: [],
                  Passed: true,
                  deltaT: 39000,
                  chatIndex: 215 },
                { Type: 304,
                  Player: 3,
                  NextPlayer: 4,
                  Amount: 2,
                  Duration: 60000,
                  Mission: 3,
                  timestamp: 2020-05-11T05:45:17.000Z,
                  propNumber: 3,
                  Proposer: 3,
                  SelectedTeam: [],
                  Passed: true,
                  deltaT: 19000,
                  chatIndex: 225 },
                { Type: 304,
                  Player: 3,
                  NextPlayer: 4,
                  Amount: 2,
                  Duration: 60000,
                  Mission: 3,
                  timestamp: 2020-05-11T05:46:03.000Z,
                  propNumber: 3,
                  Proposer: 3,
                  SelectedTeam: [],
                  Passed: true,
                  deltaT: 33000,
                  chatIndex: 242 },
                { Type: 304,
                  Player: 3,
                  NextPlayer: 4,
                  Amount: 2,
                  Duration: 60000,
                  Mission: 3,
                  timestamp: 2020-05-11T05:47:43.000Z,
                  propNumber: 3,
                  Proposer: 3,
                  SelectedTeam: [ 0, 3 ],
                  Passed: false,
                  deltaT: 21000,
                  chatIndex: 278,
                  vote_phase_start:
                   { Type: 306,
                     Proposer: 3,
                     Players: [ 0, 3 ],
                     Duration: 60000,
                     timestamp: 2020-05-11T05:47:43.000Z },
                  vote_made:
                   { '0':
                      { Type: 309,
                        Slot: 0,
                        timestamp: 2020-05-11T05:47:47.000Z,
                        deltaT: 4000 },
                     '1':
                      { Type: 309,
                        Slot: 1,
                        timestamp: 2020-05-11T05:47:46.000Z,
                        deltaT: 3000 },
                     '2':
                      { Type: 309,
                        Slot: 2,
                        timestamp: 2020-05-11T05:47:54.000Z,
                        deltaT: 11000 },
                     '3':
                      { Type: 309,
                        Slot: 3,
                        timestamp: 2020-05-11T05:47:47.000Z,
                        deltaT: 4000 },
                     '4':
                      { Type: 309,
                        Slot: 4,
                        timestamp: 2020-05-11T05:47:46.000Z,
                        deltaT: 3000 } },
                  vote_phase_end:
                   { Type: 307,
                     VotesFor: [ 3 ],
                     VotesAgainst: [ 4, 1, 0, 2 ],
                     Passed: false,
                     timestamp: 2020-05-11T05:47:54.000Z,
                     deltaT: 11000,
                     chatIndex: 282 } } ] } },
       '4':
        { Type: 202,
          Slot: 4,
          Color: 0,
          Username: 'Kurt',
          Female: false,
          IsLocal: false,
          Skin: 'skin_default',
          timestamp: 2020-05-11T05:28:08.000Z,
          chat:
           [ 3,
             22,
             23,
             30,
             31,
             35,
             39,
             40,
             47,
             49,
             63,
             67,
             78,
             80,
             85,
             99,
             113,
             115,
             138,
             148,
             150,
             152,
             157,
             158,
             163,
             168,
             174,
             177,
             180,
             186,
             193,
             206,
             211,
             243,
             260,
             273,
             291,
             301,
             305,
             308 ],
          proposals:
           { '1':
              [ { Type: 304,
                  Player: 4,
                  NextPlayer: 0,
                  Amount: 2,
                  Duration: 60000,
                  Mission: 1,
                  timestamp: 2020-05-11T05:30:41.000Z,
                  propNumber: 5,
                  Proposer: 4,
                  SelectedTeam: [ 3, 4 ],
                  Passed: false,
                  deltaT: 7000,
                  chatIndex: 31,
                  vote_phase_start:
                   { Type: 306,
                     Proposer: 4,
                     Players: [ 3, 4 ],
                     Duration: 60000,
                     timestamp: 2020-05-11T05:30:41.000Z },
                  vote_made:
                   { '0':
                      { Type: 309,
                        Slot: 0,
                        timestamp: 2020-05-11T05:30:43.000Z,
                        deltaT: 2000 },
                     '1':
                      { Type: 309,
                        Slot: 1,
                        timestamp: 2020-05-11T05:30:43.000Z,
                        deltaT: 2000 },
                     '2':
                      { Type: 309,
                        Slot: 2,
                        timestamp: 2020-05-11T05:30:43.000Z,
                        deltaT: 2000 },
                     '3':
                      { Type: 309,
                        Slot: 3,
                        timestamp: 2020-05-11T05:30:43.000Z,
                        deltaT: 2000 },
                     '4':
                      { Type: 309,
                        Slot: 4,
                        timestamp: 2020-05-11T05:30:45.000Z,
                        deltaT: 4000 } },
                  vote_phase_end:
                   { Type: 307,
                     VotesFor: [ 3, 1, 0, 2, 4 ],
                     VotesAgainst: [],
                     Passed: true,
                     timestamp: 2020-05-11T05:30:45.000Z,
                     deltaT: 4000,
                     chatIndex: 32 } } ],
             '2':
              [ { Type: 304,
                  Player: 4,
                  NextPlayer: 0,
                  Amount: 3,
                  Duration: 60000,
                  Mission: 2,
                  timestamp: 2020-05-11T05:35:35.000Z,
                  propNumber: 3,
                  Proposer: 4,
                  SelectedTeam: [ 0, 1, 4 ],
                  Passed: false,
                  deltaT: 55000,
                  chatIndex: 107,
                  vote_phase_start:
                   { Type: 306,
                     Proposer: 4,
                     Players: [ 0, 1, 4 ],
                     Duration: 60000,
                     timestamp: 2020-05-11T05:35:35.000Z },
                  vote_made:
                   { '0':
                      { Type: 309,
                        Slot: 0,
                        timestamp: 2020-05-11T05:35:37.000Z,
                        deltaT: 2000 },
                     '1':
                      { Type: 309,
                        Slot: 1,
                        timestamp: 2020-05-11T05:35:37.000Z,
                        deltaT: 2000 },
                     '2':
                      { Type: 309,
                        Slot: 2,
                        timestamp: 2020-05-11T05:36:18.000Z,
                        deltaT: 43000 },
                     '3':
                      { Type: 309,
                        Slot: 3,
                        timestamp: 2020-05-11T05:36:29.000Z,
                        deltaT: 54000 },
                     '4':
                      { Type: 309,
                        Slot: 4,
                        timestamp: 2020-05-11T05:35:36.000Z,
                        deltaT: 1000 } },
                  vote_phase_end:
                   { Type: 307,
                     VotesFor: [],
                     VotesAgainst: [ 4, 1, 0, 2, 3 ],
                     Passed: false,
                     timestamp: 2020-05-11T05:36:29.000Z,
                     deltaT: 54000,
                     chatIndex: 116 } } ],
             '3':
              [ { Type: 304,
                  Player: 4,
                  NextPlayer: 0,
                  Amount: 2,
                  Duration: 60000,
                  Mission: 3,
                  timestamp: 2020-05-11T05:41:51.000Z,
                  propNumber: 1,
                  Proposer: 4,
                  SelectedTeam: [],
                  Passed: true,
                  deltaT: 8000,
                  chatIndex: 183 },
                { Type: 304,
                  Player: 4,
                  NextPlayer: 0,
                  Amount: 2,
                  Duration: 60000,
                  Mission: 3,
                  timestamp: 2020-05-11T05:44:48.000Z,
                  propNumber: 3,
                  Proposer: 4,
                  SelectedTeam: [],
                  Passed: true,
                  deltaT: 8000,
                  chatIndex: 220 },
                { Type: 304,
                  Player: 4,
                  NextPlayer: 0,
                  Amount: 2,
                  Duration: 60000,
                  Mission: 3,
                  timestamp: 2020-05-11T05:45:21.000Z,
                  propNumber: 3,
                  Proposer: 4,
                  SelectedTeam: [],
                  Passed: true,
                  deltaT: 4000,
                  chatIndex: 225 },
                { Type: 304,
                  Player: 4,
                  NextPlayer: 0,
                  Amount: 2,
                  Duration: 60000,
                  Mission: 3,
                  timestamp: 2020-05-11T05:46:27.000Z,
                  propNumber: 3,
                  Proposer: 4,
                  SelectedTeam: [],
                  Passed: true,
                  deltaT: 24000,
                  chatIndex: 249 },
                { Type: 304,
                  Player: 4,
                  NextPlayer: 0,
                  Amount: 2,
                  Duration: 60000,
                  Mission: 3,
                  timestamp: 2020-05-11T05:48:07.000Z,
                  propNumber: 4,
                  Proposer: 4,
                  SelectedTeam: [ 0, 4 ],
                  Passed: false,
                  deltaT: 8000,
                  chatIndex: 286,
                  vote_phase_start:
                   { Type: 306,
                     Proposer: 4,
                     Players: [ 0, 4 ],
                     Duration: 60000,
                     timestamp: 2020-05-11T05:48:07.000Z },
                  vote_made:
                   { '0':
                      { Type: 309,
                        Slot: 0,
                        timestamp: 2020-05-11T05:48:08.000Z,
                        deltaT: 1000 },
                     '1':
                      { Type: 309,
                        Slot: 1,
                        timestamp: 2020-05-11T05:48:31.000Z,
                        deltaT: 24000 },
                     '2':
                      { Type: 309,
                        Slot: 2,
                        timestamp: 2020-05-11T05:48:11.000Z,
                        deltaT: 4000 },
                     '3':
                      { Type: 309,
                        Slot: 3,
                        timestamp: 2020-05-11T05:48:59.000Z,
                        deltaT: 52000 },
                     '4':
                      { Type: 309,
                        Slot: 4,
                        timestamp: 2020-05-11T05:48:36.000Z,
                        deltaT: 29000 } },
                  vote_phase_end:
                   { Type: 307,
                     VotesFor: [ 4 ],
                     VotesAgainst: [ 0, 2, 1, 3 ],
                     Passed: false,
                     timestamp: 2020-05-11T05:48:59.000Z,
                     deltaT: 52000,
                     chatIndex: 299 } } ] } } },
    game_start:
     { Type: 201,
       Disconnected: [],
       AFK: [],
       timestamp: 2020-05-11T05:28:15.000Z },
    local_slot:
     { Type: 202,
       Slot: 0,
       Color: 4,
       Username: 'Harry',
       Female: false,
       IsLocal: true,
       Skin: 'skin_default',
       timestamp: 2020-05-11T05:28:08.000Z,
       chat:
        [ 0,
          1,
          2,
          6,
          10,
          12,
          15,
          17,
          21,
          25,
          32,
          34,
          42,
          48,
          52,
          56,
          57,
          75,
          83,
          87,
          91,
          101,
          122,
          127,
          130,
          133,
          139,
          146,
          147,
          155,
          160,
          161,
          165,
          171,
          176,
          189,
          190,
          194,
          200,
          215,
          216,
          218,
          221,
          226,
          228,
          229,
          233,
          236,
          245,
          255,
          257,
          263,
          266,
          271,
          279,
          289,
          293,
          298,
          303,
          306 ],
       proposals:
        { '1':
           [ { Type: 304,
               Player: 0,
               NextPlayer: 1,
               Amount: 2,
               Duration: 60000,
               Mission: 1,
               timestamp: 2020-05-11T05:28:58.000Z,
               propNumber: 1,
               Proposer: 0,
               SelectedTeam: [ 0, 3 ],
               Passed: false,
               deltaT: 13000,
               chatIndex: 11,
               vote_phase_start:
                { Type: 306,
                  Proposer: 0,
                  Players: [ 0, 3 ],
                  Duration: 60000,
                  timestamp: 2020-05-11T05:28:58.000Z },
               vote_made:
                { '0':
                   { Type: 309,
                     Slot: 0,
                     timestamp: 2020-05-11T05:28:58.000Z,
                     deltaT: 0 },
                  '1':
                   { Type: 309,
                     Slot: 1,
                     timestamp: 2020-05-11T05:29:01.000Z,
                     deltaT: 3000 },
                  '2':
                   { Type: 309,
                     Slot: 2,
                     timestamp: 2020-05-11T05:29:00.000Z,
                     deltaT: 2000 },
                  '3':
                   { Type: 309,
                     Slot: 3,
                     timestamp: 2020-05-11T05:29:03.000Z,
                     deltaT: 5000 },
                  '4':
                   { Type: 309,
                     Slot: 4,
                     timestamp: 2020-05-11T05:28:59.000Z,
                     deltaT: 1000 } },
               vote_phase_end:
                { Type: 307,
                  VotesFor: [ 0 ],
                  VotesAgainst: [ 4, 2, 1, 3 ],
                  Passed: false,
                  timestamp: 2020-05-11T05:29:03.000Z,
                  deltaT: 5000,
                  chatIndex: 12 } } ],
          '2':
           [ { Type: 304,
               Player: 0,
               NextPlayer: 1,
               Amount: 3,
               Duration: 60000,
               Mission: 2,
               timestamp: 2020-05-11T05:31:48.000Z,
               propNumber: 1,
               Proposer: 0,
               SelectedTeam: [ 0, 2, 4 ],
               Passed: false,
               deltaT: 3000,
               chatIndex: 43,
               vote_phase_start:
                { Type: 306,
                  Proposer: 0,
                  Players: [ 0, 2, 4 ],
                  Duration: 60000,
                  timestamp: 2020-05-11T05:31:48.000Z },
               vote_made:
                { '0':
                   { Type: 309,
                     Slot: 0,
                     timestamp: 2020-05-11T05:31:50.000Z,
                     deltaT: 2000 },
                  '1':
                   { Type: 309,
                     Slot: 1,
                     timestamp: 2020-05-11T05:32:03.000Z,
                     deltaT: 15000 },
                  '2':
                   { Type: 309,
                     Slot: 2,
                     timestamp: 2020-05-11T05:31:59.000Z,
                     deltaT: 11000 },
                  '3':
                   { Type: 309,
                     Slot: 3,
                     timestamp: 2020-05-11T05:32:01.000Z,
                     deltaT: 13000 },
                  '4':
                   { Type: 309,
                     Slot: 4,
                     timestamp: 2020-05-11T05:31:51.000Z,
                     deltaT: 3000 } },
               vote_phase_end:
                { Type: 307,
                  VotesFor: [ 0 ],
                  VotesAgainst: [ 4, 2, 3, 1 ],
                  Passed: false,
                  timestamp: 2020-05-11T05:32:03.000Z,
                  deltaT: 15000,
                  chatIndex: 48 } },
             { Type: 304,
               Player: 0,
               NextPlayer: 1,
               Amount: 3,
               Duration: 60000,
               Mission: 2,
               timestamp: 2020-05-11T05:36:50.000Z,
               propNumber: 4,
               Proposer: 0,
               SelectedTeam: [ 0, 2, 4 ],
               Passed: false,
               deltaT: 16000,
               chatIndex: 120,
               vote_phase_start:
                { Type: 306,
                  Proposer: 0,
                  Players: [ 0, 2, 4 ],
                  Duration: 60000,
                  timestamp: 2020-05-11T05:36:50.000Z },
               vote_made:
                { '0':
                   { Type: 309,
                     Slot: 0,
                     timestamp: 2020-05-11T05:36:51.000Z,
                     deltaT: 1000 },
                  '1':
                   { Type: 309,
                     Slot: 1,
                     timestamp: 2020-05-11T05:36:52.000Z,
                     deltaT: 2000 },
                  '2':
                   { Type: 309,
                     Slot: 2,
                     timestamp: 2020-05-11T05:37:43.000Z,
                     deltaT: 53000 },
                  '3':
                   { Type: 309,
                     Slot: 3,
                     timestamp: 2020-05-11T05:37:11.000Z,
                     deltaT: 21000 },
                  '4':
                   { Type: 309,
                     Slot: 4,
                     timestamp: 2020-05-11T05:36:54.000Z,
                     deltaT: 4000 } },
               vote_phase_end:
                { Type: 307,
                  VotesFor: [],
                  VotesAgainst: [ 0, 1, 4, 3, 2 ],
                  Passed: false,
                  timestamp: 2020-05-11T05:37:43.000Z,
                  deltaT: 53000,
                  chatIndex: 132 } } ],
          '3':
           [ { Type: 304,
               Player: 0,
               NextPlayer: 1,
               Amount: 2,
               Duration: 60000,
               Mission: 3,
               timestamp: 2020-05-11T05:42:06.000Z,
               propNumber: 1,
               Proposer: 0,
               SelectedTeam: [ 0, 2 ],
               Passed: false,
               deltaT: 15000,
               chatIndex: 185,
               vote_phase_start:
                { Type: 306,
                  Proposer: 0,
                  Players: [ 0, 2 ],
                  Duration: 60000,
                  timestamp: 2020-05-11T05:42:06.000Z },
               vote_made:
                { '0':
                   { Type: 309,
                     Slot: 0,
                     timestamp: 2020-05-11T05:42:06.000Z,
                     deltaT: 0 },
                  '1':
                   { Type: 309,
                     Slot: 1,
                     timestamp: 2020-05-11T05:42:08.000Z,
                     deltaT: 2000 },
                  '2':
                   { Type: 309,
                     Slot: 2,
                     timestamp: 2020-05-11T05:42:10.000Z,
                     deltaT: 4000 },
                  '3':
                   { Type: 309,
                     Slot: 3,
                     timestamp: 2020-05-11T05:42:21.000Z,
                     deltaT: 15000 },
                  '4':
                   { Type: 309,
                     Slot: 4,
                     timestamp: 2020-05-11T05:42:58.000Z,
                     deltaT: 52000 } },
               vote_phase_end:
                { Type: 307,
                  VotesFor: [],
                  VotesAgainst: [ 0, 1, 2, 3, 4 ],
                  Passed: false,
                  timestamp: 2020-05-11T05:42:58.000Z,
                  deltaT: 52000,
                  chatIndex: 196 } },
             { Type: 304,
               Player: 0,
               NextPlayer: 1,
               Amount: 2,
               Duration: 60000,
               Mission: 3,
               timestamp: 2020-05-11T05:44:51.000Z,
               propNumber: 3,
               Proposer: 0,
               SelectedTeam: [],
               Passed: true,
               deltaT: 3000,
               chatIndex: 221 },
             { Type: 304,
               Player: 0,
               NextPlayer: 1,
               Amount: 2,
               Duration: 60000,
               Mission: 3,
               timestamp: 2020-05-11T05:45:24.000Z,
               propNumber: 3,
               Proposer: 0,
               SelectedTeam: [],
               Passed: true,
               deltaT: 3000,
               chatIndex: 227 },
             { Type: 304,
               Player: 0,
               NextPlayer: 1,
               Amount: 2,
               Duration: 60000,
               Mission: 3,
               timestamp: 2020-05-11T05:46:29.000Z,
               propNumber: 3,
               Proposer: 0,
               SelectedTeam: [],
               Passed: true,
               deltaT: 2000,
               chatIndex: 250 },
             { Type: 304,
               Player: 0,
               NextPlayer: 1,
               Amount: 2,
               Duration: 60000,
               Mission: 3,
               timestamp: 2020-05-11T05:49:06.000Z,
               propNumber: 5,
               Proposer: 0,
               SelectedTeam: [ 0, 3 ],
               Passed: false,
               deltaT: 2000,
               chatIndex: 301,
               vote_phase_start:
                { Type: 306,
                  Proposer: 0,
                  Players: [ 0, 3 ],
                  Duration: 60000,
                  timestamp: 2020-05-11T05:49:06.000Z },
               vote_made:
                { '0':
                   { Type: 309,
                     Slot: 0,
                     timestamp: 2020-05-11T05:49:07.000Z,
                     deltaT: 1000 },
                  '1':
                   { Type: 309,
                     Slot: 1,
                     timestamp: 2020-05-11T05:49:11.000Z,
                     deltaT: 5000 },
                  '2':
                   { Type: 309,
                     Slot: 2,
                     timestamp: 2020-05-11T05:49:25.000Z,
                     deltaT: 19000 },
                  '3':
                   { Type: 309,
                     Slot: 3,
                     timestamp: 2020-05-11T05:49:29.000Z,
                     deltaT: 23000 },
                  '4':
                   { Type: 309,
                     Slot: 4,
                     timestamp: 2020-05-11T05:49:25.000Z,
                     deltaT: 19000 } },
               vote_phase_end:
                { Type: 307,
                  VotesFor: [ 0, 1, 2 ],
                  VotesAgainst: [ 4, 3 ],
                  Passed: true,
                  timestamp: 2020-05-11T05:49:29.000Z,
                  deltaT: 23000,
                  chatIndex: 312 } } ] } },
    chat:
     [ { Type: 205,
         Message: 'oh thank god',
         Slot: 0,
         index: 0,
         timestamp: 2020-05-11T05:28:21.000Z },
       { Type: 205,
         Message: 'im agent',
         Slot: 0,
         index: 1,
         timestamp: 2020-05-11T05:28:22.000Z },
       { Type: 205,
         Message: 'hacker sucks',
         Slot: 0,
         index: 2,
         timestamp: 2020-05-11T05:28:24.000Z },
       { Type: 205,
         Message: 'Hello!',
         Slot: 4,
         index: 3,
         timestamp: 2020-05-11T05:28:25.000Z },
       { Type: 205,
         Message: 'harry do u know my role',
         Slot: 3,
         index: 4,
         timestamp: 2020-05-11T05:28:37.000Z },
       { Type: 205,
         Message: 'midnight sucks <sprite name="emoji_tongue">',
         Slot: 2,
         index: 5,
         timestamp: 2020-05-11T05:28:37.000Z },
       { Type: 205,
         Message: 'no',
         Slot: 0,
         index: 6,
         timestamp: 2020-05-11T05:28:39.000Z },
       { Type: 205,
         Message: '<sprite name="emoji_tongue">',
         Slot: 1,
         index: 7,
         timestamp: 2020-05-11T05:28:43.000Z },
       { Type: 205,
         Message: 'u really dont?',
         Slot: 3,
         index: 8,
         timestamp: 2020-05-11T05:28:47.000Z },
       { Type: 205,
         Message: 'come on',
         Slot: 3,
         index: 9,
         timestamp: 2020-05-11T05:28:50.000Z },
       { Type: 205,
         Message: 'agent',
         Slot: 0,
         index: 10,
         timestamp: 2020-05-11T05:28:56.000Z },
       { Type: 205,
         Message: '<sprite name="emoji_surprised">',
         Slot: 3,
         index: 11,
         timestamp: 2020-05-11T05:29:00.000Z },
       { Type: 205,
         Message: 'am i right',
         Slot: 0,
         index: 12,
         timestamp: 2020-05-11T05:29:04.000Z },
       { Type: 205,
         Message: 'well the hacker list is in the top left corner harry right',
         Slot: 3,
         index: 13,
         timestamp: 2020-05-11T05:29:14.000Z },
       { Type: 205,
         Message: 'so u would know',
         Slot: 3,
         index: 14,
         timestamp: 2020-05-11T05:29:19.000Z },
       { Type: 205,
         Message: 'for me its the top right?',
         Slot: 0,
         index: 15,
         timestamp: 2020-05-11T05:29:23.000Z },
       { Type: 205,
         Message: '<sprite name="emoji_tongue">',
         Slot: 1,
         index: 16,
         timestamp: 2020-05-11T05:29:29.000Z },
       { Type: 205,
         Message: 'oh wait im playing in a mirror rn',
         Slot: 0,
         index: 17,
         timestamp: 2020-05-11T05:29:29.000Z },
       { Type: 205,
         Message: 'i thought it was in the middle',
         Slot: 2,
         index: 18,
         timestamp: 2020-05-11T05:29:29.000Z },
       { Type: 205,
         Message: 'under the timer',
         Slot: 2,
         index: 19,
         timestamp: 2020-05-11T05:29:31.000Z },
       { Type: 205,
         Message: 'really?',
         Slot: 3,
         index: 20,
         timestamp: 2020-05-11T05:29:35.000Z },
       { Type: 205,
         Message: 'no',
         Slot: 0,
         index: 21,
         timestamp: 2020-05-11T05:29:38.000Z },
       { Type: 205,
         Message: 'No bro I can see it on my screen',
         Slot: 4,
         index: 22,
         timestamp: 2020-05-11T05:29:48.000Z },
       { Type: 205,
         Message: 'Its top left',
         Slot: 4,
         index: 23,
         timestamp: 2020-05-11T05:29:52.000Z },
       { Type: 205,
         Message: 'three people picked logan you know what that means?',
         Slot: 1,
         index: 24,
         timestamp: 2020-05-11T05:29:54.000Z },
       { Type: 205,
         Message: 'hes about ot get framed',
         Slot: 0,
         index: 25,
         timestamp: 2020-05-11T05:30:01.000Z },
       { Type: 205,
         Message: 'tell us bogdan',
         Slot: 3,
         index: 26,
         timestamp: 2020-05-11T05:30:06.000Z },
       { Type: 205,
         Message: 'one hacker picked him if kusrt or logan arent both hackers',
         Slot: 1,
         index: 27,
         timestamp: 2020-05-11T05:30:26.000Z },
       { Type: 205,
         Message: 'kurt prop me and hack',
         Slot: 3,
         index: 28,
         timestamp: 2020-05-11T05:30:30.000Z },
       { Type: 205,
         Message: 'it means admin picked him so he\'s agent',
         Slot: 2,
         index: 29,
         timestamp: 2020-05-11T05:30:30.000Z },
       { Type: 205,
         Message: 'aight bet',
         Slot: 4,
         index: 30,
         timestamp: 2020-05-11T05:30:38.000Z },
       { Type: 205,
         Message: '<sprite name="emoji_hammer">',
         Slot: 4,
         index: 31,
         timestamp: 2020-05-11T05:30:44.000Z },
       { Type: 205,
         Message: 'nice',
         Slot: 0,
         index: 32,
         timestamp: 2020-05-11T05:30:46.000Z },
       { Type: 205,
         Message: 'im hacking',
         Slot: 3,
         index: 33,
         timestamp: 2020-05-11T05:30:48.000Z },
       { Type: 205,
         Message: 'nice',
         Slot: 0,
         index: 34,
         timestamp: 2020-05-11T05:30:59.000Z },
       { Type: 205,
         Message: 'oh *!$# you',
         Slot: 4,
         index: 35,
         timestamp: 2020-05-11T05:31:01.000Z },
       { Type: 205,
         Message: 'ur not afraid of me kurt',
         Slot: 3,
         index: 36,
         timestamp: 2020-05-11T05:31:03.000Z },
       { Type: 205,
         Message: 'im actually glad that got hacked',
         Slot: 2,
         index: 37,
         timestamp: 2020-05-11T05:31:09.000Z },
       { Type: 205,
         Message: 'Me too',
         Slot: 3,
         index: 38,
         timestamp: 2020-05-11T05:31:16.000Z },
       { Type: 205,
         Message: 'I didnt think youd try that tbh',
         Slot: 4,
         index: 39,
         timestamp: 2020-05-11T05:31:30.000Z },
       { Type: 205,
         Message: 'wp',
         Slot: 4,
         index: 40,
         timestamp: 2020-05-11T05:31:33.000Z },
       { Type: 205,
         Message: 'lmao so fake',
         Slot: 3,
         index: 41,
         timestamp: 2020-05-11T05:31:36.000Z },
       { Type: 205,
         Message: 'fake enough for me to believe it',
         Slot: 0,
         index: 42,
         timestamp: 2020-05-11T05:31:44.000Z },
       { Type: 205,
         Message: '????',
         Slot: 3,
         index: 43,
         timestamp: 2020-05-11T05:31:48.000Z },
       { Type: 205,
         Message: 'harry what',
         Slot: 2,
         index: 44,
         timestamp: 2020-05-11T05:31:51.000Z },
       { Type: 205,
         Message: 'dude',
         Slot: 3,
         index: 45,
         timestamp: 2020-05-11T05:31:54.000Z },
       { Type: 205,
         Message: 'oh harry boo',
         Slot: 1,
         index: 46,
         timestamp: 2020-05-11T05:31:55.000Z },
       { Type: 205,
         Message: 'Leaving hammer was a mistake',
         Slot: 4,
         index: 47,
         timestamp: 2020-05-11T05:31:59.000Z },
       { Type: 205,
         Message: 'its fine',
         Slot: 0,
         index: 48,
         timestamp: 2020-05-11T05:32:04.000Z },
       { Type: 205,
         Message: 'That should have been a pass',
         Slot: 4,
         index: 49,
         timestamp: 2020-05-11T05:32:05.000Z },
       { Type: 205,
         Message: 'let me ask the big question',
         Slot: 2,
         index: 50,
         timestamp: 2020-05-11T05:32:08.000Z },
       { Type: 205,
         Message: 'not',
         Slot: 3,
         index: 51,
         timestamp: 2020-05-11T05:32:10.000Z },
       { Type: 205,
         Message: 'others will pass',
         Slot: 0,
         index: 52,
         timestamp: 2020-05-11T05:32:10.000Z },
       { Type: 205,
         Message: 'kurt',
         Slot: 3,
         index: 53,
         timestamp: 2020-05-11T05:32:12.000Z },
       { Type: 205,
         Message: 'do we think n1 double?',
         Slot: 2,
         index: 54,
         timestamp: 2020-05-11T05:32:12.000Z },
       { Type: 205,
         Message: 'harry not passing was smart',
         Slot: 3,
         index: 55,
         timestamp: 2020-05-11T05:32:17.000Z },
       { Type: 205,
         Message: 'i know',
         Slot: 0,
         index: 56,
         timestamp: 2020-05-11T05:32:22.000Z },
       { Type: 205,
         Message:
          'because then if no one else passes, logan will for sure pass and give me hammer',
         Slot: 0,
         index: 57,
         timestamp: 2020-05-11T05:32:31.000Z },
       { Type: 205,
         Message:
          'i dont think we should do anti at all figure it out n3 based on n2',
         Slot: 1,
         index: 58,
         timestamp: 2020-05-11T05:32:33.000Z },
       { Type: 205,
         Message: '^',
         Slot: 3,
         index: 59,
         timestamp: 2020-05-11T05:32:36.000Z },
       { Type: 205,
         Message: 'i dont want to do anti as of now',
         Slot: 2,
         index: 60,
         timestamp: 2020-05-11T05:32:39.000Z },
       { Type: 205,
         Message: 'but it is a very viable possibility',
         Slot: 2,
         index: 61,
         timestamp: 2020-05-11T05:32:45.000Z },
       { Type: 205,
         Message: 'again',
         Slot: 3,
         index: 62,
         timestamp: 2020-05-11T05:32:51.000Z },
       { Type: 205,
         Message: 'Logan didnt say anything about the lack of pass',
         Slot: 4,
         index: 63,
         timestamp: 2020-05-11T05:32:52.000Z },
       { Type: 205,
         Message: 'please read what kurt said',
         Slot: 3,
         index: 64,
         timestamp: 2020-05-11T05:32:54.000Z },
       { Type: 205,
         Message: 'above',
         Slot: 3,
         index: 65,
         timestamp: 2020-05-11T05:32:54.000Z },
       { Type: 205,
         Message: 'and tell me it doesnt give u some grasp',
         Slot: 3,
         index: 66,
         timestamp: 2020-05-11T05:33:00.000Z },
       { Type: 205,
         Message: 'in fact they said it was good?',
         Slot: 4,
         index: 67,
         timestamp: 2020-05-11T05:33:00.000Z },
       { Type: 205,
         Message: 'and i think harry is agent',
         Slot: 3,
         index: 68,
         timestamp: 2020-05-11T05:33:08.000Z },
       { Type: 205,
         Message: 'if only one of us is in n2 appa i like that for n3',
         Slot: 1,
         index: 69,
         timestamp: 2020-05-11T05:33:11.000Z },
       { Type: 205,
         Message:
          'because of \'\'enough for me\'\' , he would have made it too obvious if it was top as hackers',
         Slot: 3,
         index: 70,
         timestamp: 2020-05-11T05:33:22.000Z },
       { Type: 205,
         Message: 'i dont like kurt\'s reaction as soon as the node ended',
         Slot: 2,
         index: 71,
         timestamp: 2020-05-11T05:33:35.000Z },
       { Type: 205,
         Message: 'no ones gonna pass off of harry?',
         Slot: 1,
         index: 72,
         timestamp: 2020-05-11T05:33:39.000Z },
       { Type: 205,
         Message: 'but i also dont like logan\'s response to it',
         Slot: 2,
         index: 73,
         timestamp: 2020-05-11T05:33:40.000Z },
       { Type: 205,
         Message: 'i did',
         Slot: 2,
         index: 74,
         timestamp: 2020-05-11T05:33:45.000Z },
       { Type: 205,
         Message: 'someone already did',
         Slot: 0,
         index: 75,
         timestamp: 2020-05-11T05:33:45.000Z },
       { Type: 205,
         Message: 'it\'s on you',
         Slot: 2,
         index: 76,
         timestamp: 2020-05-11T05:33:47.000Z },
       { Type: 205,
         Message: 'oh ty',
         Slot: 1,
         index: 77,
         timestamp: 2020-05-11T05:33:52.000Z },
       { Type: 205,
         Message:
          'It doesnt matter how you look at it, no one should think that not passing there by Harry was a good play',
         Slot: 4,
         index: 78,
         timestamp: 2020-05-11T05:33:55.000Z },
       { Type: 205,
         Message: 'i more did it for time',
         Slot: 2,
         index: 79,
         timestamp: 2020-05-11T05:33:57.000Z },
       { Type: 205,
         Message: 'especially if you were in a hacked N1',
         Slot: 4,
         index: 80,
         timestamp: 2020-05-11T05:34:03.000Z },
       { Type: 205,
         Message: 'oh boo',
         Slot: 1,
         index: 81,
         timestamp: 2020-05-11T05:34:03.000Z },
       { Type: 205,
         Message: 'either way im pretty sure this is winning',
         Slot: 3,
         index: 82,
         timestamp: 2020-05-11T05:34:04.000Z },
       { Type: 205,
         Message: 'what was wrong with it',
         Slot: 0,
         index: 83,
         timestamp: 2020-05-11T05:34:05.000Z },
       { Type: 205,
         Message: 'well it\'s good for testing double honestly',
         Slot: 2,
         index: 84,
         timestamp: 2020-05-11T05:34:07.000Z },
       { Type: 205,
         Message: 'and the hammer would be on the other in N1',
         Slot: 4,
         index: 85,
         timestamp: 2020-05-11T05:34:10.000Z },
       { Type: 205,
         Message: 'not passing',
         Slot: 2,
         index: 86,
         timestamp: 2020-05-11T05:34:13.000Z },
       { Type: 205,
         Message: 'and why did appa pass off me',
         Slot: 0,
         index: 87,
         timestamp: 2020-05-11T05:34:18.000Z },
       { Type: 205,
         Message: 'if you dont pass, you see who passes later',
         Slot: 2,
         index: 88,
         timestamp: 2020-05-11T05:34:20.000Z },
       { Type: 205,
         Message: 'its good for testing if people are above level 10',
         Slot: 3,
         index: 89,
         timestamp: 2020-05-11T05:34:26.000Z },
       { Type: 205,
         Message: 'harry i just said i did it more for time to think',
         Slot: 2,
         index: 90,
         timestamp: 2020-05-11T05:34:27.000Z },
       { Type: 205,
         Message: 'thanks',
         Slot: 0,
         index: 91,
         timestamp: 2020-05-11T05:34:32.000Z },
       { Type: 205,
         Message: 'i dont have reads on either of you over the other',
         Slot: 2,
         index: 92,
         timestamp: 2020-05-11T05:34:33.000Z },
       { Type: 205,
         Message: 'u dont have reads on kurt?',
         Slot: 3,
         index: 93,
         timestamp: 2020-05-11T05:34:39.000Z },
       { Type: 205,
         Message: 'logan i said between harry and bogdan',
         Slot: 2,
         index: 94,
         timestamp: 2020-05-11T05:34:46.000Z },
       { Type: 205,
         Message: 'he didnt pass thats a read',
         Slot: 1,
         index: 95,
         timestamp: 2020-05-11T05:34:47.000Z },
       { Type: 205,
         Message: 'yes',
         Slot: 2,
         index: 96,
         timestamp: 2020-05-11T05:34:52.000Z },
       { Type: 205,
         Message: 'what reads fo u have on me',
         Slot: 3,
         index: 97,
         timestamp: 2020-05-11T05:34:54.000Z },
       { Type: 205,
         Message: 'then',
         Slot: 3,
         index: 98,
         timestamp: 2020-05-11T05:34:56.000Z },
       { Type: 205,
         Message:
          'What Logan was saying gives him away honestly but I dont want to dwell on it and cause chaos',
         Slot: 4,
         index: 99,
         timestamp: 2020-05-11T05:35:01.000Z },
       ... 213 more items ],
    missions:
     { '1':
        { mission_phase_start:
           { Type: 310,
             Mission: 1,
             Players: [ 3, 4 ],
             Duration: 15000,
             timestamp: 2020-05-11T05:30:50.000Z },
          mission_phase_end:
           { Type: 311,
             Mission: 1,
             Failed: true,
             NumHacks: 1,
             Proposer: 4,
             timestamp: 2020-05-11T05:30:52.000Z,
             deltaT: 2000,
             propNumber: 5,
             chatIndex: 34 } },
       '2':
        { mission_phase_start:
           { Type: 310,
             Mission: 2,
             Players: [ 1, 2, 3 ],
             Duration: 15000,
             timestamp: 2020-05-11T05:39:22.000Z },
          mission_phase_end:
           { Type: 311,
             Mission: 2,
             Failed: true,
             NumHacks: 1,
             Proposer: 1,
             timestamp: 2020-05-11T05:39:25.000Z,
             deltaT: 3000,
             propNumber: 5,
             chatIndex: 160 } },
       '3':
        { mission_phase_start:
           { Type: 310,
             Mission: 3,
             Players: [ 0, 3 ],
             Duration: 15000,
             timestamp: 2020-05-11T05:49:34.000Z },
          mission_phase_end:
           { Type: 311,
             Mission: 3,
             Failed: true,
             NumHacks: 1,
             Proposer: 0,
             timestamp: 2020-05-11T05:49:36.000Z,
             deltaT: 2000,
             propNumber: 5,
             chatIndex: 313 } } },
    game_end:
     { Type: 203,
       Hacked: true,
       Hackers: [ 3, 4 ],
       Canceled: false,
       Roles:
        [ { Slot: 0, Role: 10 },
          { Slot: 1, Role: 10 },
          { Slot: 2, Role: 10 },
          { Slot: 3, Role: 20 },
          { Slot: 4, Role: 20 } ],
       Timeout: 360000,
       PlayerIdentities:
        [ { Slot: 0,
            Nickname: 'Philliedips',
            Steamid: '76561198189712506',
            Level: 30 },
          { Slot: 1,
            Nickname: 'joshua.cunningham',
            Steamid: '76561198814206069',
            Level: 30 },
          { Slot: 2,
            Nickname: 'naseem_1378',
            Steamid: '76561198799350618',
            Level: 30 },
          { Slot: 3,
            Nickname: 'arsynal',
            Steamid: '76561198153071747',
            Level: 30 },
          { Slot: 4,
            Nickname: 'LK',
            Steamid: '76561198207913199',
            Level: 30 } ],
       AfterGameLobby: 'c-1e814g05q',
       timestamp: 2020-05-11T05:49:36.000Z } },
  { game_found:
     { Type: 102,
       PlayerNumber: 5,
       Hacker: false,
       GuyRole: 10,
       HackersAmount: 2,
       MissionInfo: [ 2, 3, 2, 3, 3 ],
       MissionMinhacks: [ 1, 1, 1, 1, 1 ],
       Hackers: [],
       MatchType: 4,
       FirstPlayer: 0,
       Map: 51,
       Options:
        { GameMode: 0,
          MaxPlayers: 5,
          Visibility: 0,
          NamingConvention: 1,
          HammerEnabled: true,
          SkipTalkingPhaseEnabled: true,
          MapPickOption: 0,
          Maps: [] },
       VoiceChat: false,
       VoiceChatName: '.41731_0.',
       VoiceChatChannel: 'channel_41731',
       timestamp: 2020-05-11T05:28:08.000Z },
    players:
     { '0':
        { Type: 202,
          Slot: 0,
          Color: 4,
          Username: 'Harry',
          Female: false,
          IsLocal: true,
          Skin: 'skin_default',
          timestamp: 2020-05-11T05:28:08.000Z,
          chat:
           [ 0,
             1,
             2,
             6,
             10,
             12,
             15,
             17,
             21,
             25,
             32,
             34,
             42,
             48,
             52,
             56,
             57,
             75,
             83,
             87,
             91,
             101,
             122,
             127,
             130,
             133,
             139,
             146,
             147,
             155,
             160,
             161,
             165,
             171,
             176,
             189,
             190,
             194,
             200,
             215,
             216,
             218,
             221,
             226,
             228,
             229,
             233,
             236,
             245,
             255,
             257,
             263,
             266,
             271,
             279,
             289,
             293,
             298,
             303,
             306 ],
          proposals:
           { '1':
              [ { Type: 304,
                  Player: 0,
                  NextPlayer: 1,
                  Amount: 2,
                  Duration: 60000,
                  Mission: 1,
                  timestamp: 2020-05-11T05:28:58.000Z,
                  propNumber: 1,
                  Proposer: 0,
                  SelectedTeam: [ 0, 3 ],
                  Passed: false,
                  deltaT: 13000,
                  chatIndex: 11,
                  vote_phase_start:
                   { Type: 306,
                     Proposer: 0,
                     Players: [ 0, 3 ],
                     Duration: 60000,
                     timestamp: 2020-05-11T05:28:58.000Z },
                  vote_made:
                   { '0':
                      { Type: 309,
                        Slot: 0,
                        timestamp: 2020-05-11T05:28:58.000Z,
                        deltaT: 0 },
                     '1':
                      { Type: 309,
                        Slot: 1,
                        timestamp: 2020-05-11T05:29:01.000Z,
                        deltaT: 3000 },
                     '2':
                      { Type: 309,
                        Slot: 2,
                        timestamp: 2020-05-11T05:29:00.000Z,
                        deltaT: 2000 },
                     '3':
                      { Type: 309,
                        Slot: 3,
                        timestamp: 2020-05-11T05:29:03.000Z,
                        deltaT: 5000 },
                     '4':
                      { Type: 309,
                        Slot: 4,
                        timestamp: 2020-05-11T05:28:59.000Z,
                        deltaT: 1000 } },
                  vote_phase_end:
                   { Type: 307,
                     VotesFor: [ 0 ],
                     VotesAgainst: [ 4, 2, 1, 3 ],
                     Passed: false,
                     timestamp: 2020-05-11T05:29:03.000Z,
                     deltaT: 5000,
                     chatIndex: 12 } } ],
             '2':
              [ { Type: 304,
                  Player: 0,
                  NextPlayer: 1,
                  Amount: 3,
                  Duration: 60000,
                  Mission: 2,
                  timestamp: 2020-05-11T05:31:48.000Z,
                  propNumber: 1,
                  Proposer: 0,
                  SelectedTeam: [ 0, 2, 4 ],
                  Passed: false,
                  deltaT: 3000,
                  chatIndex: 43,
                  vote_phase_start:
                   { Type: 306,
                     Proposer: 0,
                     Players: [ 0, 2, 4 ],
                     Duration: 60000,
                     timestamp: 2020-05-11T05:31:48.000Z },
                  vote_made:
                   { '0':
                      { Type: 309,
                        Slot: 0,
                        timestamp: 2020-05-11T05:31:50.000Z,
                        deltaT: 2000 },
                     '1':
                      { Type: 309,
                        Slot: 1,
                        timestamp: 2020-05-11T05:32:03.000Z,
                        deltaT: 15000 },
                     '2':
                      { Type: 309,
                        Slot: 2,
                        timestamp: 2020-05-11T05:31:59.000Z,
                        deltaT: 11000 },
                     '3':
                      { Type: 309,
                        Slot: 3,
                        timestamp: 2020-05-11T05:32:01.000Z,
                        deltaT: 13000 },
                     '4':
                      { Type: 309,
                        Slot: 4,
                        timestamp: 2020-05-11T05:31:51.000Z,
                        deltaT: 3000 } },
                  vote_phase_end:
                   { Type: 307,
                     VotesFor: [ 0 ],
                     VotesAgainst: [ 4, 2, 3, 1 ],
                     Passed: false,
                     timestamp: 2020-05-11T05:32:03.000Z,
                     deltaT: 15000,
                     chatIndex: 48 } },
                { Type: 304,
                  Player: 0,
                  NextPlayer: 1,
                  Amount: 3,
                  Duration: 60000,
                  Mission: 2,
                  timestamp: 2020-05-11T05:36:50.000Z,
                  propNumber: 4,
                  Proposer: 0,
                  SelectedTeam: [ 0, 2, 4 ],
                  Passed: false,
                  deltaT: 16000,
                  chatIndex: 120,
                  vote_phase_start:
                   { Type: 306,
                     Proposer: 0,
                     Players: [ 0, 2, 4 ],
                     Duration: 60000,
                     timestamp: 2020-05-11T05:36:50.000Z },
                  vote_made:
                   { '0':
                      { Type: 309,
                        Slot: 0,
                        timestamp: 2020-05-11T05:36:51.000Z,
                        deltaT: 1000 },
                     '1':
                      { Type: 309,
                        Slot: 1,
                        timestamp: 2020-05-11T05:36:52.000Z,
                        deltaT: 2000 },
                     '2':
                      { Type: 309,
                        Slot: 2,
                        timestamp: 2020-05-11T05:37:43.000Z,
                        deltaT: 53000 },
                     '3':
                      { Type: 309,
                        Slot: 3,
                        timestamp: 2020-05-11T05:37:11.000Z,
                        deltaT: 21000 },
                     '4':
                      { Type: 309,
                        Slot: 4,
                        timestamp: 2020-05-11T05:36:54.000Z,
                        deltaT: 4000 } },
                  vote_phase_end:
                   { Type: 307,
                     VotesFor: [],
                     VotesAgainst: [ 0, 1, 4, 3, 2 ],
                     Passed: false,
                     timestamp: 2020-05-11T05:37:43.000Z,
                     deltaT: 53000,
                     chatIndex: 132 } } ],
             '3':
              [ { Type: 304,
                  Player: 0,
                  NextPlayer: 1,
                  Amount: 2,
                  Duration: 60000,
                  Mission: 3,
                  timestamp: 2020-05-11T05:42:06.000Z,
                  propNumber: 1,
                  Proposer: 0,
                  SelectedTeam: [ 0, 2 ],
                  Passed: false,
                  deltaT: 15000,
                  chatIndex: 185,
                  vote_phase_start:
                   { Type: 306,
                     Proposer: 0,
                     Players: [ 0, 2 ],
                     Duration: 60000,
                     timestamp: 2020-05-11T05:42:06.000Z },
                  vote_made:
                   { '0':
                      { Type: 309,
                        Slot: 0,
                        timestamp: 2020-05-11T05:42:06.000Z,
                        deltaT: 0 },
                     '1':
                      { Type: 309,
                        Slot: 1,
                        timestamp: 2020-05-11T05:42:08.000Z,
                        deltaT: 2000 },
                     '2':
                      { Type: 309,
                        Slot: 2,
                        timestamp: 2020-05-11T05:42:10.000Z,
                        deltaT: 4000 },
                     '3':
                      { Type: 309,
                        Slot: 3,
                        timestamp: 2020-05-11T05:42:21.000Z,
                        deltaT: 15000 },
                     '4':
                      { Type: 309,
                        Slot: 4,
                        timestamp: 2020-05-11T05:42:58.000Z,
                        deltaT: 52000 } },
                  vote_phase_end:
                   { Type: 307,
                     VotesFor: [],
                     VotesAgainst: [ 0, 1, 2, 3, 4 ],
                     Passed: false,
                     timestamp: 2020-05-11T05:42:58.000Z,
                     deltaT: 52000,
                     chatIndex: 196 } },
                { Type: 304,
                  Player: 0,
                  NextPlayer: 1,
                  Amount: 2,
                  Duration: 60000,
                  Mission: 3,
                  timestamp: 2020-05-11T05:44:51.000Z,
                  propNumber: 3,
                  Proposer: 0,
                  SelectedTeam: [],
                  Passed: true,
                  deltaT: 3000,
                  chatIndex: 221 },
                { Type: 304,
                  Player: 0,
                  NextPlayer: 1,
                  Amount: 2,
                  Duration: 60000,
                  Mission: 3,
                  timestamp: 2020-05-11T05:45:24.000Z,
                  propNumber: 3,
                  Proposer: 0,
                  SelectedTeam: [],
                  Passed: true,
                  deltaT: 3000,
                  chatIndex: 227 },
                { Type: 304,
                  Player: 0,
                  NextPlayer: 1,
                  Amount: 2,
                  Duration: 60000,
                  Mission: 3,
                  timestamp: 2020-05-11T05:46:29.000Z,
                  propNumber: 3,
                  Proposer: 0,
                  SelectedTeam: [],
                  Passed: true,
                  deltaT: 2000,
                  chatIndex: 250 },
                { Type: 304,
                  Player: 0,
                  NextPlayer: 1,
                  Amount: 2,
                  Duration: 60000,
                  Mission: 3,
                  timestamp: 2020-05-11T05:49:06.000Z,
                  propNumber: 5,
                  Proposer: 0,
                  SelectedTeam: [ 0, 3 ],
                  Passed: false,
                  deltaT: 2000,
                  chatIndex: 301,
                  vote_phase_start:
                   { Type: 306,
                     Proposer: 0,
                     Players: [ 0, 3 ],
                     Duration: 60000,
                     timestamp: 2020-05-11T05:49:06.000Z },
                  vote_made:
                   { '0':
                      { Type: 309,
                        Slot: 0,
                        timestamp: 2020-05-11T05:49:07.000Z,
                        deltaT: 1000 },
                     '1':
                      { Type: 309,
                        Slot: 1,
                        timestamp: 2020-05-11T05:49:11.000Z,
                        deltaT: 5000 },
                     '2':
                      { Type: 309,
                        Slot: 2,
                        timestamp: 2020-05-11T05:49:25.000Z,
                        deltaT: 19000 },
                     '3':
                      { Type: 309,
                        Slot: 3,
                        timestamp: 2020-05-11T05:49:29.000Z,
                        deltaT: 23000 },
                     '4':
                      { Type: 309,
                        Slot: 4,
                        timestamp: 2020-05-11T05:49:25.000Z,
                        deltaT: 19000 } },
                  vote_phase_end:
                   { Type: 307,
                     VotesFor: [ 0, 1, 2 ],
                     VotesAgainst: [ 4, 3 ],
                     Passed: true,
                     timestamp: 2020-05-11T05:49:29.000Z,
                     deltaT: 23000,
                     chatIndex: 312 } } ] } },
       '1':
        { Type: 202,
          Slot: 1,
          Color: 5,
          Username: 'Bogdan',
          Female: false,
          IsLocal: false,
          Skin: 'skin_default',
          timestamp: 2020-05-11T05:28:08.000Z,
          chat:
           [ 7,
             16,
             24,
             27,
             46,
             58,
             69,
             72,
             77,
             81,
             95,
             100,
             125,
             134,
             149,
             169,
             173,
             178,
             182,
             188,
             192,
             199,
             205,
             212,
             222,
             244,
             250,
             259,
             261,
             265,
             287 ],
          proposals:
           { '1':
              [ { Type: 304,
                  Player: 1,
                  NextPlayer: 2,
                  Amount: 2,
                  Duration: 60000,
                  Mission: 1,
                  timestamp: 2020-05-11T05:29:11.000Z,
                  propNumber: 2,
                  Proposer: 1,
                  SelectedTeam: [ 1, 3 ],
                  Passed: false,
                  deltaT: 3000,
                  chatIndex: 13,
                  vote_phase_start:
                   { Type: 306,
                     Proposer: 1,
                     Players: [ 1, 3 ],
                     Duration: 60000,
                     timestamp: 2020-05-11T05:29:11.000Z },
                  vote_made:
                   { '0':
                      { Type: 309,
                        Slot: 0,
                        timestamp: 2020-05-11T05:29:12.000Z,
                        deltaT: 1000 },
                     '1':
                      { Type: 309,
                        Slot: 1,
                        timestamp: 2020-05-11T05:29:12.000Z,
                        deltaT: 1000 },
                     '2':
                      { Type: 309,
                        Slot: 2,
                        timestamp: 2020-05-11T05:29:13.000Z,
                        deltaT: 2000 },
                     '3':
                      { Type: 309,
                        Slot: 3,
                        timestamp: 2020-05-11T05:29:24.000Z,
                        deltaT: 13000 },
                     '4':
                      { Type: 309,
                        Slot: 4,
                        timestamp: 2020-05-11T05:29:15.000Z,
                        deltaT: 4000 } },
                  vote_phase_end:
                   { Type: 307,
                     VotesFor: [ 1 ],
                     VotesAgainst: [ 0, 2, 4, 3 ],
                     Passed: false,
                     timestamp: 2020-05-11T05:29:24.000Z,
                     deltaT: 13000,
                     chatIndex: 16 } } ],
             '2':
              [ { Type: 304,
                  Player: 1,
                  NextPlayer: 2,
                  Amount: 3,
                  Duration: 60000,
                  Mission: 2,
                  timestamp: 2020-05-11T05:32:09.000Z,
                  propNumber: 2,
                  Proposer: 1,
                  SelectedTeam: [],
                  Passed: true,
                  deltaT: 1000,
                  chatIndex: 51 },
                { Type: 304,
                  Player: 1,
                  NextPlayer: 2,
                  Amount: 3,
                  Duration: 60000,
                  Mission: 2,
                  timestamp: 2020-05-11T05:38:36.000Z,
                  propNumber: 5,
                  Proposer: 1,
                  SelectedTeam: [ 1, 2, 3 ],
                  Passed: false,
                  deltaT: 48000,
                  chatIndex: 146,
                  vote_phase_start:
                   { Type: 306,
                     Proposer: 1,
                     Players: [ 1, 2, 3 ],
                     Duration: 60000,
                     timestamp: 2020-05-11T05:38:36.000Z },
                  vote_made:
                   { '0':
                      { Type: 309,
                        Slot: 0,
                        timestamp: 2020-05-11T05:38:39.000Z,
                        deltaT: 3000 },
                     '1':
                      { Type: 309,
                        Slot: 1,
                        timestamp: 2020-05-11T05:38:37.000Z,
                        deltaT: 1000 },
                     '2':
                      { Type: 309,
                        Slot: 2,
                        timestamp: 2020-05-11T05:38:41.000Z,
                        deltaT: 5000 },
                     '3':
                      { Type: 309,
                        Slot: 3,
                        timestamp: 2020-05-11T05:38:38.000Z,
                        deltaT: 2000 },
                     '4':
                      { Type: 309,
                        Slot: 4,
                        timestamp: 2020-05-11T05:39:17.000Z,
                        deltaT: 41000 } },
                  vote_phase_end:
                   { Type: 307,
                     VotesFor: [ 1, 3, 0, 2, 4 ],
                     VotesAgainst: [],
                     Passed: true,
                     timestamp: 2020-05-11T05:39:17.000Z,
                     deltaT: 41000,
                     chatIndex: 159 } } ],
             '3':
              [ { Type: 304,
                  Player: 1,
                  NextPlayer: 2,
                  Amount: 2,
                  Duration: 60000,
                  Mission: 3,
                  timestamp: 2020-05-11T05:43:22.000Z,
                  propNumber: 2,
                  Proposer: 1,
                  SelectedTeam: [],
                  Passed: true,
                  deltaT: 19000,
                  chatIndex: 202 },
                { Type: 304,
                  Player: 1,
                  NextPlayer: 2,
                  Amount: 2,
                  Duration: 60000,
                  Mission: 3,
                  timestamp: 2020-05-11T05:44:53.000Z,
                  propNumber: 3,
                  Proposer: 1,
                  SelectedTeam: [],
                  Passed: true,
                  deltaT: 2000,
                  chatIndex: 221 },
                { Type: 304,
                  Player: 1,
                  NextPlayer: 2,
                  Amount: 2,
                  Duration: 60000,
                  Mission: 3,
                  timestamp: 2020-05-11T05:45:26.000Z,
                  propNumber: 3,
                  Proposer: 1,
                  SelectedTeam: [],
                  Passed: true,
                  deltaT: 2000,
                  chatIndex: 227 },
                { Type: 304,
                  Player: 1,
                  NextPlayer: 2,
                  Amount: 2,
                  Duration: 60000,
                  Mission: 3,
                  timestamp: 2020-05-11T05:46:37.000Z,
                  propNumber: 3,
                  Proposer: 1,
                  SelectedTeam: [],
                  Passed: true,
                  deltaT: 8000,
                  chatIndex: 252 } ] } },
       '2':
        { Type: 202,
          Slot: 2,
          Color: 3,
          Username: 'Appa',
          Female: false,
          IsLocal: false,
          Skin: 'skin_default',
          timestamp: 2020-05-11T05:28:08.000Z,
          chat:
           [ 5,
             18,
             19,
             29,
             37,
             44,
             50,
             54,
             60,
             61,
             71,
             73,
             74,
             76,
             79,
             84,
             86,
             88,
             90,
             92,
             94,
             96,
             102,
             103,
             107,
             109,
             110,
             112,
             114,
             116,
             119,
             121,
             126,
             128,
             129,
             131,
             136,
             143,
             145,
             154,
             164,
             170,
             175,
             181,
             183,
             191,
             196,
             201,
             203,
             204,
             209,
             213,
             217,
             220,
             227,
             230,
             237,
             238,
             239,
             240,
             242,
             248,
             251,
             254,
             262,
             264,
             267,
             270,
             272,
             274,
             275,
             278,
             280,
             281,
             283,
             284,
             290,
             294,
             297,
             302,
             304,
             307,
             309,
             310,
             311,
             312 ],
          proposals:
           { '1':
              [ { Type: 304,
                  Player: 2,
                  NextPlayer: 3,
                  Amount: 2,
                  Duration: 60000,
                  Mission: 1,
                  timestamp: 2020-05-11T05:29:39.000Z,
                  propNumber: 3,
                  Proposer: 2,
                  SelectedTeam: [ 2, 3 ],
                  Passed: false,
                  deltaT: 10000,
                  chatIndex: 22,
                  vote_phase_start:
                   { Type: 306,
                     Proposer: 2,
                     Players: [ 2, 3 ],
                     Duration: 60000,
                     timestamp: 2020-05-11T05:29:39.000Z },
                  vote_made:
                   { '0':
                      { Type: 309,
                        Slot: 0,
                        timestamp: 2020-05-11T05:29:42.000Z,
                        deltaT: 3000 },
                     '1':
                      { Type: 309,
                        Slot: 1,
                        timestamp: 2020-05-11T05:29:41.000Z,
                        deltaT: 2000 },
                     '2':
                      { Type: 309,
                        Slot: 2,
                        timestamp: 2020-05-11T05:29:39.000Z,
                        deltaT: 0 },
                     '3':
                      { Type: 309,
                        Slot: 3,
                        timestamp: 2020-05-11T05:29:42.000Z,
                        deltaT: 3000 },
                     '4':
                      { Type: 309,
                        Slot: 4,
                        timestamp: 2020-05-11T05:29:56.000Z,
                        deltaT: 17000 } },
                  vote_phase_end:
                   { Type: 307,
                     VotesFor: [],
                     VotesAgainst: [ 2, 1, 3, 0, 4 ],
                     Passed: false,
                     timestamp: 2020-05-11T05:29:56.000Z,
                     deltaT: 17000,
                     chatIndex: 25 } } ],
             '2':
              [ { Type: 304,
                  Player: 2,
                  NextPlayer: 3,
                  Amount: 3,
                  Duration: 60000,
                  Mission: 2,
                  timestamp: 2020-05-11T05:33:02.000Z,
                  propNumber: 2,
                  Proposer: 2,
                  SelectedTeam: [],
                  Passed: true,
                  deltaT: 53000,
                  chatIndex: 68 } ],
             '3':
              [ { Type: 304,
                  Player: 2,
                  NextPlayer: 3,
                  Amount: 2,
                  Duration: 60000,
                  Mission: 3,
                  timestamp: 2020-05-11T05:41:05.000Z,
                  propNumber: 1,
                  Proposer: 2,
                  SelectedTeam: [],
                  Passed: true,
                  deltaT: 32000,
                  chatIndex: 175 },
                { Type: 304,
                  Player: 2,
                  NextPlayer: 3,
                  Amount: 2,
                  Duration: 60000,
                  Mission: 3,
                  timestamp: 2020-05-11T05:43:33.000Z,
                  propNumber: 2,
                  Proposer: 2,
                  SelectedTeam: [ 0, 2 ],
                  Passed: false,
                  deltaT: 11000,
                  chatIndex: 204,
                  vote_phase_start:
                   { Type: 306,
                     Proposer: 2,
                     Players: [ 0, 2 ],
                     Duration: 60000,
                     timestamp: 2020-05-11T05:43:33.000Z },
                  vote_made:
                   { '0':
                      { Type: 309,
                        Slot: 0,
                        timestamp: 2020-05-11T05:43:35.000Z,
                        deltaT: 2000 },
                     '1':
                      { Type: 309,
                        Slot: 1,
                        timestamp: 2020-05-11T05:43:56.000Z,
                        deltaT: 23000 },
                     '2':
                      { Type: 309,
                        Slot: 2,
                        timestamp: 2020-05-11T05:43:34.000Z,
                        deltaT: 1000 },
                     '3':
                      { Type: 309,
                        Slot: 3,
                        timestamp: 2020-05-11T05:43:35.000Z,
                        deltaT: 2000 },
                     '4':
                      { Type: 309,
                        Slot: 4,
                        timestamp: 2020-05-11T05:43:35.000Z,
                        deltaT: 2000 } },
                  vote_phase_end:
                   { Type: 307,
                     VotesFor: [],
                     VotesAgainst: [ 2, 3, 0, 4, 1 ],
                     Passed: false,
                     timestamp: 2020-05-11T05:43:56.000Z,
                     deltaT: 23000,
                     chatIndex: 206 } },
                { Type: 304,
                  Player: 2,
                  NextPlayer: 3,
                  Amount: 2,
                  Duration: 60000,
                  Mission: 3,
                  timestamp: 2020-05-11T05:44:58.000Z,
                  propNumber: 3,
                  Proposer: 2,
                  SelectedTeam: [],
                  Passed: true,
                  deltaT: 5000,
                  chatIndex: 221 },
                { Type: 304,
                  Player: 2,
                  NextPlayer: 3,
                  Amount: 2,
                  Duration: 60000,
                  Mission: 3,
                  timestamp: 2020-05-11T05:45:30.000Z,
                  propNumber: 3,
                  Proposer: 2,
                  SelectedTeam: [],
                  Passed: true,
                  deltaT: 4000,
                  chatIndex: 228 },
                { Type: 304,
                  Player: 2,
                  NextPlayer: 3,
                  Amount: 2,
                  Duration: 60000,
                  Mission: 3,
                  timestamp: 2020-05-11T05:47:22.000Z,
                  propNumber: 3,
                  Proposer: 2,
                  SelectedTeam: [],
                  Passed: true,
                  deltaT: 45000,
                  chatIndex: 273 } ] } },
       '3':
        { Type: 202,
          Slot: 3,
          Color: 1,
          Username: 'Logan',
          Female: false,
          IsLocal: false,
          Skin: 'skin_default',
          timestamp: 2020-05-11T05:28:08.000Z,
          chat:
           [ 4,
             8,
             9,
             11,
             13,
             14,
             20,
             26,
             28,
             33,
             36,
             38,
             41,
             43,
             45,
             51,
             53,
             55,
             59,
             62,
             64,
             65,
             66,
             68,
             70,
             82,
             89,
             93,
             97,
             98,
             104,
             105,
             106,
             108,
             111,
             117,
             118,
             120,
             123,
             124,
             132,
             135,
             137,
             140,
             141,
             142,
             144,
             151,
             153,
             156,
             159,
             162,
             166,
             167,
             172,
             179,
             184,
             185,
             187,
             195,
             197,
             198,
             202,
             207,
             208,
             210,
             214,
             219,
             223,
             224,
             225,
             231,
             232,
             234,
             235,
             241,
             246,
             247,
             249,
             252,
             253,
             256,
             258,
             268,
             269,
             276,
             277,
             282,
             285,
             286,
             288,
             292,
             295,
             296,
             299,
             300 ],
          proposals:
           { '1':
              [ { Type: 304,
                  Player: 3,
                  NextPlayer: 4,
                  Amount: 2,
                  Duration: 60000,
                  Mission: 1,
                  timestamp: 2020-05-11T05:30:21.000Z,
                  propNumber: 4,
                  Proposer: 3,
                  SelectedTeam: [ 3, 4 ],
                  Passed: false,
                  deltaT: 20000,
                  chatIndex: 27,
                  vote_phase_start:
                   { Type: 306,
                     Proposer: 3,
                     Players: [ 3, 4 ],
                     Duration: 60000,
                     timestamp: 2020-05-11T05:30:21.000Z },
                  vote_made:
                   { '0':
                      { Type: 309,
                        Slot: 0,
                        timestamp: 2020-05-11T05:30:22.000Z,
                        deltaT: 1000 },
                     '1':
                      { Type: 309,
                        Slot: 1,
                        timestamp: 2020-05-11T05:30:29.000Z,
                        deltaT: 8000 },
                     '2':
                      { Type: 309,
                        Slot: 2,
                        timestamp: 2020-05-11T05:30:23.000Z,
                        deltaT: 2000 },
                     '3':
                      { Type: 309,
                        Slot: 3,
                        timestamp: 2020-05-11T05:30:21.000Z,
                        deltaT: 0 },
                     '4':
                      { Type: 309,
                        Slot: 4,
                        timestamp: 2020-05-11T05:30:24.000Z,
                        deltaT: 3000 } },
                  vote_phase_end:
                   { Type: 307,
                     VotesFor: [],
                     VotesAgainst: [ 3, 0, 2, 4, 1 ],
                     Passed: false,
                     timestamp: 2020-05-11T05:30:29.000Z,
                     deltaT: 8000,
                     chatIndex: 28 } } ],
             '2':
              [ { Type: 304,
                  Player: 3,
                  NextPlayer: 4,
                  Amount: 3,
                  Duration: 60000,
                  Mission: 2,
                  timestamp: 2020-05-11T05:33:56.000Z,
                  propNumber: 2,
                  Proposer: 3,
                  SelectedTeam: [ 0, 1, 3 ],
                  Passed: false,
                  deltaT: 54000,
                  chatIndex: 79,
                  vote_phase_start:
                   { Type: 306,
                     Proposer: 3,
                     Players: [ 0, 1, 3 ],
                     Duration: 60000,
                     timestamp: 2020-05-11T05:33:56.000Z },
                  vote_made:
                   { '0':
                      { Type: 309,
                        Slot: 0,
                        timestamp: 2020-05-11T05:34:27.000Z,
                        deltaT: 31000 },
                     '1':
                      { Type: 309,
                        Slot: 1,
                        timestamp: 2020-05-11T05:34:05.000Z,
                        deltaT: 9000 },
                     '2':
                      { Type: 309,
                        Slot: 2,
                        timestamp: 2020-05-11T05:34:35.000Z,
                        deltaT: 39000 },
                     '3':
                      { Type: 309,
                        Slot: 3,
                        timestamp: 2020-05-11T05:34:32.000Z,
                        deltaT: 36000 },
                     '4':
                      { Type: 309,
                        Slot: 4,
                        timestamp: 2020-05-11T05:34:16.000Z,
                        deltaT: 20000 } },
                  vote_phase_end:
                   { Type: 307,
                     VotesFor: [],
                     VotesAgainst: [ 1, 4, 0, 3, 2 ],
                     Passed: false,
                     timestamp: 2020-05-11T05:34:35.000Z,
                     deltaT: 39000,
                     chatIndex: 93 } } ],
             '3':
              [ { Type: 304,
                  Player: 3,
                  NextPlayer: 4,
                  Amount: 2,
                  Duration: 60000,
                  Mission: 3,
                  timestamp: 2020-05-11T05:41:43.000Z,
                  propNumber: 1,
                  Proposer: 3,
                  SelectedTeam: [],
                  Passed: true,
                  deltaT: 38000,
                  chatIndex: 182 },
                { Type: 304,
                  Player: 3,
                  NextPlayer: 4,
                  Amount: 2,
                  Duration: 60000,
                  Mission: 3,
                  timestamp: 2020-05-11T05:44:40.000Z,
                  propNumber: 3,
                  Proposer: 3,
                  SelectedTeam: [],
                  Passed: true,
                  deltaT: 39000,
                  chatIndex: 215 },
                { Type: 304,
                  Player: 3,
                  NextPlayer: 4,
                  Amount: 2,
                  Duration: 60000,
                  Mission: 3,
                  timestamp: 2020-05-11T05:45:17.000Z,
                  propNumber: 3,
                  Proposer: 3,
                  SelectedTeam: [],
                  Passed: true,
                  deltaT: 19000,
                  chatIndex: 225 },
                { Type: 304,
                  Player: 3,
                  NextPlayer: 4,
                  Amount: 2,
                  Duration: 60000,
                  Mission: 3,
                  timestamp: 2020-05-11T05:46:03.000Z,
                  propNumber: 3,
                  Proposer: 3,
                  SelectedTeam: [],
                  Passed: true,
                  deltaT: 33000,
                  chatIndex: 242 },
                { Type: 304,
                  Player: 3,
                  NextPlayer: 4,
                  Amount: 2,
                  Duration: 60000,
                  Mission: 3,
                  timestamp: 2020-05-11T05:47:43.000Z,
                  propNumber: 3,
                  Proposer: 3,
                  SelectedTeam: [ 0, 3 ],
                  Passed: false,
                  deltaT: 21000,
                  chatIndex: 278,
                  vote_phase_start:
                   { Type: 306,
                     Proposer: 3,
                     Players: [ 0, 3 ],
                     Duration: 60000,
                     timestamp: 2020-05-11T05:47:43.000Z },
                  vote_made:
                   { '0':
                      { Type: 309,
                        Slot: 0,
                        timestamp: 2020-05-11T05:47:47.000Z,
                        deltaT: 4000 },
                     '1':
                      { Type: 309,
                        Slot: 1,
                        timestamp: 2020-05-11T05:47:46.000Z,
                        deltaT: 3000 },
                     '2':
                      { Type: 309,
                        Slot: 2,
                        timestamp: 2020-05-11T05:47:54.000Z,
                        deltaT: 11000 },
                     '3':
                      { Type: 309,
                        Slot: 3,
                        timestamp: 2020-05-11T05:47:47.000Z,
                        deltaT: 4000 },
                     '4':
                      { Type: 309,
                        Slot: 4,
                        timestamp: 2020-05-11T05:47:46.000Z,
                        deltaT: 3000 } },
                  vote_phase_end:
                   { Type: 307,
                     VotesFor: [ 3 ],
                     VotesAgainst: [ 4, 1, 0, 2 ],
                     Passed: false,
                     timestamp: 2020-05-11T05:47:54.000Z,
                     deltaT: 11000,
                     chatIndex: 282 } } ] } },
       '4':
        { Type: 202,
          Slot: 4,
          Color: 0,
          Username: 'Kurt',
          Female: false,
          IsLocal: false,
          Skin: 'skin_default',
          timestamp: 2020-05-11T05:28:08.000Z,
          chat:
           [ 3,
             22,
             23,
             30,
             31,
             35,
             39,
             40,
             47,
             49,
             63,
             67,
             78,
             80,
             85,
             99,
             113,
             115,
             138,
             148,
             150,
             152,
             157,
             158,
             163,
             168,
             174,
             177,
             180,
             186,
             193,
             206,
             211,
             243,
             260,
             273,
             291,
             301,
             305,
             308 ],
          proposals:
           { '1':
              [ { Type: 304,
                  Player: 4,
                  NextPlayer: 0,
                  Amount: 2,
                  Duration: 60000,
                  Mission: 1,
                  timestamp: 2020-05-11T05:30:41.000Z,
                  propNumber: 5,
                  Proposer: 4,
                  SelectedTeam: [ 3, 4 ],
                  Passed: false,
                  deltaT: 7000,
                  chatIndex: 31,
                  vote_phase_start:
                   { Type: 306,
                     Proposer: 4,
                     Players: [ 3, 4 ],
                     Duration: 60000,
                     timestamp: 2020-05-11T05:30:41.000Z },
                  vote_made:
                   { '0':
                      { Type: 309,
                        Slot: 0,
                        timestamp: 2020-05-11T05:30:43.000Z,
                        deltaT: 2000 },
                     '1':
                      { Type: 309,
                        Slot: 1,
                        timestamp: 2020-05-11T05:30:43.000Z,
                        deltaT: 2000 },
                     '2':
                      { Type: 309,
                        Slot: 2,
                        timestamp: 2020-05-11T05:30:43.000Z,
                        deltaT: 2000 },
                     '3':
                      { Type: 309,
                        Slot: 3,
                        timestamp: 2020-05-11T05:30:43.000Z,
                        deltaT: 2000 },
                     '4':
                      { Type: 309,
                        Slot: 4,
                        timestamp: 2020-05-11T05:30:45.000Z,
                        deltaT: 4000 } },
                  vote_phase_end:
                   { Type: 307,
                     VotesFor: [ 3, 1, 0, 2, 4 ],
                     VotesAgainst: [],
                     Passed: true,
                     timestamp: 2020-05-11T05:30:45.000Z,
                     deltaT: 4000,
                     chatIndex: 32 } } ],
             '2':
              [ { Type: 304,
                  Player: 4,
                  NextPlayer: 0,
                  Amount: 3,
                  Duration: 60000,
                  Mission: 2,
                  timestamp: 2020-05-11T05:35:35.000Z,
                  propNumber: 3,
                  Proposer: 4,
                  SelectedTeam: [ 0, 1, 4 ],
                  Passed: false,
                  deltaT: 55000,
                  chatIndex: 107,
                  vote_phase_start:
                   { Type: 306,
                     Proposer: 4,
                     Players: [ 0, 1, 4 ],
                     Duration: 60000,
                     timestamp: 2020-05-11T05:35:35.000Z },
                  vote_made:
                   { '0':
                      { Type: 309,
                        Slot: 0,
                        timestamp: 2020-05-11T05:35:37.000Z,
                        deltaT: 2000 },
                     '1':
                      { Type: 309,
                        Slot: 1,
                        timestamp: 2020-05-11T05:35:37.000Z,
                        deltaT: 2000 },
                     '2':
                      { Type: 309,
                        Slot: 2,
                        timestamp: 2020-05-11T05:36:18.000Z,
                        deltaT: 43000 },
                     '3':
                      { Type: 309,
                        Slot: 3,
                        timestamp: 2020-05-11T05:36:29.000Z,
                        deltaT: 54000 },
                     '4':
                      { Type: 309,
                        Slot: 4,
                        timestamp: 2020-05-11T05:35:36.000Z,
                        deltaT: 1000 } },
                  vote_phase_end:
                   { Type: 307,
                     VotesFor: [],
                     VotesAgainst: [ 4, 1, 0, 2, 3 ],
                     Passed: false,
                     timestamp: 2020-05-11T05:36:29.000Z,
                     deltaT: 54000,
                     chatIndex: 116 } } ],
             '3':
              [ { Type: 304,
                  Player: 4,
                  NextPlayer: 0,
                  Amount: 2,
                  Duration: 60000,
                  Mission: 3,
                  timestamp: 2020-05-11T05:41:51.000Z,
                  propNumber: 1,
                  Proposer: 4,
                  SelectedTeam: [],
                  Passed: true,
                  deltaT: 8000,
                  chatIndex: 183 },
                { Type: 304,
                  Player: 4,
                  NextPlayer: 0,
                  Amount: 2,
                  Duration: 60000,
                  Mission: 3,
                  timestamp: 2020-05-11T05:44:48.000Z,
                  propNumber: 3,
                  Proposer: 4,
                  SelectedTeam: [],
                  Passed: true,
                  deltaT: 8000,
                  chatIndex: 220 },
                { Type: 304,
                  Player: 4,
                  NextPlayer: 0,
                  Amount: 2,
                  Duration: 60000,
                  Mission: 3,
                  timestamp: 2020-05-11T05:45:21.000Z,
                  propNumber: 3,
                  Proposer: 4,
                  SelectedTeam: [],
                  Passed: true,
                  deltaT: 4000,
                  chatIndex: 225 },
                { Type: 304,
                  Player: 4,
                  NextPlayer: 0,
                  Amount: 2,
                  Duration: 60000,
                  Mission: 3,
                  timestamp: 2020-05-11T05:46:27.000Z,
                  propNumber: 3,
                  Proposer: 4,
                  SelectedTeam: [],
                  Passed: true,
                  deltaT: 24000,
                  chatIndex: 249 },
                { Type: 304,
                  Player: 4,
                  NextPlayer: 0,
                  Amount: 2,
                  Duration: 60000,
                  Mission: 3,
                  timestamp: 2020-05-11T05:48:07.000Z,
                  propNumber: 4,
                  Proposer: 4,
                  SelectedTeam: [ 0, 4 ],
                  Passed: false,
                  deltaT: 8000,
                  chatIndex: 286,
                  vote_phase_start:
                   { Type: 306,
                     Proposer: 4,
                     Players: [ 0, 4 ],
                     Duration: 60000,
                     timestamp: 2020-05-11T05:48:07.000Z },
                  vote_made:
                   { '0':
                      { Type: 309,
                        Slot: 0,
                        timestamp: 2020-05-11T05:48:08.000Z,
                        deltaT: 1000 },
                     '1':
                      { Type: 309,
                        Slot: 1,
                        timestamp: 2020-05-11T05:48:31.000Z,
                        deltaT: 24000 },
                     '2':
                      { Type: 309,
                        Slot: 2,
                        timestamp: 2020-05-11T05:48:11.000Z,
                        deltaT: 4000 },
                     '3':
                      { Type: 309,
                        Slot: 3,
                        timestamp: 2020-05-11T05:48:59.000Z,
                        deltaT: 52000 },
                     '4':
                      { Type: 309,
                        Slot: 4,
                        timestamp: 2020-05-11T05:48:36.000Z,
                        deltaT: 29000 } },
                  vote_phase_end:
                   { Type: 307,
                     VotesFor: [ 4 ],
                     VotesAgainst: [ 0, 2, 1, 3 ],
                     Passed: false,
                     timestamp: 2020-05-11T05:48:59.000Z,
                     deltaT: 52000,
                     chatIndex: 299 } } ] } } },
    game_start:
     { Type: 201,
       Disconnected: [],
       AFK: [],
       timestamp: 2020-05-11T05:28:15.000Z },
    local_slot:
     { Type: 202,
       Slot: 0,
       Color: 4,
       Username: 'Harry',
       Female: false,
       IsLocal: true,
       Skin: 'skin_default',
       timestamp: 2020-05-11T05:28:08.000Z,
       chat:
        [ 0,
          1,
          2,
          6,
          10,
          12,
          15,
          17,
          21,
          25,
          32,
          34,
          42,
          48,
          52,
          56,
          57,
          75,
          83,
          87,
          91,
          101,
          122,
          127,
          130,
          133,
          139,
          146,
          147,
          155,
          160,
          161,
          165,
          171,
          176,
          189,
          190,
          194,
          200,
          215,
          216,
          218,
          221,
          226,
          228,
          229,
          233,
          236,
          245,
          255,
          257,
          263,
          266,
          271,
          279,
          289,
          293,
          298,
          303,
          306 ],
       proposals:
        { '1':
           [ { Type: 304,
               Player: 0,
               NextPlayer: 1,
               Amount: 2,
               Duration: 60000,
               Mission: 1,
               timestamp: 2020-05-11T05:28:58.000Z,
               propNumber: 1,
               Proposer: 0,
               SelectedTeam: [ 0, 3 ],
               Passed: false,
               deltaT: 13000,
               chatIndex: 11,
               vote_phase_start:
                { Type: 306,
                  Proposer: 0,
                  Players: [ 0, 3 ],
                  Duration: 60000,
                  timestamp: 2020-05-11T05:28:58.000Z },
               vote_made:
                { '0':
                   { Type: 309,
                     Slot: 0,
                     timestamp: 2020-05-11T05:28:58.000Z,
                     deltaT: 0 },
                  '1':
                   { Type: 309,
                     Slot: 1,
                     timestamp: 2020-05-11T05:29:01.000Z,
                     deltaT: 3000 },
                  '2':
                   { Type: 309,
                     Slot: 2,
                     timestamp: 2020-05-11T05:29:00.000Z,
                     deltaT: 2000 },
                  '3':
                   { Type: 309,
                     Slot: 3,
                     timestamp: 2020-05-11T05:29:03.000Z,
                     deltaT: 5000 },
                  '4':
                   { Type: 309,
                     Slot: 4,
                     timestamp: 2020-05-11T05:28:59.000Z,
                     deltaT: 1000 } },
               vote_phase_end:
                { Type: 307,
                  VotesFor: [ 0 ],
                  VotesAgainst: [ 4, 2, 1, 3 ],
                  Passed: false,
                  timestamp: 2020-05-11T05:29:03.000Z,
                  deltaT: 5000,
                  chatIndex: 12 } } ],
          '2':
           [ { Type: 304,
               Player: 0,
               NextPlayer: 1,
               Amount: 3,
               Duration: 60000,
               Mission: 2,
               timestamp: 2020-05-11T05:31:48.000Z,
               propNumber: 1,
               Proposer: 0,
               SelectedTeam: [ 0, 2, 4 ],
               Passed: false,
               deltaT: 3000,
               chatIndex: 43,
               vote_phase_start:
                { Type: 306,
                  Proposer: 0,
                  Players: [ 0, 2, 4 ],
                  Duration: 60000,
                  timestamp: 2020-05-11T05:31:48.000Z },
               vote_made:
                { '0':
                   { Type: 309,
                     Slot: 0,
                     timestamp: 2020-05-11T05:31:50.000Z,
                     deltaT: 2000 },
                  '1':
                   { Type: 309,
                     Slot: 1,
                     timestamp: 2020-05-11T05:32:03.000Z,
                     deltaT: 15000 },
                  '2':
                   { Type: 309,
                     Slot: 2,
                     timestamp: 2020-05-11T05:31:59.000Z,
                     deltaT: 11000 },
                  '3':
                   { Type: 309,
                     Slot: 3,
                     timestamp: 2020-05-11T05:32:01.000Z,
                     deltaT: 13000 },
                  '4':
                   { Type: 309,
                     Slot: 4,
                     timestamp: 2020-05-11T05:31:51.000Z,
                     deltaT: 3000 } },
               vote_phase_end:
                { Type: 307,
                  VotesFor: [ 0 ],
                  VotesAgainst: [ 4, 2, 3, 1 ],
                  Passed: false,
                  timestamp: 2020-05-11T05:32:03.000Z,
                  deltaT: 15000,
                  chatIndex: 48 } },
             { Type: 304,
               Player: 0,
               NextPlayer: 1,
               Amount: 3,
               Duration: 60000,
               Mission: 2,
               timestamp: 2020-05-11T05:36:50.000Z,
               propNumber: 4,
               Proposer: 0,
               SelectedTeam: [ 0, 2, 4 ],
               Passed: false,
               deltaT: 16000,
               chatIndex: 120,
               vote_phase_start:
                { Type: 306,
                  Proposer: 0,
                  Players: [ 0, 2, 4 ],
                  Duration: 60000,
                  timestamp: 2020-05-11T05:36:50.000Z },
               vote_made:
                { '0':
                   { Type: 309,
                     Slot: 0,
                     timestamp: 2020-05-11T05:36:51.000Z,
                     deltaT: 1000 },
                  '1':
                   { Type: 309,
                     Slot: 1,
                     timestamp: 2020-05-11T05:36:52.000Z,
                     deltaT: 2000 },
                  '2':
                   { Type: 309,
                     Slot: 2,
                     timestamp: 2020-05-11T05:37:43.000Z,
                     deltaT: 53000 },
                  '3':
                   { Type: 309,
                     Slot: 3,
                     timestamp: 2020-05-11T05:37:11.000Z,
                     deltaT: 21000 },
                  '4':
                   { Type: 309,
                     Slot: 4,
                     timestamp: 2020-05-11T05:36:54.000Z,
                     deltaT: 4000 } },
               vote_phase_end:
                { Type: 307,
                  VotesFor: [],
                  VotesAgainst: [ 0, 1, 4, 3, 2 ],
                  Passed: false,
                  timestamp: 2020-05-11T05:37:43.000Z,
                  deltaT: 53000,
                  chatIndex: 132 } } ],
          '3':
           [ { Type: 304,
               Player: 0,
               NextPlayer: 1,
               Amount: 2,
               Duration: 60000,
               Mission: 3,
               timestamp: 2020-05-11T05:42:06.000Z,
               propNumber: 1,
               Proposer: 0,
               SelectedTeam: [ 0, 2 ],
               Passed: false,
               deltaT: 15000,
               chatIndex: 185,
               vote_phase_start:
                { Type: 306,
                  Proposer: 0,
                  Players: [ 0, 2 ],
                  Duration: 60000,
                  timestamp: 2020-05-11T05:42:06.000Z },
               vote_made:
                { '0':
                   { Type: 309,
                     Slot: 0,
                     timestamp: 2020-05-11T05:42:06.000Z,
                     deltaT: 0 },
                  '1':
                   { Type: 309,
                     Slot: 1,
                     timestamp: 2020-05-11T05:42:08.000Z,
                     deltaT: 2000 },
                  '2':
                   { Type: 309,
                     Slot: 2,
                     timestamp: 2020-05-11T05:42:10.000Z,
                     deltaT: 4000 },
                  '3':
                   { Type: 309,
                     Slot: 3,
                     timestamp: 2020-05-11T05:42:21.000Z,
                     deltaT: 15000 },
                  '4':
                   { Type: 309,
                     Slot: 4,
                     timestamp: 2020-05-11T05:42:58.000Z,
                     deltaT: 52000 } },
               vote_phase_end:
                { Type: 307,
                  VotesFor: [],
                  VotesAgainst: [ 0, 1, 2, 3, 4 ],
                  Passed: false,
                  timestamp: 2020-05-11T05:42:58.000Z,
                  deltaT: 52000,
                  chatIndex: 196 } },
             { Type: 304,
               Player: 0,
               NextPlayer: 1,
               Amount: 2,
               Duration: 60000,
               Mission: 3,
               timestamp: 2020-05-11T05:44:51.000Z,
               propNumber: 3,
               Proposer: 0,
               SelectedTeam: [],
               Passed: true,
               deltaT: 3000,
               chatIndex: 221 },
             { Type: 304,
               Player: 0,
               NextPlayer: 1,
               Amount: 2,
               Duration: 60000,
               Mission: 3,
               timestamp: 2020-05-11T05:45:24.000Z,
               propNumber: 3,
               Proposer: 0,
               SelectedTeam: [],
               Passed: true,
               deltaT: 3000,
               chatIndex: 227 },
             { Type: 304,
               Player: 0,
               NextPlayer: 1,
               Amount: 2,
               Duration: 60000,
               Mission: 3,
               timestamp: 2020-05-11T05:46:29.000Z,
               propNumber: 3,
               Proposer: 0,
               SelectedTeam: [],
               Passed: true,
               deltaT: 2000,
               chatIndex: 250 },
             { Type: 304,
               Player: 0,
               NextPlayer: 1,
               Amount: 2,
               Duration: 60000,
               Mission: 3,
               timestamp: 2020-05-11T05:49:06.000Z,
               propNumber: 5,
               Proposer: 0,
               SelectedTeam: [ 0, 3 ],
               Passed: false,
               deltaT: 2000,
               chatIndex: 301,
               vote_phase_start:
                { Type: 306,
                  Proposer: 0,
                  Players: [ 0, 3 ],
                  Duration: 60000,
                  timestamp: 2020-05-11T05:49:06.000Z },
               vote_made:
                { '0':
                   { Type: 309,
                     Slot: 0,
                     timestamp: 2020-05-11T05:49:07.000Z,
                     deltaT: 1000 },
                  '1':
                   { Type: 309,
                     Slot: 1,
                     timestamp: 2020-05-11T05:49:11.000Z,
                     deltaT: 5000 },
                  '2':
                   { Type: 309,
                     Slot: 2,
                     timestamp: 2020-05-11T05:49:25.000Z,
                     deltaT: 19000 },
                  '3':
                   { Type: 309,
                     Slot: 3,
                     timestamp: 2020-05-11T05:49:29.000Z,
                     deltaT: 23000 },
                  '4':
                   { Type: 309,
                     Slot: 4,
                     timestamp: 2020-05-11T05:49:25.000Z,
                     deltaT: 19000 } },
               vote_phase_end:
                { Type: 307,
                  VotesFor: [ 0, 1, 2 ],
                  VotesAgainst: [ 4, 3 ],
                  Passed: true,
                  timestamp: 2020-05-11T05:49:29.000Z,
                  deltaT: 23000,
                  chatIndex: 312 } } ] } },
    chat:
     [ { Type: 205,
         Message: 'oh thank god',
         Slot: 0,
         index: 0,
         timestamp: 2020-05-11T05:28:21.000Z },
       { Type: 205,
         Message: 'im agent',
         Slot: 0,
         index: 1,
         timestamp: 2020-05-11T05:28:22.000Z },
       { Type: 205,
         Message: 'hacker sucks',
         Slot: 0,
         index: 2,
         timestamp: 2020-05-11T05:28:24.000Z },
       { Type: 205,
         Message: 'Hello!',
         Slot: 4,
         index: 3,
         timestamp: 2020-05-11T05:28:25.000Z },
       { Type: 205,
         Message: 'harry do u know my role',
         Slot: 3,
         index: 4,
         timestamp: 2020-05-11T05:28:37.000Z },
       { Type: 205,
         Message: 'midnight sucks <sprite name="emoji_tongue">',
         Slot: 2,
         index: 5,
         timestamp: 2020-05-11T05:28:37.000Z },
       { Type: 205,
         Message: 'no',
         Slot: 0,
         index: 6,
         timestamp: 2020-05-11T05:28:39.000Z },
       { Type: 205,
         Message: '<sprite name="emoji_tongue">',
         Slot: 1,
         index: 7,
         timestamp: 2020-05-11T05:28:43.000Z },
       { Type: 205,
         Message: 'u really dont?',
         Slot: 3,
         index: 8,
         timestamp: 2020-05-11T05:28:47.000Z },
       { Type: 205,
         Message: 'come on',
         Slot: 3,
         index: 9,
         timestamp: 2020-05-11T05:28:50.000Z },
       { Type: 205,
         Message: 'agent',
         Slot: 0,
         index: 10,
         timestamp: 2020-05-11T05:28:56.000Z },
       { Type: 205,
         Message: '<sprite name="emoji_surprised">',
         Slot: 3,
         index: 11,
         timestamp: 2020-05-11T05:29:00.000Z },
       { Type: 205,
         Message: 'am i right',
         Slot: 0,
         index: 12,
         timestamp: 2020-05-11T05:29:04.000Z },
       { Type: 205,
         Message: 'well the hacker list is in the top left corner harry right',
         Slot: 3,
         index: 13,
         timestamp: 2020-05-11T05:29:14.000Z },
       { Type: 205,
         Message: 'so u would know',
         Slot: 3,
         index: 14,
         timestamp: 2020-05-11T05:29:19.000Z },
       { Type: 205,
         Message: 'for me its the top right?',
         Slot: 0,
         index: 15,
         timestamp: 2020-05-11T05:29:23.000Z },
       { Type: 205,
         Message: '<sprite name="emoji_tongue">',
         Slot: 1,
         index: 16,
         timestamp: 2020-05-11T05:29:29.000Z },
       { Type: 205,
         Message: 'oh wait im playing in a mirror rn',
         Slot: 0,
         index: 17,
         timestamp: 2020-05-11T05:29:29.000Z },
       { Type: 205,
         Message: 'i thought it was in the middle',
         Slot: 2,
         index: 18,
         timestamp: 2020-05-11T05:29:29.000Z },
       { Type: 205,
         Message: 'under the timer',
         Slot: 2,
         index: 19,
         timestamp: 2020-05-11T05:29:31.000Z },
       { Type: 205,
         Message: 'really?',
         Slot: 3,
         index: 20,
         timestamp: 2020-05-11T05:29:35.000Z },
       { Type: 205,
         Message: 'no',
         Slot: 0,
         index: 21,
         timestamp: 2020-05-11T05:29:38.000Z },
       { Type: 205,
         Message: 'No bro I can see it on my screen',
         Slot: 4,
         index: 22,
         timestamp: 2020-05-11T05:29:48.000Z },
       { Type: 205,
         Message: 'Its top left',
         Slot: 4,
         index: 23,
         timestamp: 2020-05-11T05:29:52.000Z },
       { Type: 205,
         Message: 'three people picked logan you know what that means?',
         Slot: 1,
         index: 24,
         timestamp: 2020-05-11T05:29:54.000Z },
       { Type: 205,
         Message: 'hes about ot get framed',
         Slot: 0,
         index: 25,
         timestamp: 2020-05-11T05:30:01.000Z },
       { Type: 205,
         Message: 'tell us bogdan',
         Slot: 3,
         index: 26,
         timestamp: 2020-05-11T05:30:06.000Z },
       { Type: 205,
         Message: 'one hacker picked him if kusrt or logan arent both hackers',
         Slot: 1,
         index: 27,
         timestamp: 2020-05-11T05:30:26.000Z },
       { Type: 205,
         Message: 'kurt prop me and hack',
         Slot: 3,
         index: 28,
         timestamp: 2020-05-11T05:30:30.000Z },
       { Type: 205,
         Message: 'it means admin picked him so he\'s agent',
         Slot: 2,
         index: 29,
         timestamp: 2020-05-11T05:30:30.000Z },
       { Type: 205,
         Message: 'aight bet',
         Slot: 4,
         index: 30,
         timestamp: 2020-05-11T05:30:38.000Z },
       { Type: 205,
         Message: '<sprite name="emoji_hammer">',
         Slot: 4,
         index: 31,
         timestamp: 2020-05-11T05:30:44.000Z },
       { Type: 205,
         Message: 'nice',
         Slot: 0,
         index: 32,
         timestamp: 2020-05-11T05:30:46.000Z },
       { Type: 205,
         Message: 'im hacking',
         Slot: 3,
         index: 33,
         timestamp: 2020-05-11T05:30:48.000Z },
       { Type: 205,
         Message: 'nice',
         Slot: 0,
         index: 34,
         timestamp: 2020-05-11T05:30:59.000Z },
       { Type: 205,
         Message: 'oh *!$# you',
         Slot: 4,
         index: 35,
         timestamp: 2020-05-11T05:31:01.000Z },
       { Type: 205,
         Message: 'ur not afraid of me kurt',
         Slot: 3,
         index: 36,
         timestamp: 2020-05-11T05:31:03.000Z },
       { Type: 205,
         Message: 'im actually glad that got hacked',
         Slot: 2,
         index: 37,
         timestamp: 2020-05-11T05:31:09.000Z },
       { Type: 205,
         Message: 'Me too',
         Slot: 3,
         index: 38,
         timestamp: 2020-05-11T05:31:16.000Z },
       { Type: 205,
         Message: 'I didnt think youd try that tbh',
         Slot: 4,
         index: 39,
         timestamp: 2020-05-11T05:31:30.000Z },
       { Type: 205,
         Message: 'wp',
         Slot: 4,
         index: 40,
         timestamp: 2020-05-11T05:31:33.000Z },
       { Type: 205,
         Message: 'lmao so fake',
         Slot: 3,
         index: 41,
         timestamp: 2020-05-11T05:31:36.000Z },
       { Type: 205,
         Message: 'fake enough for me to believe it',
         Slot: 0,
         index: 42,
         timestamp: 2020-05-11T05:31:44.000Z },
       { Type: 205,
         Message: '????',
         Slot: 3,
         index: 43,
         timestamp: 2020-05-11T05:31:48.000Z },
       { Type: 205,
         Message: 'harry what',
         Slot: 2,
         index: 44,
         timestamp: 2020-05-11T05:31:51.000Z },
       { Type: 205,
         Message: 'dude',
         Slot: 3,
         index: 45,
         timestamp: 2020-05-11T05:31:54.000Z },
       { Type: 205,
         Message: 'oh harry boo',
         Slot: 1,
         index: 46,
         timestamp: 2020-05-11T05:31:55.000Z },
       { Type: 205,
         Message: 'Leaving hammer was a mistake',
         Slot: 4,
         index: 47,
         timestamp: 2020-05-11T05:31:59.000Z },
       { Type: 205,
         Message: 'its fine',
         Slot: 0,
         index: 48,
         timestamp: 2020-05-11T05:32:04.000Z },
       { Type: 205,
         Message: 'That should have been a pass',
         Slot: 4,
         index: 49,
         timestamp: 2020-05-11T05:32:05.000Z },
       { Type: 205,
         Message: 'let me ask the big question',
         Slot: 2,
         index: 50,
         timestamp: 2020-05-11T05:32:08.000Z },
       { Type: 205,
         Message: 'not',
         Slot: 3,
         index: 51,
         timestamp: 2020-05-11T05:32:10.000Z },
       { Type: 205,
         Message: 'others will pass',
         Slot: 0,
         index: 52,
         timestamp: 2020-05-11T05:32:10.000Z },
       { Type: 205,
         Message: 'kurt',
         Slot: 3,
         index: 53,
         timestamp: 2020-05-11T05:32:12.000Z },
       { Type: 205,
         Message: 'do we think n1 double?',
         Slot: 2,
         index: 54,
         timestamp: 2020-05-11T05:32:12.000Z },
       { Type: 205,
         Message: 'harry not passing was smart',
         Slot: 3,
         index: 55,
         timestamp: 2020-05-11T05:32:17.000Z },
       { Type: 205,
         Message: 'i know',
         Slot: 0,
         index: 56,
         timestamp: 2020-05-11T05:32:22.000Z },
       { Type: 205,
         Message:
          'because then if no one else passes, logan will for sure pass and give me hammer',
         Slot: 0,
         index: 57,
         timestamp: 2020-05-11T05:32:31.000Z },
       { Type: 205,
         Message:
          'i dont think we should do anti at all figure it out n3 based on n2',
         Slot: 1,
         index: 58,
         timestamp: 2020-05-11T05:32:33.000Z },
       { Type: 205,
         Message: '^',
         Slot: 3,
         index: 59,
         timestamp: 2020-05-11T05:32:36.000Z },
       { Type: 205,
         Message: 'i dont want to do anti as of now',
         Slot: 2,
         index: 60,
         timestamp: 2020-05-11T05:32:39.000Z },
       { Type: 205,
         Message: 'but it is a very viable possibility',
         Slot: 2,
         index: 61,
         timestamp: 2020-05-11T05:32:45.000Z },
       { Type: 205,
         Message: 'again',
         Slot: 3,
         index: 62,
         timestamp: 2020-05-11T05:32:51.000Z },
       { Type: 205,
         Message: 'Logan didnt say anything about the lack of pass',
         Slot: 4,
         index: 63,
         timestamp: 2020-05-11T05:32:52.000Z },
       { Type: 205,
         Message: 'please read what kurt said',
         Slot: 3,
         index: 64,
         timestamp: 2020-05-11T05:32:54.000Z },
       { Type: 205,
         Message: 'above',
         Slot: 3,
         index: 65,
         timestamp: 2020-05-11T05:32:54.000Z },
       { Type: 205,
         Message: 'and tell me it doesnt give u some grasp',
         Slot: 3,
         index: 66,
         timestamp: 2020-05-11T05:33:00.000Z },
       { Type: 205,
         Message: 'in fact they said it was good?',
         Slot: 4,
         index: 67,
         timestamp: 2020-05-11T05:33:00.000Z },
       { Type: 205,
         Message: 'and i think harry is agent',
         Slot: 3,
         index: 68,
         timestamp: 2020-05-11T05:33:08.000Z },
       { Type: 205,
         Message: 'if only one of us is in n2 appa i like that for n3',
         Slot: 1,
         index: 69,
         timestamp: 2020-05-11T05:33:11.000Z },
       { Type: 205,
         Message:
          'because of \'\'enough for me\'\' , he would have made it too obvious if it was top as hackers',
         Slot: 3,
         index: 70,
         timestamp: 2020-05-11T05:33:22.000Z },
       { Type: 205,
         Message: 'i dont like kurt\'s reaction as soon as the node ended',
         Slot: 2,
         index: 71,
         timestamp: 2020-05-11T05:33:35.000Z },
       { Type: 205,
         Message: 'no ones gonna pass off of harry?',
         Slot: 1,
         index: 72,
         timestamp: 2020-05-11T05:33:39.000Z },
       { Type: 205,
         Message: 'but i also dont like logan\'s response to it',
         Slot: 2,
         index: 73,
         timestamp: 2020-05-11T05:33:40.000Z },
       { Type: 205,
         Message: 'i did',
         Slot: 2,
         index: 74,
         timestamp: 2020-05-11T05:33:45.000Z },
       { Type: 205,
         Message: 'someone already did',
         Slot: 0,
         index: 75,
         timestamp: 2020-05-11T05:33:45.000Z },
       { Type: 205,
         Message: 'it\'s on you',
         Slot: 2,
         index: 76,
         timestamp: 2020-05-11T05:33:47.000Z },
       { Type: 205,
         Message: 'oh ty',
         Slot: 1,
         index: 77,
         timestamp: 2020-05-11T05:33:52.000Z },
       { Type: 205,
         Message:
          'It doesnt matter how you look at it, no one should think that not passing there by Harry was a good play',
         Slot: 4,
         index: 78,
         timestamp: 2020-05-11T05:33:55.000Z },
       { Type: 205,
         Message: 'i more did it for time',
         Slot: 2,
         index: 79,
         timestamp: 2020-05-11T05:33:57.000Z },
       { Type: 205,
         Message: 'especially if you were in a hacked N1',
         Slot: 4,
         index: 80,
         timestamp: 2020-05-11T05:34:03.000Z },
       { Type: 205,
         Message: 'oh boo',
         Slot: 1,
         index: 81,
         timestamp: 2020-05-11T05:34:03.000Z },
       { Type: 205,
         Message: 'either way im pretty sure this is winning',
         Slot: 3,
         index: 82,
         timestamp: 2020-05-11T05:34:04.000Z },
       { Type: 205,
         Message: 'what was wrong with it',
         Slot: 0,
         index: 83,
         timestamp: 2020-05-11T05:34:05.000Z },
       { Type: 205,
         Message: 'well it\'s good for testing double honestly',
         Slot: 2,
         index: 84,
         timestamp: 2020-05-11T05:34:07.000Z },
       { Type: 205,
         Message: 'and the hammer would be on the other in N1',
         Slot: 4,
         index: 85,
         timestamp: 2020-05-11T05:34:10.000Z },
       { Type: 205,
         Message: 'not passing',
         Slot: 2,
         index: 86,
         timestamp: 2020-05-11T05:34:13.000Z },
       { Type: 205,
         Message: 'and why did appa pass off me',
         Slot: 0,
         index: 87,
         timestamp: 2020-05-11T05:34:18.000Z },
       { Type: 205,
         Message: 'if you dont pass, you see who passes later',
         Slot: 2,
         index: 88,
         timestamp: 2020-05-11T05:34:20.000Z },
       { Type: 205,
         Message: 'its good for testing if people are above level 10',
         Slot: 3,
         index: 89,
         timestamp: 2020-05-11T05:34:26.000Z },
       { Type: 205,
         Message: 'harry i just said i did it more for time to think',
         Slot: 2,
         index: 90,
         timestamp: 2020-05-11T05:34:27.000Z },
       { Type: 205,
         Message: 'thanks',
         Slot: 0,
         index: 91,
         timestamp: 2020-05-11T05:34:32.000Z },
       { Type: 205,
         Message: 'i dont have reads on either of you over the other',
         Slot: 2,
         index: 92,
         timestamp: 2020-05-11T05:34:33.000Z },
       { Type: 205,
         Message: 'u dont have reads on kurt?',
         Slot: 3,
         index: 93,
         timestamp: 2020-05-11T05:34:39.000Z },
       { Type: 205,
         Message: 'logan i said between harry and bogdan',
         Slot: 2,
         index: 94,
         timestamp: 2020-05-11T05:34:46.000Z },
       { Type: 205,
         Message: 'he didnt pass thats a read',
         Slot: 1,
         index: 95,
         timestamp: 2020-05-11T05:34:47.000Z },
       { Type: 205,
         Message: 'yes',
         Slot: 2,
         index: 96,
         timestamp: 2020-05-11T05:34:52.000Z },
       { Type: 205,
         Message: 'what reads fo u have on me',
         Slot: 3,
         index: 97,
         timestamp: 2020-05-11T05:34:54.000Z },
       { Type: 205,
         Message: 'then',
         Slot: 3,
         index: 98,
         timestamp: 2020-05-11T05:34:56.000Z },
       { Type: 205,
         Message:
          'What Logan was saying gives him away honestly but I dont want to dwell on it and cause chaos',
         Slot: 4,
         index: 99,
         timestamp: 2020-05-11T05:35:01.000Z },
       ... 213 more items ],
    missions:
     { '1':
        { mission_phase_start:
           { Type: 310,
             Mission: 1,
             Players: [ 3, 4 ],
             Duration: 15000,
             timestamp: 2020-05-11T05:30:50.000Z },
          mission_phase_end:
           { Type: 311,
             Mission: 1,
             Failed: true,
             NumHacks: 1,
             Proposer: 4,
             timestamp: 2020-05-11T05:30:52.000Z,
             deltaT: 2000,
             propNumber: 5,
             chatIndex: 34 } },
       '2':
        { mission_phase_start:
           { Type: 310,
             Mission: 2,
             Players: [ 1, 2, 3 ],
             Duration: 15000,
             timestamp: 2020-05-11T05:39:22.000Z },
          mission_phase_end:
           { Type: 311,
             Mission: 2,
             Failed: true,
             NumHacks: 1,
             Proposer: 1,
             timestamp: 2020-05-11T05:39:25.000Z,
             deltaT: 3000,
             propNumber: 5,
             chatIndex: 160 } },
       '3':
        { mission_phase_start:
           { Type: 310,
             Mission: 3,
             Players: [ 0, 3 ],
             Duration: 15000,
             timestamp: 2020-05-11T05:49:34.000Z },
          mission_phase_end:
           { Type: 311,
             Mission: 3,
             Failed: true,
             NumHacks: 1,
             Proposer: 0,
             timestamp: 2020-05-11T05:49:36.000Z,
             deltaT: 2000,
             propNumber: 5,
             chatIndex: 313 } } },
    game_end:
     { Type: 203,
       Hacked: true,
       Hackers: [ 3, 4 ],
       Canceled: false,
       Roles:
        [ { Slot: 0, Role: 10 },
          { Slot: 1, Role: 10 },
          { Slot: 2, Role: 10 },
          { Slot: 3, Role: 20 },
          { Slot: 4, Role: 20 } ],
       Timeout: 360000,
       PlayerIdentities:
        [ { Slot: 0,
            Nickname: 'Philliedips',
            Steamid: '76561198189712506',
            Level: 30 },
          { Slot: 1,
            Nickname: 'joshua.cunningham',
            Steamid: '76561198814206069',
            Level: 30 },
          { Slot: 2,
            Nickname: 'naseem_1378',
            Steamid: '76561198799350618',
            Level: 30 },
          { Slot: 3,
            Nickname: 'arsynal',
            Steamid: '76561198153071747',
            Level: 30 },
          { Slot: 4,
            Nickname: 'LK',
            Steamid: '76561198207913199',
            Level: 30 } ],
       AfterGameLobby: 'c-1e814g05q',
       timestamp: 2020-05-11T05:49:36.000Z } },
  { game_found:
     { Type: 102,
       PlayerNumber: 5,
       Hacker: false,
       GuyRole: 10,
       HackersAmount: 2,
       MissionInfo: [ 2, 3, 2, 3, 3 ],
       MissionMinhacks: [ 1, 1, 1, 1, 1 ],
       Hackers: [],
       MatchType: 4,
       FirstPlayer: 0,
       Map: 51,
       Options:
        { GameMode: 0,
          MaxPlayers: 5,
          Visibility: 0,
          NamingConvention: 1,
          HammerEnabled: true,
          SkipTalkingPhaseEnabled: true,
          MapPickOption: 0,
          Maps: [] },
       VoiceChat: false,
       VoiceChatName: '.41731_0.',
       VoiceChatChannel: 'channel_41731',
       timestamp: 2020-05-11T05:28:08.000Z },
    players:
     { '0':
        { Type: 202,
          Slot: 0,
          Color: 4,
          Username: 'Harry',
          Female: false,
          IsLocal: true,
          Skin: 'skin_default',
          timestamp: 2020-05-11T05:28:08.000Z,
          chat:
           [ 0,
             1,
             2,
             6,
             10,
             12,
             15,
             17,
             21,
             25,
             32,
             34,
             42,
             48,
             52,
             56,
             57,
             75,
             83,
             87,
             91,
             101,
             122,
             127,
             130,
             133,
             139,
             146,
             147,
             155,
             160,
             161,
             165,
             171,
             176,
             189,
             190,
             194,
             200,
             215,
             216,
             218,
             221,
             226,
             228,
             229,
             233,
             236,
             245,
             255,
             257,
             263,
             266,
             271,
             279,
             289,
             293,
             298,
             303,
             306 ],
          proposals:
           { '1':
              [ { Type: 304,
                  Player: 0,
                  NextPlayer: 1,
                  Amount: 2,
                  Duration: 60000,
                  Mission: 1,
                  timestamp: 2020-05-11T05:28:58.000Z,
                  propNumber: 1,
                  Proposer: 0,
                  SelectedTeam: [ 0, 3 ],
                  Passed: false,
                  deltaT: 13000,
                  chatIndex: 11,
                  vote_phase_start:
                   { Type: 306,
                     Proposer: 0,
                     Players: [ 0, 3 ],
                     Duration: 60000,
                     timestamp: 2020-05-11T05:28:58.000Z },
                  vote_made:
                   { '0':
                      { Type: 309,
                        Slot: 0,
                        timestamp: 2020-05-11T05:28:58.000Z,
                        deltaT: 0 },
                     '1':
                      { Type: 309,
                        Slot: 1,
                        timestamp: 2020-05-11T05:29:01.000Z,
                        deltaT: 3000 },
                     '2':
                      { Type: 309,
                        Slot: 2,
                        timestamp: 2020-05-11T05:29:00.000Z,
                        deltaT: 2000 },
                     '3':
                      { Type: 309,
                        Slot: 3,
                        timestamp: 2020-05-11T05:29:03.000Z,
                        deltaT: 5000 },
                     '4':
                      { Type: 309,
                        Slot: 4,
                        timestamp: 2020-05-11T05:28:59.000Z,
                        deltaT: 1000 } },
                  vote_phase_end:
                   { Type: 307,
                     VotesFor: [ 0 ],
                     VotesAgainst: [ 4, 2, 1, 3 ],
                     Passed: false,
                     timestamp: 2020-05-11T05:29:03.000Z,
                     deltaT: 5000,
                     chatIndex: 12 } } ],
             '2':
              [ { Type: 304,
                  Player: 0,
                  NextPlayer: 1,
                  Amount: 3,
                  Duration: 60000,
                  Mission: 2,
                  timestamp: 2020-05-11T05:31:48.000Z,
                  propNumber: 1,
                  Proposer: 0,
                  SelectedTeam: [ 0, 2, 4 ],
                  Passed: false,
                  deltaT: 3000,
                  chatIndex: 43,
                  vote_phase_start:
                   { Type: 306,
                     Proposer: 0,
                     Players: [ 0, 2, 4 ],
                     Duration: 60000,
                     timestamp: 2020-05-11T05:31:48.000Z },
                  vote_made:
                   { '0':
                      { Type: 309,
                        Slot: 0,
                        timestamp: 2020-05-11T05:31:50.000Z,
                        deltaT: 2000 },
                     '1':
                      { Type: 309,
                        Slot: 1,
                        timestamp: 2020-05-11T05:32:03.000Z,
                        deltaT: 15000 },
                     '2':
                      { Type: 309,
                        Slot: 2,
                        timestamp: 2020-05-11T05:31:59.000Z,
                        deltaT: 11000 },
                     '3':
                      { Type: 309,
                        Slot: 3,
                        timestamp: 2020-05-11T05:32:01.000Z,
                        deltaT: 13000 },
                     '4':
                      { Type: 309,
                        Slot: 4,
                        timestamp: 2020-05-11T05:31:51.000Z,
                        deltaT: 3000 } },
                  vote_phase_end:
                   { Type: 307,
                     VotesFor: [ 0 ],
                     VotesAgainst: [ 4, 2, 3, 1 ],
                     Passed: false,
                     timestamp: 2020-05-11T05:32:03.000Z,
                     deltaT: 15000,
                     chatIndex: 48 } },
                { Type: 304,
                  Player: 0,
                  NextPlayer: 1,
                  Amount: 3,
                  Duration: 60000,
                  Mission: 2,
                  timestamp: 2020-05-11T05:36:50.000Z,
                  propNumber: 4,
                  Proposer: 0,
                  SelectedTeam: [ 0, 2, 4 ],
                  Passed: false,
                  deltaT: 16000,
                  chatIndex: 120,
                  vote_phase_start:
                   { Type: 306,
                     Proposer: 0,
                     Players: [ 0, 2, 4 ],
                     Duration: 60000,
                     timestamp: 2020-05-11T05:36:50.000Z },
                  vote_made:
                   { '0':
                      { Type: 309,
                        Slot: 0,
                        timestamp: 2020-05-11T05:36:51.000Z,
                        deltaT: 1000 },
                     '1':
                      { Type: 309,
                        Slot: 1,
                        timestamp: 2020-05-11T05:36:52.000Z,
                        deltaT: 2000 },
                     '2':
                      { Type: 309,
                        Slot: 2,
                        timestamp: 2020-05-11T05:37:43.000Z,
                        deltaT: 53000 },
                     '3':
                      { Type: 309,
                        Slot: 3,
                        timestamp: 2020-05-11T05:37:11.000Z,
                        deltaT: 21000 },
                     '4':
                      { Type: 309,
                        Slot: 4,
                        timestamp: 2020-05-11T05:36:54.000Z,
                        deltaT: 4000 } },
                  vote_phase_end:
                   { Type: 307,
                     VotesFor: [],
                     VotesAgainst: [ 0, 1, 4, 3, 2 ],
                     Passed: false,
                     timestamp: 2020-05-11T05:37:43.000Z,
                     deltaT: 53000,
                     chatIndex: 132 } } ],
             '3':
              [ { Type: 304,
                  Player: 0,
                  NextPlayer: 1,
                  Amount: 2,
                  Duration: 60000,
                  Mission: 3,
                  timestamp: 2020-05-11T05:42:06.000Z,
                  propNumber: 1,
                  Proposer: 0,
                  SelectedTeam: [ 0, 2 ],
                  Passed: false,
                  deltaT: 15000,
                  chatIndex: 185,
                  vote_phase_start:
                   { Type: 306,
                     Proposer: 0,
                     Players: [ 0, 2 ],
                     Duration: 60000,
                     timestamp: 2020-05-11T05:42:06.000Z },
                  vote_made:
                   { '0':
                      { Type: 309,
                        Slot: 0,
                        timestamp: 2020-05-11T05:42:06.000Z,
                        deltaT: 0 },
                     '1':
                      { Type: 309,
                        Slot: 1,
                        timestamp: 2020-05-11T05:42:08.000Z,
                        deltaT: 2000 },
                     '2':
                      { Type: 309,
                        Slot: 2,
                        timestamp: 2020-05-11T05:42:10.000Z,
                        deltaT: 4000 },
                     '3':
                      { Type: 309,
                        Slot: 3,
                        timestamp: 2020-05-11T05:42:21.000Z,
                        deltaT: 15000 },
                     '4':
                      { Type: 309,
                        Slot: 4,
                        timestamp: 2020-05-11T05:42:58.000Z,
                        deltaT: 52000 } },
                  vote_phase_end:
                   { Type: 307,
                     VotesFor: [],
                     VotesAgainst: [ 0, 1, 2, 3, 4 ],
                     Passed: false,
                     timestamp: 2020-05-11T05:42:58.000Z,
                     deltaT: 52000,
                     chatIndex: 196 } },
                { Type: 304,
                  Player: 0,
                  NextPlayer: 1,
                  Amount: 2,
                  Duration: 60000,
                  Mission: 3,
                  timestamp: 2020-05-11T05:44:51.000Z,
                  propNumber: 3,
                  Proposer: 0,
                  SelectedTeam: [],
                  Passed: true,
                  deltaT: 3000,
                  chatIndex: 221 },
                { Type: 304,
                  Player: 0,
                  NextPlayer: 1,
                  Amount: 2,
                  Duration: 60000,
                  Mission: 3,
                  timestamp: 2020-05-11T05:45:24.000Z,
                  propNumber: 3,
                  Proposer: 0,
                  SelectedTeam: [],
                  Passed: true,
                  deltaT: 3000,
                  chatIndex: 227 },
                { Type: 304,
                  Player: 0,
                  NextPlayer: 1,
                  Amount: 2,
                  Duration: 60000,
                  Mission: 3,
                  timestamp: 2020-05-11T05:46:29.000Z,
                  propNumber: 3,
                  Proposer: 0,
                  SelectedTeam: [],
                  Passed: true,
                  deltaT: 2000,
                  chatIndex: 250 },
                { Type: 304,
                  Player: 0,
                  NextPlayer: 1,
                  Amount: 2,
                  Duration: 60000,
                  Mission: 3,
                  timestamp: 2020-05-11T05:49:06.000Z,
                  propNumber: 5,
                  Proposer: 0,
                  SelectedTeam: [ 0, 3 ],
                  Passed: false,
                  deltaT: 2000,
                  chatIndex: 301,
                  vote_phase_start:
                   { Type: 306,
                     Proposer: 0,
                     Players: [ 0, 3 ],
                     Duration: 60000,
                     timestamp: 2020-05-11T05:49:06.000Z },
                  vote_made:
                   { '0':
                      { Type: 309,
                        Slot: 0,
                        timestamp: 2020-05-11T05:49:07.000Z,
                        deltaT: 1000 },
                     '1':
                      { Type: 309,
                        Slot: 1,
                        timestamp: 2020-05-11T05:49:11.000Z,
                        deltaT: 5000 },
                     '2':
                      { Type: 309,
                        Slot: 2,
                        timestamp: 2020-05-11T05:49:25.000Z,
                        deltaT: 19000 },
                     '3':
                      { Type: 309,
                        Slot: 3,
                        timestamp: 2020-05-11T05:49:29.000Z,
                        deltaT: 23000 },
                     '4':
                      { Type: 309,
                        Slot: 4,
                        timestamp: 2020-05-11T05:49:25.000Z,
                        deltaT: 19000 } },
                  vote_phase_end:
                   { Type: 307,
                     VotesFor: [ 0, 1, 2 ],
                     VotesAgainst: [ 4, 3 ],
                     Passed: true,
                     timestamp: 2020-05-11T05:49:29.000Z,
                     deltaT: 23000,
                     chatIndex: 312 } } ] } },
       '1':
        { Type: 202,
          Slot: 1,
          Color: 5,
          Username: 'Bogdan',
          Female: false,
          IsLocal: false,
          Skin: 'skin_default',
          timestamp: 2020-05-11T05:28:08.000Z,
          chat:
           [ 7,
             16,
             24,
             27,
             46,
             58,
             69,
             72,
             77,
             81,
             95,
             100,
             125,
             134,
             149,
             169,
             173,
             178,
             182,
             188,
             192,
             199,
             205,
             212,
             222,
             244,
             250,
             259,
             261,
             265,
             287 ],
          proposals:
           { '1':
              [ { Type: 304,
                  Player: 1,
                  NextPlayer: 2,
                  Amount: 2,
                  Duration: 60000,
                  Mission: 1,
                  timestamp: 2020-05-11T05:29:11.000Z,
                  propNumber: 2,
                  Proposer: 1,
                  SelectedTeam: [ 1, 3 ],
                  Passed: false,
                  deltaT: 3000,
                  chatIndex: 13,
                  vote_phase_start:
                   { Type: 306,
                     Proposer: 1,
                     Players: [ 1, 3 ],
                     Duration: 60000,
                     timestamp: 2020-05-11T05:29:11.000Z },
                  vote_made:
                   { '0':
                      { Type: 309,
                        Slot: 0,
                        timestamp: 2020-05-11T05:29:12.000Z,
                        deltaT: 1000 },
                     '1':
                      { Type: 309,
                        Slot: 1,
                        timestamp: 2020-05-11T05:29:12.000Z,
                        deltaT: 1000 },
                     '2':
                      { Type: 309,
                        Slot: 2,
                        timestamp: 2020-05-11T05:29:13.000Z,
                        deltaT: 2000 },
                     '3':
                      { Type: 309,
                        Slot: 3,
                        timestamp: 2020-05-11T05:29:24.000Z,
                        deltaT: 13000 },
                     '4':
                      { Type: 309,
                        Slot: 4,
                        timestamp: 2020-05-11T05:29:15.000Z,
                        deltaT: 4000 } },
                  vote_phase_end:
                   { Type: 307,
                     VotesFor: [ 1 ],
                     VotesAgainst: [ 0, 2, 4, 3 ],
                     Passed: false,
                     timestamp: 2020-05-11T05:29:24.000Z,
                     deltaT: 13000,
                     chatIndex: 16 } } ],
             '2':
              [ { Type: 304,
                  Player: 1,
                  NextPlayer: 2,
                  Amount: 3,
                  Duration: 60000,
                  Mission: 2,
                  timestamp: 2020-05-11T05:32:09.000Z,
                  propNumber: 2,
                  Proposer: 1,
                  SelectedTeam: [],
                  Passed: true,
                  deltaT: 1000,
                  chatIndex: 51 },
                { Type: 304,
                  Player: 1,
                  NextPlayer: 2,
                  Amount: 3,
                  Duration: 60000,
                  Mission: 2,
                  timestamp: 2020-05-11T05:38:36.000Z,
                  propNumber: 5,
                  Proposer: 1,
                  SelectedTeam: [ 1, 2, 3 ],
                  Passed: false,
                  deltaT: 48000,
                  chatIndex: 146,
                  vote_phase_start:
                   { Type: 306,
                     Proposer: 1,
                     Players: [ 1, 2, 3 ],
                     Duration: 60000,
                     timestamp: 2020-05-11T05:38:36.000Z },
                  vote_made:
                   { '0':
                      { Type: 309,
                        Slot: 0,
                        timestamp: 2020-05-11T05:38:39.000Z,
                        deltaT: 3000 },
                     '1':
                      { Type: 309,
                        Slot: 1,
                        timestamp: 2020-05-11T05:38:37.000Z,
                        deltaT: 1000 },
                     '2':
                      { Type: 309,
                        Slot: 2,
                        timestamp: 2020-05-11T05:38:41.000Z,
                        deltaT: 5000 },
                     '3':
                      { Type: 309,
                        Slot: 3,
                        timestamp: 2020-05-11T05:38:38.000Z,
                        deltaT: 2000 },
                     '4':
                      { Type: 309,
                        Slot: 4,
                        timestamp: 2020-05-11T05:39:17.000Z,
                        deltaT: 41000 } },
                  vote_phase_end:
                   { Type: 307,
                     VotesFor: [ 1, 3, 0, 2, 4 ],
                     VotesAgainst: [],
                     Passed: true,
                     timestamp: 2020-05-11T05:39:17.000Z,
                     deltaT: 41000,
                     chatIndex: 159 } } ],
             '3':
              [ { Type: 304,
                  Player: 1,
                  NextPlayer: 2,
                  Amount: 2,
                  Duration: 60000,
                  Mission: 3,
                  timestamp: 2020-05-11T05:43:22.000Z,
                  propNumber: 2,
                  Proposer: 1,
                  SelectedTeam: [],
                  Passed: true,
                  deltaT: 19000,
                  chatIndex: 202 },
                { Type: 304,
                  Player: 1,
                  NextPlayer: 2,
                  Amount: 2,
                  Duration: 60000,
                  Mission: 3,
                  timestamp: 2020-05-11T05:44:53.000Z,
                  propNumber: 3,
                  Proposer: 1,
                  SelectedTeam: [],
                  Passed: true,
                  deltaT: 2000,
                  chatIndex: 221 },
                { Type: 304,
                  Player: 1,
                  NextPlayer: 2,
                  Amount: 2,
                  Duration: 60000,
                  Mission: 3,
                  timestamp: 2020-05-11T05:45:26.000Z,
                  propNumber: 3,
                  Proposer: 1,
                  SelectedTeam: [],
                  Passed: true,
                  deltaT: 2000,
                  chatIndex: 227 },
                { Type: 304,
                  Player: 1,
                  NextPlayer: 2,
                  Amount: 2,
                  Duration: 60000,
                  Mission: 3,
                  timestamp: 2020-05-11T05:46:37.000Z,
                  propNumber: 3,
                  Proposer: 1,
                  SelectedTeam: [],
                  Passed: true,
                  deltaT: 8000,
                  chatIndex: 252 } ] } },
       '2':
        { Type: 202,
          Slot: 2,
          Color: 3,
          Username: 'Appa',
          Female: false,
          IsLocal: false,
          Skin: 'skin_default',
          timestamp: 2020-05-11T05:28:08.000Z,
          chat:
           [ 5,
             18,
             19,
             29,
             37,
             44,
             50,
             54,
             60,
             61,
             71,
             73,
             74,
             76,
             79,
             84,
             86,
             88,
             90,
             92,
             94,
             96,
             102,
             103,
             107,
             109,
             110,
             112,
             114,
             116,
             119,
             121,
             126,
             128,
             129,
             131,
             136,
             143,
             145,
             154,
             164,
             170,
             175,
             181,
             183,
             191,
             196,
             201,
             203,
             204,
             209,
             213,
             217,
             220,
             227,
             230,
             237,
             238,
             239,
             240,
             242,
             248,
             251,
             254,
             262,
             264,
             267,
             270,
             272,
             274,
             275,
             278,
             280,
             281,
             283,
             284,
             290,
             294,
             297,
             302,
             304,
             307,
             309,
             310,
             311,
             312 ],
          proposals:
           { '1':
              [ { Type: 304,
                  Player: 2,
                  NextPlayer: 3,
                  Amount: 2,
                  Duration: 60000,
                  Mission: 1,
                  timestamp: 2020-05-11T05:29:39.000Z,
                  propNumber: 3,
                  Proposer: 2,
                  SelectedTeam: [ 2, 3 ],
                  Passed: false,
                  deltaT: 10000,
                  chatIndex: 22,
                  vote_phase_start:
                   { Type: 306,
                     Proposer: 2,
                     Players: [ 2, 3 ],
                     Duration: 60000,
                     timestamp: 2020-05-11T05:29:39.000Z },
                  vote_made:
                   { '0':
                      { Type: 309,
                        Slot: 0,
                        timestamp: 2020-05-11T05:29:42.000Z,
                        deltaT: 3000 },
                     '1':
                      { Type: 309,
                        Slot: 1,
                        timestamp: 2020-05-11T05:29:41.000Z,
                        deltaT: 2000 },
                     '2':
                      { Type: 309,
                        Slot: 2,
                        timestamp: 2020-05-11T05:29:39.000Z,
                        deltaT: 0 },
                     '3':
                      { Type: 309,
                        Slot: 3,
                        timestamp: 2020-05-11T05:29:42.000Z,
                        deltaT: 3000 },
                     '4':
                      { Type: 309,
                        Slot: 4,
                        timestamp: 2020-05-11T05:29:56.000Z,
                        deltaT: 17000 } },
                  vote_phase_end:
                   { Type: 307,
                     VotesFor: [],
                     VotesAgainst: [ 2, 1, 3, 0, 4 ],
                     Passed: false,
                     timestamp: 2020-05-11T05:29:56.000Z,
                     deltaT: 17000,
                     chatIndex: 25 } } ],
             '2':
              [ { Type: 304,
                  Player: 2,
                  NextPlayer: 3,
                  Amount: 3,
                  Duration: 60000,
                  Mission: 2,
                  timestamp: 2020-05-11T05:33:02.000Z,
                  propNumber: 2,
                  Proposer: 2,
                  SelectedTeam: [],
                  Passed: true,
                  deltaT: 53000,
                  chatIndex: 68 } ],
             '3':
              [ { Type: 304,
                  Player: 2,
                  NextPlayer: 3,
                  Amount: 2,
                  Duration: 60000,
                  Mission: 3,
                  timestamp: 2020-05-11T05:41:05.000Z,
                  propNumber: 1,
                  Proposer: 2,
                  SelectedTeam: [],
                  Passed: true,
                  deltaT: 32000,
                  chatIndex: 175 },
                { Type: 304,
                  Player: 2,
                  NextPlayer: 3,
                  Amount: 2,
                  Duration: 60000,
                  Mission: 3,
                  timestamp: 2020-05-11T05:43:33.000Z,
                  propNumber: 2,
                  Proposer: 2,
                  SelectedTeam: [ 0, 2 ],
                  Passed: false,
                  deltaT: 11000,
                  chatIndex: 204,
                  vote_phase_start:
                   { Type: 306,
                     Proposer: 2,
                     Players: [ 0, 2 ],
                     Duration: 60000,
                     timestamp: 2020-05-11T05:43:33.000Z },
                  vote_made:
                   { '0':
                      { Type: 309,
                        Slot: 0,
                        timestamp: 2020-05-11T05:43:35.000Z,
                        deltaT: 2000 },
                     '1':
                      { Type: 309,
                        Slot: 1,
                        timestamp: 2020-05-11T05:43:56.000Z,
                        deltaT: 23000 },
                     '2':
                      { Type: 309,
                        Slot: 2,
                        timestamp: 2020-05-11T05:43:34.000Z,
                        deltaT: 1000 },
                     '3':
                      { Type: 309,
                        Slot: 3,
                        timestamp: 2020-05-11T05:43:35.000Z,
                        deltaT: 2000 },
                     '4':
                      { Type: 309,
                        Slot: 4,
                        timestamp: 2020-05-11T05:43:35.000Z,
                        deltaT: 2000 } },
                  vote_phase_end:
                   { Type: 307,
                     VotesFor: [],
                     VotesAgainst: [ 2, 3, 0, 4, 1 ],
                     Passed: false,
                     timestamp: 2020-05-11T05:43:56.000Z,
                     deltaT: 23000,
                     chatIndex: 206 } },
                { Type: 304,
                  Player: 2,
                  NextPlayer: 3,
                  Amount: 2,
                  Duration: 60000,
                  Mission: 3,
                  timestamp: 2020-05-11T05:44:58.000Z,
                  propNumber: 3,
                  Proposer: 2,
                  SelectedTeam: [],
                  Passed: true,
                  deltaT: 5000,
                  chatIndex: 221 },
                { Type: 304,
                  Player: 2,
                  NextPlayer: 3,
                  Amount: 2,
                  Duration: 60000,
                  Mission: 3,
                  timestamp: 2020-05-11T05:45:30.000Z,
                  propNumber: 3,
                  Proposer: 2,
                  SelectedTeam: [],
                  Passed: true,
                  deltaT: 4000,
                  chatIndex: 228 },
                { Type: 304,
                  Player: 2,
                  NextPlayer: 3,
                  Amount: 2,
                  Duration: 60000,
                  Mission: 3,
                  timestamp: 2020-05-11T05:47:22.000Z,
                  propNumber: 3,
                  Proposer: 2,
                  SelectedTeam: [],
                  Passed: true,
                  deltaT: 45000,
                  chatIndex: 273 } ] } },
       '3':
        { Type: 202,
          Slot: 3,
          Color: 1,
          Username: 'Logan',
          Female: false,
          IsLocal: false,
          Skin: 'skin_default',
          timestamp: 2020-05-11T05:28:08.000Z,
          chat:
           [ 4,
             8,
             9,
             11,
             13,
             14,
             20,
             26,
             28,
             33,
             36,
             38,
             41,
             43,
             45,
             51,
             53,
             55,
             59,
             62,
             64,
             65,
             66,
             68,
             70,
             82,
             89,
             93,
             97,
             98,
             104,
             105,
             106,
             108,
             111,
             117,
             118,
             120,
             123,
             124,
             132,
             135,
             137,
             140,
             141,
             142,
             144,
             151,
             153,
             156,
             159,
             162,
             166,
             167,
             172,
             179,
             184,
             185,
             187,
             195,
             197,
             198,
             202,
             207,
             208,
             210,
             214,
             219,
             223,
             224,
             225,
             231,
             232,
             234,
             235,
             241,
             246,
             247,
             249,
             252,
             253,
             256,
             258,
             268,
             269,
             276,
             277,
             282,
             285,
             286,
             288,
             292,
             295,
             296,
             299,
             300 ],
          proposals:
           { '1':
              [ { Type: 304,
                  Player: 3,
                  NextPlayer: 4,
                  Amount: 2,
                  Duration: 60000,
                  Mission: 1,
                  timestamp: 2020-05-11T05:30:21.000Z,
                  propNumber: 4,
                  Proposer: 3,
                  SelectedTeam: [ 3, 4 ],
                  Passed: false,
                  deltaT: 20000,
                  chatIndex: 27,
                  vote_phase_start:
                   { Type: 306,
                     Proposer: 3,
                     Players: [ 3, 4 ],
                     Duration: 60000,
                     timestamp: 2020-05-11T05:30:21.000Z },
                  vote_made:
                   { '0':
                      { Type: 309,
                        Slot: 0,
                        timestamp: 2020-05-11T05:30:22.000Z,
                        deltaT: 1000 },
                     '1':
                      { Type: 309,
                        Slot: 1,
                        timestamp: 2020-05-11T05:30:29.000Z,
                        deltaT: 8000 },
                     '2':
                      { Type: 309,
                        Slot: 2,
                        timestamp: 2020-05-11T05:30:23.000Z,
                        deltaT: 2000 },
                     '3':
                      { Type: 309,
                        Slot: 3,
                        timestamp: 2020-05-11T05:30:21.000Z,
                        deltaT: 0 },
                     '4':
                      { Type: 309,
                        Slot: 4,
                        timestamp: 2020-05-11T05:30:24.000Z,
                        deltaT: 3000 } },
                  vote_phase_end:
                   { Type: 307,
                     VotesFor: [],
                     VotesAgainst: [ 3, 0, 2, 4, 1 ],
                     Passed: false,
                     timestamp: 2020-05-11T05:30:29.000Z,
                     deltaT: 8000,
                     chatIndex: 28 } } ],
             '2':
              [ { Type: 304,
                  Player: 3,
                  NextPlayer: 4,
                  Amount: 3,
                  Duration: 60000,
                  Mission: 2,
                  timestamp: 2020-05-11T05:33:56.000Z,
                  propNumber: 2,
                  Proposer: 3,
                  SelectedTeam: [ 0, 1, 3 ],
                  Passed: false,
                  deltaT: 54000,
                  chatIndex: 79,
                  vote_phase_start:
                   { Type: 306,
                     Proposer: 3,
                     Players: [ 0, 1, 3 ],
                     Duration: 60000,
                     timestamp: 2020-05-11T05:33:56.000Z },
                  vote_made:
                   { '0':
                      { Type: 309,
                        Slot: 0,
                        timestamp: 2020-05-11T05:34:27.000Z,
                        deltaT: 31000 },
                     '1':
                      { Type: 309,
                        Slot: 1,
                        timestamp: 2020-05-11T05:34:05.000Z,
                        deltaT: 9000 },
                     '2':
                      { Type: 309,
                        Slot: 2,
                        timestamp: 2020-05-11T05:34:35.000Z,
                        deltaT: 39000 },
                     '3':
                      { Type: 309,
                        Slot: 3,
                        timestamp: 2020-05-11T05:34:32.000Z,
                        deltaT: 36000 },
                     '4':
                      { Type: 309,
                        Slot: 4,
                        timestamp: 2020-05-11T05:34:16.000Z,
                        deltaT: 20000 } },
                  vote_phase_end:
                   { Type: 307,
                     VotesFor: [],
                     VotesAgainst: [ 1, 4, 0, 3, 2 ],
                     Passed: false,
                     timestamp: 2020-05-11T05:34:35.000Z,
                     deltaT: 39000,
                     chatIndex: 93 } } ],
             '3':
              [ { Type: 304,
                  Player: 3,
                  NextPlayer: 4,
                  Amount: 2,
                  Duration: 60000,
                  Mission: 3,
                  timestamp: 2020-05-11T05:41:43.000Z,
                  propNumber: 1,
                  Proposer: 3,
                  SelectedTeam: [],
                  Passed: true,
                  deltaT: 38000,
                  chatIndex: 182 },
                { Type: 304,
                  Player: 3,
                  NextPlayer: 4,
                  Amount: 2,
                  Duration: 60000,
                  Mission: 3,
                  timestamp: 2020-05-11T05:44:40.000Z,
                  propNumber: 3,
                  Proposer: 3,
                  SelectedTeam: [],
                  Passed: true,
                  deltaT: 39000,
                  chatIndex: 215 },
                { Type: 304,
                  Player: 3,
                  NextPlayer: 4,
                  Amount: 2,
                  Duration: 60000,
                  Mission: 3,
                  timestamp: 2020-05-11T05:45:17.000Z,
                  propNumber: 3,
                  Proposer: 3,
                  SelectedTeam: [],
                  Passed: true,
                  deltaT: 19000,
                  chatIndex: 225 },
                { Type: 304,
                  Player: 3,
                  NextPlayer: 4,
                  Amount: 2,
                  Duration: 60000,
                  Mission: 3,
                  timestamp: 2020-05-11T05:46:03.000Z,
                  propNumber: 3,
                  Proposer: 3,
                  SelectedTeam: [],
                  Passed: true,
                  deltaT: 33000,
                  chatIndex: 242 },
                { Type: 304,
                  Player: 3,
                  NextPlayer: 4,
                  Amount: 2,
                  Duration: 60000,
                  Mission: 3,
                  timestamp: 2020-05-11T05:47:43.000Z,
                  propNumber: 3,
                  Proposer: 3,
                  SelectedTeam: [ 0, 3 ],
                  Passed: false,
                  deltaT: 21000,
                  chatIndex: 278,
                  vote_phase_start:
                   { Type: 306,
                     Proposer: 3,
                     Players: [ 0, 3 ],
                     Duration: 60000,
                     timestamp: 2020-05-11T05:47:43.000Z },
                  vote_made:
                   { '0':
                      { Type: 309,
                        Slot: 0,
                        timestamp: 2020-05-11T05:47:47.000Z,
                        deltaT: 4000 },
                     '1':
                      { Type: 309,
                        Slot: 1,
                        timestamp: 2020-05-11T05:47:46.000Z,
                        deltaT: 3000 },
                     '2':
                      { Type: 309,
                        Slot: 2,
                        timestamp: 2020-05-11T05:47:54.000Z,
                        deltaT: 11000 },
                     '3':
                      { Type: 309,
                        Slot: 3,
                        timestamp: 2020-05-11T05:47:47.000Z,
                        deltaT: 4000 },
                     '4':
                      { Type: 309,
                        Slot: 4,
                        timestamp: 2020-05-11T05:47:46.000Z,
                        deltaT: 3000 } },
                  vote_phase_end:
                   { Type: 307,
                     VotesFor: [ 3 ],
                     VotesAgainst: [ 4, 1, 0, 2 ],
                     Passed: false,
                     timestamp: 2020-05-11T05:47:54.000Z,
                     deltaT: 11000,
                     chatIndex: 282 } } ] } },
       '4':
        { Type: 202,
          Slot: 4,
          Color: 0,
          Username: 'Kurt',
          Female: false,
          IsLocal: false,
          Skin: 'skin_default',
          timestamp: 2020-05-11T05:28:08.000Z,
          chat:
           [ 3,
             22,
             23,
             30,
             31,
             35,
             39,
             40,
             47,
             49,
             63,
             67,
             78,
             80,
             85,
             99,
             113,
             115,
             138,
             148,
             150,
             152,
             157,
             158,
             163,
             168,
             174,
             177,
             180,
             186,
             193,
             206,
             211,
             243,
             260,
             273,
             291,
             301,
             305,
             308 ],
          proposals:
           { '1':
              [ { Type: 304,
                  Player: 4,
                  NextPlayer: 0,
                  Amount: 2,
                  Duration: 60000,
                  Mission: 1,
                  timestamp: 2020-05-11T05:30:41.000Z,
                  propNumber: 5,
                  Proposer: 4,
                  SelectedTeam: [ 3, 4 ],
                  Passed: false,
                  deltaT: 7000,
                  chatIndex: 31,
                  vote_phase_start:
                   { Type: 306,
                     Proposer: 4,
                     Players: [ 3, 4 ],
                     Duration: 60000,
                     timestamp: 2020-05-11T05:30:41.000Z },
                  vote_made:
                   { '0':
                      { Type: 309,
                        Slot: 0,
                        timestamp: 2020-05-11T05:30:43.000Z,
                        deltaT: 2000 },
                     '1':
                      { Type: 309,
                        Slot: 1,
                        timestamp: 2020-05-11T05:30:43.000Z,
                        deltaT: 2000 },
                     '2':
                      { Type: 309,
                        Slot: 2,
                        timestamp: 2020-05-11T05:30:43.000Z,
                        deltaT: 2000 },
                     '3':
                      { Type: 309,
                        Slot: 3,
                        timestamp: 2020-05-11T05:30:43.000Z,
                        deltaT: 2000 },
                     '4':
                      { Type: 309,
                        Slot: 4,
                        timestamp: 2020-05-11T05:30:45.000Z,
                        deltaT: 4000 } },
                  vote_phase_end:
                   { Type: 307,
                     VotesFor: [ 3, 1, 0, 2, 4 ],
                     VotesAgainst: [],
                     Passed: true,
                     timestamp: 2020-05-11T05:30:45.000Z,
                     deltaT: 4000,
                     chatIndex: 32 } } ],
             '2':
              [ { Type: 304,
                  Player: 4,
                  NextPlayer: 0,
                  Amount: 3,
                  Duration: 60000,
                  Mission: 2,
                  timestamp: 2020-05-11T05:35:35.000Z,
                  propNumber: 3,
                  Proposer: 4,
                  SelectedTeam: [ 0, 1, 4 ],
                  Passed: false,
                  deltaT: 55000,
                  chatIndex: 107,
                  vote_phase_start:
                   { Type: 306,
                     Proposer: 4,
                     Players: [ 0, 1, 4 ],
                     Duration: 60000,
                     timestamp: 2020-05-11T05:35:35.000Z },
                  vote_made:
                   { '0':
                      { Type: 309,
                        Slot: 0,
                        timestamp: 2020-05-11T05:35:37.000Z,
                        deltaT: 2000 },
                     '1':
                      { Type: 309,
                        Slot: 1,
                        timestamp: 2020-05-11T05:35:37.000Z,
                        deltaT: 2000 },
                     '2':
                      { Type: 309,
                        Slot: 2,
                        timestamp: 2020-05-11T05:36:18.000Z,
                        deltaT: 43000 },
                     '3':
                      { Type: 309,
                        Slot: 3,
                        timestamp: 2020-05-11T05:36:29.000Z,
                        deltaT: 54000 },
                     '4':
                      { Type: 309,
                        Slot: 4,
                        timestamp: 2020-05-11T05:35:36.000Z,
                        deltaT: 1000 } },
                  vote_phase_end:
                   { Type: 307,
                     VotesFor: [],
                     VotesAgainst: [ 4, 1, 0, 2, 3 ],
                     Passed: false,
                     timestamp: 2020-05-11T05:36:29.000Z,
                     deltaT: 54000,
                     chatIndex: 116 } } ],
             '3':
              [ { Type: 304,
                  Player: 4,
                  NextPlayer: 0,
                  Amount: 2,
                  Duration: 60000,
                  Mission: 3,
                  timestamp: 2020-05-11T05:41:51.000Z,
                  propNumber: 1,
                  Proposer: 4,
                  SelectedTeam: [],
                  Passed: true,
                  deltaT: 8000,
                  chatIndex: 183 },
                { Type: 304,
                  Player: 4,
                  NextPlayer: 0,
                  Amount: 2,
                  Duration: 60000,
                  Mission: 3,
                  timestamp: 2020-05-11T05:44:48.000Z,
                  propNumber: 3,
                  Proposer: 4,
                  SelectedTeam: [],
                  Passed: true,
                  deltaT: 8000,
                  chatIndex: 220 },
                { Type: 304,
                  Player: 4,
                  NextPlayer: 0,
                  Amount: 2,
                  Duration: 60000,
                  Mission: 3,
                  timestamp: 2020-05-11T05:45:21.000Z,
                  propNumber: 3,
                  Proposer: 4,
                  SelectedTeam: [],
                  Passed: true,
                  deltaT: 4000,
                  chatIndex: 225 },
                { Type: 304,
                  Player: 4,
                  NextPlayer: 0,
                  Amount: 2,
                  Duration: 60000,
                  Mission: 3,
                  timestamp: 2020-05-11T05:46:27.000Z,
                  propNumber: 3,
                  Proposer: 4,
                  SelectedTeam: [],
                  Passed: true,
                  deltaT: 24000,
                  chatIndex: 249 },
                { Type: 304,
                  Player: 4,
                  NextPlayer: 0,
                  Amount: 2,
                  Duration: 60000,
                  Mission: 3,
                  timestamp: 2020-05-11T05:48:07.000Z,
                  propNumber: 4,
                  Proposer: 4,
                  SelectedTeam: [ 0, 4 ],
                  Passed: false,
                  deltaT: 8000,
                  chatIndex: 286,
                  vote_phase_start:
                   { Type: 306,
                     Proposer: 4,
                     Players: [ 0, 4 ],
                     Duration: 60000,
                     timestamp: 2020-05-11T05:48:07.000Z },
                  vote_made:
                   { '0':
                      { Type: 309,
                        Slot: 0,
                        timestamp: 2020-05-11T05:48:08.000Z,
                        deltaT: 1000 },
                     '1':
                      { Type: 309,
                        Slot: 1,
                        timestamp: 2020-05-11T05:48:31.000Z,
                        deltaT: 24000 },
                     '2':
                      { Type: 309,
                        Slot: 2,
                        timestamp: 2020-05-11T05:48:11.000Z,
                        deltaT: 4000 },
                     '3':
                      { Type: 309,
                        Slot: 3,
                        timestamp: 2020-05-11T05:48:59.000Z,
                        deltaT: 52000 },
                     '4':
                      { Type: 309,
                        Slot: 4,
                        timestamp: 2020-05-11T05:48:36.000Z,
                        deltaT: 29000 } },
                  vote_phase_end:
                   { Type: 307,
                     VotesFor: [ 4 ],
                     VotesAgainst: [ 0, 2, 1, 3 ],
                     Passed: false,
                     timestamp: 2020-05-11T05:48:59.000Z,
                     deltaT: 52000,
                     chatIndex: 299 } } ] } } },
    game_start:
     { Type: 201,
       Disconnected: [],
       AFK: [],
       timestamp: 2020-05-11T05:28:15.000Z },
    local_slot:
     { Type: 202,
       Slot: 0,
       Color: 4,
       Username: 'Harry',
       Female: false,
       IsLocal: true,
       Skin: 'skin_default',
       timestamp: 2020-05-11T05:28:08.000Z,
       chat:
        [ 0,
          1,
          2,
          6,
          10,
          12,
          15,
          17,
          21,
          25,
          32,
          34,
          42,
          48,
          52,
          56,
          57,
          75,
          83,
          87,
          91,
          101,
          122,
          127,
          130,
          133,
          139,
          146,
          147,
          155,
          160,
          161,
          165,
          171,
          176,
          189,
          190,
          194,
          200,
          215,
          216,
          218,
          221,
          226,
          228,
          229,
          233,
          236,
          245,
          255,
          257,
          263,
          266,
          271,
          279,
          289,
          293,
          298,
          303,
          306 ],
       proposals:
        { '1':
           [ { Type: 304,
               Player: 0,
               NextPlayer: 1,
               Amount: 2,
               Duration: 60000,
               Mission: 1,
               timestamp: 2020-05-11T05:28:58.000Z,
               propNumber: 1,
               Proposer: 0,
               SelectedTeam: [ 0, 3 ],
               Passed: false,
               deltaT: 13000,
               chatIndex: 11,
               vote_phase_start:
                { Type: 306,
                  Proposer: 0,
                  Players: [ 0, 3 ],
                  Duration: 60000,
                  timestamp: 2020-05-11T05:28:58.000Z },
               vote_made:
                { '0':
                   { Type: 309,
                     Slot: 0,
                     timestamp: 2020-05-11T05:28:58.000Z,
                     deltaT: 0 },
                  '1':
                   { Type: 309,
                     Slot: 1,
                     timestamp: 2020-05-11T05:29:01.000Z,
                     deltaT: 3000 },
                  '2':
                   { Type: 309,
                     Slot: 2,
                     timestamp: 2020-05-11T05:29:00.000Z,
                     deltaT: 2000 },
                  '3':
                   { Type: 309,
                     Slot: 3,
                     timestamp: 2020-05-11T05:29:03.000Z,
                     deltaT: 5000 },
                  '4':
                   { Type: 309,
                     Slot: 4,
                     timestamp: 2020-05-11T05:28:59.000Z,
                     deltaT: 1000 } },
               vote_phase_end:
                { Type: 307,
                  VotesFor: [ 0 ],
                  VotesAgainst: [ 4, 2, 1, 3 ],
                  Passed: false,
                  timestamp: 2020-05-11T05:29:03.000Z,
                  deltaT: 5000,
                  chatIndex: 12 } } ],
          '2':
           [ { Type: 304,
               Player: 0,
               NextPlayer: 1,
               Amount: 3,
               Duration: 60000,
               Mission: 2,
               timestamp: 2020-05-11T05:31:48.000Z,
               propNumber: 1,
               Proposer: 0,
               SelectedTeam: [ 0, 2, 4 ],
               Passed: false,
               deltaT: 3000,
               chatIndex: 43,
               vote_phase_start:
                { Type: 306,
                  Proposer: 0,
                  Players: [ 0, 2, 4 ],
                  Duration: 60000,
                  timestamp: 2020-05-11T05:31:48.000Z },
               vote_made:
                { '0':
                   { Type: 309,
                     Slot: 0,
                     timestamp: 2020-05-11T05:31:50.000Z,
                     deltaT: 2000 },
                  '1':
                   { Type: 309,
                     Slot: 1,
                     timestamp: 2020-05-11T05:32:03.000Z,
                     deltaT: 15000 },
                  '2':
                   { Type: 309,
                     Slot: 2,
                     timestamp: 2020-05-11T05:31:59.000Z,
                     deltaT: 11000 },
                  '3':
                   { Type: 309,
                     Slot: 3,
                     timestamp: 2020-05-11T05:32:01.000Z,
                     deltaT: 13000 },
                  '4':
                   { Type: 309,
                     Slot: 4,
                     timestamp: 2020-05-11T05:31:51.000Z,
                     deltaT: 3000 } },
               vote_phase_end:
                { Type: 307,
                  VotesFor: [ 0 ],
                  VotesAgainst: [ 4, 2, 3, 1 ],
                  Passed: false,
                  timestamp: 2020-05-11T05:32:03.000Z,
                  deltaT: 15000,
                  chatIndex: 48 } },
             { Type: 304,
               Player: 0,
               NextPlayer: 1,
               Amount: 3,
               Duration: 60000,
               Mission: 2,
               timestamp: 2020-05-11T05:36:50.000Z,
               propNumber: 4,
               Proposer: 0,
               SelectedTeam: [ 0, 2, 4 ],
               Passed: false,
               deltaT: 16000,
               chatIndex: 120,
               vote_phase_start:
                { Type: 306,
                  Proposer: 0,
                  Players: [ 0, 2, 4 ],
                  Duration: 60000,
                  timestamp: 2020-05-11T05:36:50.000Z },
               vote_made:
                { '0':
                   { Type: 309,
                     Slot: 0,
                     timestamp: 2020-05-11T05:36:51.000Z,
                     deltaT: 1000 },
                  '1':
                   { Type: 309,
                     Slot: 1,
                     timestamp: 2020-05-11T05:36:52.000Z,
                     deltaT: 2000 },
                  '2':
                   { Type: 309,
                     Slot: 2,
                     timestamp: 2020-05-11T05:37:43.000Z,
                     deltaT: 53000 },
                  '3':
                   { Type: 309,
                     Slot: 3,
                     timestamp: 2020-05-11T05:37:11.000Z,
                     deltaT: 21000 },
                  '4':
                   { Type: 309,
                     Slot: 4,
                     timestamp: 2020-05-11T05:36:54.000Z,
                     deltaT: 4000 } },
               vote_phase_end:
                { Type: 307,
                  VotesFor: [],
                  VotesAgainst: [ 0, 1, 4, 3, 2 ],
                  Passed: false,
                  timestamp: 2020-05-11T05:37:43.000Z,
                  deltaT: 53000,
                  chatIndex: 132 } } ],
          '3':
           [ { Type: 304,
               Player: 0,
               NextPlayer: 1,
               Amount: 2,
               Duration: 60000,
               Mission: 3,
               timestamp: 2020-05-11T05:42:06.000Z,
               propNumber: 1,
               Proposer: 0,
               SelectedTeam: [ 0, 2 ],
               Passed: false,
               deltaT: 15000,
               chatIndex: 185,
               vote_phase_start:
                { Type: 306,
                  Proposer: 0,
                  Players: [ 0, 2 ],
                  Duration: 60000,
                  timestamp: 2020-05-11T05:42:06.000Z },
               vote_made:
                { '0':
                   { Type: 309,
                     Slot: 0,
                     timestamp: 2020-05-11T05:42:06.000Z,
                     deltaT: 0 },
                  '1':
                   { Type: 309,
                     Slot: 1,
                     timestamp: 2020-05-11T05:42:08.000Z,
                     deltaT: 2000 },
                  '2':
                   { Type: 309,
                     Slot: 2,
                     timestamp: 2020-05-11T05:42:10.000Z,
                     deltaT: 4000 },
                  '3':
                   { Type: 309,
                     Slot: 3,
                     timestamp: 2020-05-11T05:42:21.000Z,
                     deltaT: 15000 },
                  '4':
                   { Type: 309,
                     Slot: 4,
                     timestamp: 2020-05-11T05:42:58.000Z,
                     deltaT: 52000 } },
               vote_phase_end:
                { Type: 307,
                  VotesFor: [],
                  VotesAgainst: [ 0, 1, 2, 3, 4 ],
                  Passed: false,
                  timestamp: 2020-05-11T05:42:58.000Z,
                  deltaT: 52000,
                  chatIndex: 196 } },
             { Type: 304,
               Player: 0,
               NextPlayer: 1,
               Amount: 2,
               Duration: 60000,
               Mission: 3,
               timestamp: 2020-05-11T05:44:51.000Z,
               propNumber: 3,
               Proposer: 0,
               SelectedTeam: [],
               Passed: true,
               deltaT: 3000,
               chatIndex: 221 },
             { Type: 304,
               Player: 0,
               NextPlayer: 1,
               Amount: 2,
               Duration: 60000,
               Mission: 3,
               timestamp: 2020-05-11T05:45:24.000Z,
               propNumber: 3,
               Proposer: 0,
               SelectedTeam: [],
               Passed: true,
               deltaT: 3000,
               chatIndex: 227 },
             { Type: 304,
               Player: 0,
               NextPlayer: 1,
               Amount: 2,
               Duration: 60000,
               Mission: 3,
               timestamp: 2020-05-11T05:46:29.000Z,
               propNumber: 3,
               Proposer: 0,
               SelectedTeam: [],
               Passed: true,
               deltaT: 2000,
               chatIndex: 250 },
             { Type: 304,
               Player: 0,
               NextPlayer: 1,
               Amount: 2,
               Duration: 60000,
               Mission: 3,
               timestamp: 2020-05-11T05:49:06.000Z,
               propNumber: 5,
               Proposer: 0,
               SelectedTeam: [ 0, 3 ],
               Passed: false,
               deltaT: 2000,
               chatIndex: 301,
               vote_phase_start:
                { Type: 306,
                  Proposer: 0,
                  Players: [ 0, 3 ],
                  Duration: 60000,
                  timestamp: 2020-05-11T05:49:06.000Z },
               vote_made:
                { '0':
                   { Type: 309,
                     Slot: 0,
                     timestamp: 2020-05-11T05:49:07.000Z,
                     deltaT: 1000 },
                  '1':
                   { Type: 309,
                     Slot: 1,
                     timestamp: 2020-05-11T05:49:11.000Z,
                     deltaT: 5000 },
                  '2':
                   { Type: 309,
                     Slot: 2,
                     timestamp: 2020-05-11T05:49:25.000Z,
                     deltaT: 19000 },
                  '3':
                   { Type: 309,
                     Slot: 3,
                     timestamp: 2020-05-11T05:49:29.000Z,
                     deltaT: 23000 },
                  '4':
                   { Type: 309,
                     Slot: 4,
                     timestamp: 2020-05-11T05:49:25.000Z,
                     deltaT: 19000 } },
               vote_phase_end:
                { Type: 307,
                  VotesFor: [ 0, 1, 2 ],
                  VotesAgainst: [ 4, 3 ],
                  Passed: true,
                  timestamp: 2020-05-11T05:49:29.000Z,
                  deltaT: 23000,
                  chatIndex: 312 } } ] } },
    chat:
     [ { Type: 205,
         Message: 'oh thank god',
         Slot: 0,
         index: 0,
         timestamp: 2020-05-11T05:28:21.000Z },
       { Type: 205,
         Message: 'im agent',
         Slot: 0,
         index: 1,
         timestamp: 2020-05-11T05:28:22.000Z },
       { Type: 205,
         Message: 'hacker sucks',
         Slot: 0,
         index: 2,
         timestamp: 2020-05-11T05:28:24.000Z },
       { Type: 205,
         Message: 'Hello!',
         Slot: 4,
         index: 3,
         timestamp: 2020-05-11T05:28:25.000Z },
       { Type: 205,
         Message: 'harry do u know my role',
         Slot: 3,
         index: 4,
         timestamp: 2020-05-11T05:28:37.000Z },
       { Type: 205,
         Message: 'midnight sucks <sprite name="emoji_tongue">',
         Slot: 2,
         index: 5,
         timestamp: 2020-05-11T05:28:37.000Z },
       { Type: 205,
         Message: 'no',
         Slot: 0,
         index: 6,
         timestamp: 2020-05-11T05:28:39.000Z },
       { Type: 205,
         Message: '<sprite name="emoji_tongue">',
         Slot: 1,
         index: 7,
         timestamp: 2020-05-11T05:28:43.000Z },
       { Type: 205,
         Message: 'u really dont?',
         Slot: 3,
         index: 8,
         timestamp: 2020-05-11T05:28:47.000Z },
       { Type: 205,
         Message: 'come on',
         Slot: 3,
         index: 9,
         timestamp: 2020-05-11T05:28:50.000Z },
       { Type: 205,
         Message: 'agent',
         Slot: 0,
         index: 10,
         timestamp: 2020-05-11T05:28:56.000Z },
       { Type: 205,
         Message: '<sprite name="emoji_surprised">',
         Slot: 3,
         index: 11,
         timestamp: 2020-05-11T05:29:00.000Z },
       { Type: 205,
         Message: 'am i right',
         Slot: 0,
         index: 12,
         timestamp: 2020-05-11T05:29:04.000Z },
       { Type: 205,
         Message: 'well the hacker list is in the top left corner harry right',
         Slot: 3,
         index: 13,
         timestamp: 2020-05-11T05:29:14.000Z },
       { Type: 205,
         Message: 'so u would know',
         Slot: 3,
         index: 14,
         timestamp: 2020-05-11T05:29:19.000Z },
       { Type: 205,
         Message: 'for me its the top right?',
         Slot: 0,
         index: 15,
         timestamp: 2020-05-11T05:29:23.000Z },
       { Type: 205,
         Message: '<sprite name="emoji_tongue">',
         Slot: 1,
         index: 16,
         timestamp: 2020-05-11T05:29:29.000Z },
       { Type: 205,
         Message: 'oh wait im playing in a mirror rn',
         Slot: 0,
         index: 17,
         timestamp: 2020-05-11T05:29:29.000Z },
       { Type: 205,
         Message: 'i thought it was in the middle',
         Slot: 2,
         index: 18,
         timestamp: 2020-05-11T05:29:29.000Z },
       { Type: 205,
         Message: 'under the timer',
         Slot: 2,
         index: 19,
         timestamp: 2020-05-11T05:29:31.000Z },
       { Type: 205,
         Message: 'really?',
         Slot: 3,
         index: 20,
         timestamp: 2020-05-11T05:29:35.000Z },
       { Type: 205,
         Message: 'no',
         Slot: 0,
         index: 21,
         timestamp: 2020-05-11T05:29:38.000Z },
       { Type: 205,
         Message: 'No bro I can see it on my screen',
         Slot: 4,
         index: 22,
         timestamp: 2020-05-11T05:29:48.000Z },
       { Type: 205,
         Message: 'Its top left',
         Slot: 4,
         index: 23,
         timestamp: 2020-05-11T05:29:52.000Z },
       { Type: 205,
         Message: 'three people picked logan you know what that means?',
         Slot: 1,
         index: 24,
         timestamp: 2020-05-11T05:29:54.000Z },
       { Type: 205,
         Message: 'hes about ot get framed',
         Slot: 0,
         index: 25,
         timestamp: 2020-05-11T05:30:01.000Z },
       { Type: 205,
         Message: 'tell us bogdan',
         Slot: 3,
         index: 26,
         timestamp: 2020-05-11T05:30:06.000Z },
       { Type: 205,
         Message: 'one hacker picked him if kusrt or logan arent both hackers',
         Slot: 1,
         index: 27,
         timestamp: 2020-05-11T05:30:26.000Z },
       { Type: 205,
         Message: 'kurt prop me and hack',
         Slot: 3,
         index: 28,
         timestamp: 2020-05-11T05:30:30.000Z },
       { Type: 205,
         Message: 'it means admin picked him so he\'s agent',
         Slot: 2,
         index: 29,
         timestamp: 2020-05-11T05:30:30.000Z },
       { Type: 205,
         Message: 'aight bet',
         Slot: 4,
         index: 30,
         timestamp: 2020-05-11T05:30:38.000Z },
       { Type: 205,
         Message: '<sprite name="emoji_hammer">',
         Slot: 4,
         index: 31,
         timestamp: 2020-05-11T05:30:44.000Z },
       { Type: 205,
         Message: 'nice',
         Slot: 0,
         index: 32,
         timestamp: 2020-05-11T05:30:46.000Z },
       { Type: 205,
         Message: 'im hacking',
         Slot: 3,
         index: 33,
         timestamp: 2020-05-11T05:30:48.000Z },
       { Type: 205,
         Message: 'nice',
         Slot: 0,
         index: 34,
         timestamp: 2020-05-11T05:30:59.000Z },
       { Type: 205,
         Message: 'oh *!$# you',
         Slot: 4,
         index: 35,
         timestamp: 2020-05-11T05:31:01.000Z },
       { Type: 205,
         Message: 'ur not afraid of me kurt',
         Slot: 3,
         index: 36,
         timestamp: 2020-05-11T05:31:03.000Z },
       { Type: 205,
         Message: 'im actually glad that got hacked',
         Slot: 2,
         index: 37,
         timestamp: 2020-05-11T05:31:09.000Z },
       { Type: 205,
         Message: 'Me too',
         Slot: 3,
         index: 38,
         timestamp: 2020-05-11T05:31:16.000Z },
       { Type: 205,
         Message: 'I didnt think youd try that tbh',
         Slot: 4,
         index: 39,
         timestamp: 2020-05-11T05:31:30.000Z },
       { Type: 205,
         Message: 'wp',
         Slot: 4,
         index: 40,
         timestamp: 2020-05-11T05:31:33.000Z },
       { Type: 205,
         Message: 'lmao so fake',
         Slot: 3,
         index: 41,
         timestamp: 2020-05-11T05:31:36.000Z },
       { Type: 205,
         Message: 'fake enough for me to believe it',
         Slot: 0,
         index: 42,
         timestamp: 2020-05-11T05:31:44.000Z },
       { Type: 205,
         Message: '????',
         Slot: 3,
         index: 43,
         timestamp: 2020-05-11T05:31:48.000Z },
       { Type: 205,
         Message: 'harry what',
         Slot: 2,
         index: 44,
         timestamp: 2020-05-11T05:31:51.000Z },
       { Type: 205,
         Message: 'dude',
         Slot: 3,
         index: 45,
         timestamp: 2020-05-11T05:31:54.000Z },
       { Type: 205,
         Message: 'oh harry boo',
         Slot: 1,
         index: 46,
         timestamp: 2020-05-11T05:31:55.000Z },
       { Type: 205,
         Message: 'Leaving hammer was a mistake',
         Slot: 4,
         index: 47,
         timestamp: 2020-05-11T05:31:59.000Z },
       { Type: 205,
         Message: 'its fine',
         Slot: 0,
         index: 48,
         timestamp: 2020-05-11T05:32:04.000Z },
       { Type: 205,
         Message: 'That should have been a pass',
         Slot: 4,
         index: 49,
         timestamp: 2020-05-11T05:32:05.000Z },
       { Type: 205,
         Message: 'let me ask the big question',
         Slot: 2,
         index: 50,
         timestamp: 2020-05-11T05:32:08.000Z },
       { Type: 205,
         Message: 'not',
         Slot: 3,
         index: 51,
         timestamp: 2020-05-11T05:32:10.000Z },
       { Type: 205,
         Message: 'others will pass',
         Slot: 0,
         index: 52,
         timestamp: 2020-05-11T05:32:10.000Z },
       { Type: 205,
         Message: 'kurt',
         Slot: 3,
         index: 53,
         timestamp: 2020-05-11T05:32:12.000Z },
       { Type: 205,
         Message: 'do we think n1 double?',
         Slot: 2,
         index: 54,
         timestamp: 2020-05-11T05:32:12.000Z },
       { Type: 205,
         Message: 'harry not passing was smart',
         Slot: 3,
         index: 55,
         timestamp: 2020-05-11T05:32:17.000Z },
       { Type: 205,
         Message: 'i know',
         Slot: 0,
         index: 56,
         timestamp: 2020-05-11T05:32:22.000Z },
       { Type: 205,
         Message:
          'because then if no one else passes, logan will for sure pass and give me hammer',
         Slot: 0,
         index: 57,
         timestamp: 2020-05-11T05:32:31.000Z },
       { Type: 205,
         Message:
          'i dont think we should do anti at all figure it out n3 based on n2',
         Slot: 1,
         index: 58,
         timestamp: 2020-05-11T05:32:33.000Z },
       { Type: 205,
         Message: '^',
         Slot: 3,
         index: 59,
         timestamp: 2020-05-11T05:32:36.000Z },
       { Type: 205,
         Message: 'i dont want to do anti as of now',
         Slot: 2,
         index: 60,
         timestamp: 2020-05-11T05:32:39.000Z },
       { Type: 205,
         Message: 'but it is a very viable possibility',
         Slot: 2,
         index: 61,
         timestamp: 2020-05-11T05:32:45.000Z },
       { Type: 205,
         Message: 'again',
         Slot: 3,
         index: 62,
         timestamp: 2020-05-11T05:32:51.000Z },
       { Type: 205,
         Message: 'Logan didnt say anything about the lack of pass',
         Slot: 4,
         index: 63,
         timestamp: 2020-05-11T05:32:52.000Z },
       { Type: 205,
         Message: 'please read what kurt said',
         Slot: 3,
         index: 64,
         timestamp: 2020-05-11T05:32:54.000Z },
       { Type: 205,
         Message: 'above',
         Slot: 3,
         index: 65,
         timestamp: 2020-05-11T05:32:54.000Z },
       { Type: 205,
         Message: 'and tell me it doesnt give u some grasp',
         Slot: 3,
         index: 66,
         timestamp: 2020-05-11T05:33:00.000Z },
       { Type: 205,
         Message: 'in fact they said it was good?',
         Slot: 4,
         index: 67,
         timestamp: 2020-05-11T05:33:00.000Z },
       { Type: 205,
         Message: 'and i think harry is agent',
         Slot: 3,
         index: 68,
         timestamp: 2020-05-11T05:33:08.000Z },
       { Type: 205,
         Message: 'if only one of us is in n2 appa i like that for n3',
         Slot: 1,
         index: 69,
         timestamp: 2020-05-11T05:33:11.000Z },
       { Type: 205,
         Message:
          'because of \'\'enough for me\'\' , he would have made it too obvious if it was top as hackers',
         Slot: 3,
         index: 70,
         timestamp: 2020-05-11T05:33:22.000Z },
       { Type: 205,
         Message: 'i dont like kurt\'s reaction as soon as the node ended',
         Slot: 2,
         index: 71,
         timestamp: 2020-05-11T05:33:35.000Z },
       { Type: 205,
         Message: 'no ones gonna pass off of harry?',
         Slot: 1,
         index: 72,
         timestamp: 2020-05-11T05:33:39.000Z },
       { Type: 205,
         Message: 'but i also dont like logan\'s response to it',
         Slot: 2,
         index: 73,
         timestamp: 2020-05-11T05:33:40.000Z },
       { Type: 205,
         Message: 'i did',
         Slot: 2,
         index: 74,
         timestamp: 2020-05-11T05:33:45.000Z },
       { Type: 205,
         Message: 'someone already did',
         Slot: 0,
         index: 75,
         timestamp: 2020-05-11T05:33:45.000Z },
       { Type: 205,
         Message: 'it\'s on you',
         Slot: 2,
         index: 76,
         timestamp: 2020-05-11T05:33:47.000Z },
       { Type: 205,
         Message: 'oh ty',
         Slot: 1,
         index: 77,
         timestamp: 2020-05-11T05:33:52.000Z },
       { Type: 205,
         Message:
          'It doesnt matter how you look at it, no one should think that not passing there by Harry was a good play',
         Slot: 4,
         index: 78,
         timestamp: 2020-05-11T05:33:55.000Z },
       { Type: 205,
         Message: 'i more did it for time',
         Slot: 2,
         index: 79,
         timestamp: 2020-05-11T05:33:57.000Z },
       { Type: 205,
         Message: 'especially if you were in a hacked N1',
         Slot: 4,
         index: 80,
         timestamp: 2020-05-11T05:34:03.000Z },
       { Type: 205,
         Message: 'oh boo',
         Slot: 1,
         index: 81,
         timestamp: 2020-05-11T05:34:03.000Z },
       { Type: 205,
         Message: 'either way im pretty sure this is winning',
         Slot: 3,
         index: 82,
         timestamp: 2020-05-11T05:34:04.000Z },
       { Type: 205,
         Message: 'what was wrong with it',
         Slot: 0,
         index: 83,
         timestamp: 2020-05-11T05:34:05.000Z },
       { Type: 205,
         Message: 'well it\'s good for testing double honestly',
         Slot: 2,
         index: 84,
         timestamp: 2020-05-11T05:34:07.000Z },
       { Type: 205,
         Message: 'and the hammer would be on the other in N1',
         Slot: 4,
         index: 85,
         timestamp: 2020-05-11T05:34:10.000Z },
       { Type: 205,
         Message: 'not passing',
         Slot: 2,
         index: 86,
         timestamp: 2020-05-11T05:34:13.000Z },
       { Type: 205,
         Message: 'and why did appa pass off me',
         Slot: 0,
         index: 87,
         timestamp: 2020-05-11T05:34:18.000Z },
       { Type: 205,
         Message: 'if you dont pass, you see who passes later',
         Slot: 2,
         index: 88,
         timestamp: 2020-05-11T05:34:20.000Z },
       { Type: 205,
         Message: 'its good for testing if people are above level 10',
         Slot: 3,
         index: 89,
         timestamp: 2020-05-11T05:34:26.000Z },
       { Type: 205,
         Message: 'harry i just said i did it more for time to think',
         Slot: 2,
         index: 90,
         timestamp: 2020-05-11T05:34:27.000Z },
       { Type: 205,
         Message: 'thanks',
         Slot: 0,
         index: 91,
         timestamp: 2020-05-11T05:34:32.000Z },
       { Type: 205,
         Message: 'i dont have reads on either of you over the other',
         Slot: 2,
         index: 92,
         timestamp: 2020-05-11T05:34:33.000Z },
       { Type: 205,
         Message: 'u dont have reads on kurt?',
         Slot: 3,
         index: 93,
         timestamp: 2020-05-11T05:34:39.000Z },
       { Type: 205,
         Message: 'logan i said between harry and bogdan',
         Slot: 2,
         index: 94,
         timestamp: 2020-05-11T05:34:46.000Z },
       { Type: 205,
         Message: 'he didnt pass thats a read',
         Slot: 1,
         index: 95,
         timestamp: 2020-05-11T05:34:47.000Z },
       { Type: 205,
         Message: 'yes',
         Slot: 2,
         index: 96,
         timestamp: 2020-05-11T05:34:52.000Z },
       { Type: 205,
         Message: 'what reads fo u have on me',
         Slot: 3,
         index: 97,
         timestamp: 2020-05-11T05:34:54.000Z },
       { Type: 205,
         Message: 'then',
         Slot: 3,
         index: 98,
         timestamp: 2020-05-11T05:34:56.000Z },
       { Type: 205,
         Message:
          'What Logan was saying gives him away honestly but I dont want to dwell on it and cause chaos',
         Slot: 4,
         index: 99,
         timestamp: 2020-05-11T05:35:01.000Z },
       ... 213 more items ],
    missions:
     { '1':
        { mission_phase_start:
           { Type: 310,
             Mission: 1,
             Players: [ 3, 4 ],
             Duration: 15000,
             timestamp: 2020-05-11T05:30:50.000Z },
          mission_phase_end:
           { Type: 311,
             Mission: 1,
             Failed: true,
             NumHacks: 1,
             Proposer: 4,
             timestamp: 2020-05-11T05:30:52.000Z,
             deltaT: 2000,
             propNumber: 5,
             chatIndex: 34 } },
       '2':
        { mission_phase_start:
           { Type: 310,
             Mission: 2,
             Players: [ 1, 2, 3 ],
             Duration: 15000,
             timestamp: 2020-05-11T05:39:22.000Z },
          mission_phase_end:
           { Type: 311,
             Mission: 2,
             Failed: true,
             NumHacks: 1,
             Proposer: 1,
             timestamp: 2020-05-11T05:39:25.000Z,
             deltaT: 3000,
             propNumber: 5,
             chatIndex: 160 } },
       '3':
        { mission_phase_start:
           { Type: 310,
             Mission: 3,
             Players: [ 0, 3 ],
             Duration: 15000,
             timestamp: 2020-05-11T05:49:34.000Z },
          mission_phase_end:
           { Type: 311,
             Mission: 3,
             Failed: true,
             NumHacks: 1,
             Proposer: 0,
             timestamp: 2020-05-11T05:49:36.000Z,
             deltaT: 2000,
             propNumber: 5,
             chatIndex: 313 } } },
    game_end:
     { Type: 203,
       Hacked: true,
       Hackers: [ 3, 4 ],
       Canceled: false,
       Roles:
        [ { Slot: 0, Role: 10 },
          { Slot: 1, Role: 10 },
          { Slot: 2, Role: 10 },
          { Slot: 3, Role: 20 },
          { Slot: 4, Role: 20 } ],
       Timeout: 360000,
       PlayerIdentities:
        [ { Slot: 0,
            Nickname: 'Philliedips',
            Steamid: '76561198189712506',
            Level: 30 },
          { Slot: 1,
            Nickname: 'joshua.cunningham',
            Steamid: '76561198814206069',
            Level: 30 },
          { Slot: 2,
            Nickname: 'naseem_1378',
            Steamid: '76561198799350618',
            Level: 30 },
          { Slot: 3,
            Nickname: 'arsynal',
            Steamid: '76561198153071747',
            Level: 30 },
          { Slot: 4,
            Nickname: 'LK',
            Steamid: '76561198207913199',
            Level: 30 } ],
       AfterGameLobby: 'c-1e814g05q',
       timestamp: 2020-05-11T05:49:36.000Z } } ]